2020-04-13 20:34:35.175 |-INFO  [main] com.ai.api.Application [50] -| Starting Application on OldFaceLee.local with PID 26011 (/Users/macos/Desktop/OldFace/study/api-auto-test/target/classes started by macos in /Users/macos/Desktop/OldFace/study/api-auto-test)
2020-04-13 20:34:35.182 |-INFO  [main] com.ai.api.Application [654] -| No active profile set, falling back to default profiles: default
2020-04-13 20:34:35.391 |-INFO  [main] org.springframework.context.annotation.AnnotationConfigApplicationContext [588] -| Refreshing org.springframework.context.annotation.AnnotationConfigApplicationContext@62379589: startup date [Mon Apr 13 20:34:35 CST 2020]; root of context hierarchy
2020-04-13 20:34:36.230 |-INFO  [main] org.springframework.beans.factory.annotation.AutowiredAnnotationBeanPostProcessor [153] -| JSR-330 'javax.inject.Inject' annotation found and supported for autowiring
2020-04-13 20:34:36.514 |-INFO  [main] org.springframework.jmx.export.annotation.AnnotationMBeanExporter [433] -| Registering beans for JMX exposure on startup
2020-04-13 20:34:36.534 |-INFO  [main] com.ai.api.Application [59] -| Started Application in 2.446 seconds (JVM running for 4.226)
2020-04-13 20:34:36.539 |-INFO  [Thread-8] org.springframework.context.annotation.AnnotationConfigApplicationContext [991] -| Closing org.springframework.context.annotation.AnnotationConfigApplicationContext@62379589: startup date [Mon Apr 13 20:34:35 CST 2020]; root of context hierarchy
2020-04-13 20:34:36.542 |-INFO  [Thread-8] org.springframework.jmx.export.annotation.AnnotationMBeanExporter [451] -| Unregistering JMX-exposed beans on shutdown
2020-04-13 21:31:22.555 |-INFO  [main] com.ai.api.testsuite.TestSuite [50] -| Starting TestSuite on OldFaceLee.local with PID 26343 (/Users/macos/Desktop/OldFace/study/api-auto-test/target/classes started by macos in /Users/macos/Desktop/OldFace/study/api-auto-test)
2020-04-13 21:31:22.558 |-INFO  [main] com.ai.api.testsuite.TestSuite [654] -| No active profile set, falling back to default profiles: default
2020-04-13 21:31:22.588 |-INFO  [main] org.springframework.context.annotation.AnnotationConfigApplicationContext [588] -| Refreshing org.springframework.context.annotation.AnnotationConfigApplicationContext@3fa247d1: startup date [Mon Apr 13 21:31:22 CST 2020]; root of context hierarchy
2020-04-13 21:31:23.556 |-INFO  [main] org.springframework.beans.factory.annotation.AutowiredAnnotationBeanPostProcessor [153] -| JSR-330 'javax.inject.Inject' annotation found and supported for autowiring
2020-04-13 21:31:23.924 |-INFO  [main] com.ai.api.testsuite.TestSuite [59] -| Started TestSuite in 3.084 seconds (JVM running for 6.555)
2020-04-13 21:31:23.996 |-INFO  [Thread-2] org.springframework.context.annotation.AnnotationConfigApplicationContext [991] -| Closing org.springframework.context.annotation.AnnotationConfigApplicationContext@3fa247d1: startup date [Mon Apr 13 21:31:22 CST 2020]; root of context hierarchy
2020-04-13 21:32:54.745 |-INFO  [main] com.ai.api.testsuite.TestSuite [50] -| Starting TestSuite on OldFaceLee.local with PID 26353 (/Users/macos/Desktop/OldFace/study/api-auto-test/target/classes started by macos in /Users/macos/Desktop/OldFace/study/api-auto-test)
2020-04-13 21:32:54.749 |-INFO  [main] com.ai.api.testsuite.TestSuite [654] -| No active profile set, falling back to default profiles: default
2020-04-13 21:32:54.768 |-INFO  [main] org.springframework.context.annotation.AnnotationConfigApplicationContext [588] -| Refreshing org.springframework.context.annotation.AnnotationConfigApplicationContext@5f0fd5a0: startup date [Mon Apr 13 21:32:54 CST 2020]; root of context hierarchy
2020-04-13 21:32:55.378 |-INFO  [main] org.springframework.beans.factory.annotation.AutowiredAnnotationBeanPostProcessor [153] -| JSR-330 'javax.inject.Inject' annotation found and supported for autowiring
2020-04-13 21:32:55.617 |-INFO  [main] com.ai.api.testsuite.TestSuite [59] -| Started TestSuite in 1.784 seconds (JVM running for 4.048)
2020-04-13 21:32:55.642 |-INFO  [Thread-2] org.springframework.context.annotation.AnnotationConfigApplicationContext [991] -| Closing org.springframework.context.annotation.AnnotationConfigApplicationContext@5f0fd5a0: startup date [Mon Apr 13 21:32:54 CST 2020]; root of context hierarchy
2020-04-13 21:34:35.826 |-INFO  [main] com.ai.api.testsuite.TestSuite [50] -| Starting TestSuite on OldFaceLee.local with PID 26360 (/Users/macos/Desktop/OldFace/study/api-auto-test/target/classes started by macos in /Users/macos/Desktop/OldFace/study/api-auto-test)
2020-04-13 21:34:35.830 |-INFO  [main] com.ai.api.testsuite.TestSuite [654] -| No active profile set, falling back to default profiles: default
2020-04-13 21:34:35.847 |-INFO  [main] org.springframework.context.annotation.AnnotationConfigApplicationContext [588] -| Refreshing org.springframework.context.annotation.AnnotationConfigApplicationContext@5f0fd5a0: startup date [Mon Apr 13 21:34:35 CST 2020]; root of context hierarchy
2020-04-13 21:34:36.550 |-INFO  [main] org.springframework.beans.factory.annotation.AutowiredAnnotationBeanPostProcessor [153] -| JSR-330 'javax.inject.Inject' annotation found and supported for autowiring
2020-04-13 21:34:36.902 |-INFO  [main] com.ai.api.testsuite.TestSuite [59] -| Started TestSuite in 2.257 seconds (JVM running for 4.324)
2020-04-13 21:34:36.946 |-INFO  [Thread-2] org.springframework.context.annotation.AnnotationConfigApplicationContext [991] -| Closing org.springframework.context.annotation.AnnotationConfigApplicationContext@5f0fd5a0: startup date [Mon Apr 13 21:34:35 CST 2020]; root of context hierarchy
2020-04-13 21:36:25.313 |-INFO  [main] com.ai.api.testsuite.TestSuite [50] -| Starting TestSuite on OldFaceLee.local with PID 26371 (/Users/macos/Desktop/OldFace/study/api-auto-test/target/classes started by macos in /Users/macos/Desktop/OldFace/study/api-auto-test)
2020-04-13 21:36:25.317 |-INFO  [main] com.ai.api.testsuite.TestSuite [654] -| No active profile set, falling back to default profiles: default
2020-04-13 21:36:25.341 |-INFO  [main] org.springframework.context.annotation.AnnotationConfigApplicationContext [588] -| Refreshing org.springframework.context.annotation.AnnotationConfigApplicationContext@3fa247d1: startup date [Mon Apr 13 21:36:25 CST 2020]; root of context hierarchy
2020-04-13 21:36:26.200 |-INFO  [main] org.springframework.beans.factory.annotation.AutowiredAnnotationBeanPostProcessor [153] -| JSR-330 'javax.inject.Inject' annotation found and supported for autowiring
2020-04-13 21:36:26.526 |-INFO  [main] com.ai.api.testsuite.TestSuite [59] -| Started TestSuite in 2.053 seconds (JVM running for 4.382)
2020-04-13 21:36:26.610 |-INFO  [Thread-2] org.springframework.context.annotation.AnnotationConfigApplicationContext [991] -| Closing org.springframework.context.annotation.AnnotationConfigApplicationContext@3fa247d1: startup date [Mon Apr 13 21:36:25 CST 2020]; root of context hierarchy
2020-04-13 21:38:25.427 |-INFO  [main] com.ai.api.testsuite.TestSuite [50] -| Starting TestSuite on OldFaceLee.local with PID 26378 (/Users/macos/Desktop/OldFace/study/api-auto-test/target/classes started by macos in /Users/macos/Desktop/OldFace/study/api-auto-test)
2020-04-13 21:38:25.430 |-INFO  [main] com.ai.api.testsuite.TestSuite [654] -| No active profile set, falling back to default profiles: default
2020-04-13 21:38:25.445 |-INFO  [main] org.springframework.context.annotation.AnnotationConfigApplicationContext [588] -| Refreshing org.springframework.context.annotation.AnnotationConfigApplicationContext@5f0fd5a0: startup date [Mon Apr 13 21:38:25 CST 2020]; root of context hierarchy
2020-04-13 21:38:26.066 |-INFO  [main] org.springframework.beans.factory.annotation.AutowiredAnnotationBeanPostProcessor [153] -| JSR-330 'javax.inject.Inject' annotation found and supported for autowiring
2020-04-13 21:38:26.343 |-INFO  [main] com.ai.api.testsuite.TestSuite [59] -| Started TestSuite in 2.762 seconds (JVM running for 4.825)
2020-04-13 21:38:26.430 |-INFO  [Thread-2] org.springframework.context.annotation.AnnotationConfigApplicationContext [991] -| Closing org.springframework.context.annotation.AnnotationConfigApplicationContext@5f0fd5a0: startup date [Mon Apr 13 21:38:25 CST 2020]; root of context hierarchy
2020-04-13 21:40:20.247 |-INFO  [main] com.ai.api.testsuite.TestSuite [50] -| Starting TestSuite on OldFaceLee.local with PID 26384 (/Users/macos/Desktop/OldFace/study/api-auto-test/target/classes started by macos in /Users/macos/Desktop/OldFace/study/api-auto-test)
2020-04-13 21:40:20.252 |-INFO  [main] com.ai.api.testsuite.TestSuite [654] -| No active profile set, falling back to default profiles: default
2020-04-13 21:40:20.273 |-INFO  [main] org.springframework.context.annotation.AnnotationConfigApplicationContext [588] -| Refreshing org.springframework.context.annotation.AnnotationConfigApplicationContext@6ea2bc93: startup date [Mon Apr 13 21:40:20 CST 2020]; root of context hierarchy
2020-04-13 21:40:21.072 |-INFO  [main] org.springframework.beans.factory.annotation.AutowiredAnnotationBeanPostProcessor [153] -| JSR-330 'javax.inject.Inject' annotation found and supported for autowiring
2020-04-13 21:40:21.437 |-INFO  [main] com.ai.api.testsuite.TestSuite [59] -| Started TestSuite in 2.097 seconds (JVM running for 4.341)
2020-04-13 21:40:21.459 |-ERROR [main] org.springframework.test.context.TestContextManager [250] -| Caught exception while allowing TestExecutionListener [org.springframework.test.context.support.DependencyInjectionTestExecutionListener@14cd1699] to prepare test instance [com.ai.api.testsuite.TestSuite@557caf28]
org.springframework.beans.factory.UnsatisfiedDependencyException: Error creating bean with name 'com.ai.api.testsuite.TestSuite': Unsatisfied dependency expressed through field 'tc01_test'; nested exception is org.springframework.beans.factory.NoSuchBeanDefinitionException: No qualifying bean of type 'com.ai.api.testcase.TC01_test' available: expected at least 1 bean which qualifies as autowire candidate. Dependency annotations: {@org.springframework.beans.factory.annotation.Autowired(required=true)}
	at org.springframework.beans.factory.annotation.AutowiredAnnotationBeanPostProcessor$AutowiredFieldElement.inject(AutowiredAnnotationBeanPostProcessor.java:584)
	at org.springframework.beans.factory.annotation.InjectionMetadata.inject(InjectionMetadata.java:90)
	at org.springframework.beans.factory.annotation.AutowiredAnnotationBeanPostProcessor.postProcessPropertyValues(AutowiredAnnotationBeanPostProcessor.java:370)
	at org.springframework.beans.factory.support.AbstractAutowireCapableBeanFactory.populateBean(AbstractAutowireCapableBeanFactory.java:1336)
	at org.springframework.beans.factory.support.AbstractAutowireCapableBeanFactory.autowireBeanProperties(AbstractAutowireCapableBeanFactory.java:393)
	at org.springframework.test.context.support.DependencyInjectionTestExecutionListener.injectDependencies(DependencyInjectionTestExecutionListener.java:118)
	at org.springframework.test.context.support.DependencyInjectionTestExecutionListener.prepareTestInstance(DependencyInjectionTestExecutionListener.java:83)
	at org.springframework.test.context.TestContextManager.prepareTestInstance(TestContextManager.java:246)
	at org.springframework.test.context.testng.AbstractTestNGSpringContextTests.springTestContextPrepareTestInstance(AbstractTestNGSpringContextTests.java:145)
	at sun.reflect.NativeMethodAccessorImpl.invoke0(Native Method)
	at sun.reflect.NativeMethodAccessorImpl.invoke(NativeMethodAccessorImpl.java:62)
	at sun.reflect.DelegatingMethodAccessorImpl.invoke(DelegatingMethodAccessorImpl.java:43)
	at java.lang.reflect.Method.invoke(Method.java:498)
	at org.testng.internal.MethodInvocationHelper.invokeMethod(MethodInvocationHelper.java:108)
	at org.testng.internal.Invoker.invokeConfigurationMethod(Invoker.java:523)
	at org.testng.internal.Invoker.invokeConfigurations(Invoker.java:224)
	at org.testng.internal.Invoker.invokeConfigurations(Invoker.java:146)
	at org.testng.internal.TestMethodWorker.invokeBeforeClassMethods(TestMethodWorker.java:166)
	at org.testng.internal.TestMethodWorker.run(TestMethodWorker.java:105)
	at org.testng.TestRunner.privateRun(TestRunner.java:744)
	at org.testng.TestRunner.run(TestRunner.java:602)
	at org.testng.SuiteRunner.runTest(SuiteRunner.java:380)
	at org.testng.SuiteRunner.runSequentially(SuiteRunner.java:375)
	at org.testng.SuiteRunner.privateRun(SuiteRunner.java:340)
	at org.testng.SuiteRunner.run(SuiteRunner.java:289)
	at org.testng.SuiteRunnerWorker.runSuite(SuiteRunnerWorker.java:52)
	at org.testng.SuiteRunnerWorker.run(SuiteRunnerWorker.java:86)
	at org.testng.TestNG.runSuitesSequentially(TestNG.java:1301)
	at org.testng.TestNG.runSuitesLocally(TestNG.java:1226)
	at org.testng.TestNG.runSuites(TestNG.java:1144)
	at org.testng.TestNG.run(TestNG.java:1115)
	at org.testng.IDEARemoteTestNG.run(IDEARemoteTestNG.java:73)
	at org.testng.RemoteTestNGStarter.main(RemoteTestNGStarter.java:123)
Caused by: org.springframework.beans.factory.NoSuchBeanDefinitionException: No qualifying bean of type 'com.ai.api.testcase.TC01_test' available: expected at least 1 bean which qualifies as autowire candidate. Dependency annotations: {@org.springframework.beans.factory.annotation.Autowired(required=true)}
	at org.springframework.beans.factory.support.DefaultListableBeanFactory.raiseNoMatchingBeanFound(DefaultListableBeanFactory.java:1506)
	at org.springframework.beans.factory.support.DefaultListableBeanFactory.doResolveDependency(DefaultListableBeanFactory.java:1101)
	at org.springframework.beans.factory.support.DefaultListableBeanFactory.resolveDependency(DefaultListableBeanFactory.java:1062)
	at org.springframework.beans.factory.annotation.AutowiredAnnotationBeanPostProcessor$AutowiredFieldElement.inject(AutowiredAnnotationBeanPostProcessor.java:581)
	... 32 common frames omitted
2020-04-13 21:40:21.511 |-INFO  [Thread-2] org.springframework.context.annotation.AnnotationConfigApplicationContext [991] -| Closing org.springframework.context.annotation.AnnotationConfigApplicationContext@6ea2bc93: startup date [Mon Apr 13 21:40:20 CST 2020]; root of context hierarchy
2020-04-13 21:41:30.331 |-INFO  [main] com.ai.api.testsuite.TestSuite [50] -| Starting TestSuite on OldFaceLee.local with PID 26395 (/Users/macos/Desktop/OldFace/study/api-auto-test/target/classes started by macos in /Users/macos/Desktop/OldFace/study/api-auto-test)
2020-04-13 21:41:30.337 |-INFO  [main] com.ai.api.testsuite.TestSuite [654] -| No active profile set, falling back to default profiles: default
2020-04-13 21:41:30.371 |-INFO  [main] org.springframework.context.annotation.AnnotationConfigApplicationContext [588] -| Refreshing org.springframework.context.annotation.AnnotationConfigApplicationContext@2a7ed1f: startup date [Mon Apr 13 21:41:30 CST 2020]; root of context hierarchy
2020-04-13 21:41:30.936 |-INFO  [main] org.springframework.beans.factory.annotation.AutowiredAnnotationBeanPostProcessor [153] -| JSR-330 'javax.inject.Inject' annotation found and supported for autowiring
2020-04-13 21:41:31.154 |-INFO  [main] com.ai.api.testsuite.TestSuite [59] -| Started TestSuite in 1.865 seconds (JVM running for 3.86)
2020-04-13 21:41:31.185 |-INFO  [Thread-2] org.springframework.context.annotation.AnnotationConfigApplicationContext [991] -| Closing org.springframework.context.annotation.AnnotationConfigApplicationContext@2a7ed1f: startup date [Mon Apr 13 21:41:30 CST 2020]; root of context hierarchy
2020-04-13 21:42:13.377 |-INFO  [main] com.ai.api.testsuite.TestSuite [50] -| Starting TestSuite on OldFaceLee.local with PID 26401 (/Users/macos/Desktop/OldFace/study/api-auto-test/target/classes started by macos in /Users/macos/Desktop/OldFace/study/api-auto-test)
2020-04-13 21:42:13.383 |-INFO  [main] com.ai.api.testsuite.TestSuite [654] -| No active profile set, falling back to default profiles: default
2020-04-13 21:42:13.413 |-INFO  [main] org.springframework.context.annotation.AnnotationConfigApplicationContext [588] -| Refreshing org.springframework.context.annotation.AnnotationConfigApplicationContext@5f0fd5a0: startup date [Mon Apr 13 21:42:13 CST 2020]; root of context hierarchy
2020-04-13 21:42:14.171 |-INFO  [main] org.springframework.beans.factory.annotation.AutowiredAnnotationBeanPostProcessor [153] -| JSR-330 'javax.inject.Inject' annotation found and supported for autowiring
2020-04-13 21:42:14.446 |-INFO  [main] com.ai.api.testsuite.TestSuite [59] -| Started TestSuite in 1.98 seconds (JVM running for 3.86)
2020-04-13 21:42:14.470 |-INFO  [Thread-2] org.springframework.context.annotation.AnnotationConfigApplicationContext [991] -| Closing org.springframework.context.annotation.AnnotationConfigApplicationContext@5f0fd5a0: startup date [Mon Apr 13 21:42:13 CST 2020]; root of context hierarchy
2020-04-13 21:42:44.801 |-INFO  [main] com.ai.api.testsuite.TestSuite [50] -| Starting TestSuite on OldFaceLee.local with PID 26407 (/Users/macos/Desktop/OldFace/study/api-auto-test/target/classes started by macos in /Users/macos/Desktop/OldFace/study/api-auto-test)
2020-04-13 21:42:44.805 |-INFO  [main] com.ai.api.testsuite.TestSuite [654] -| No active profile set, falling back to default profiles: default
2020-04-13 21:42:44.880 |-INFO  [main] org.springframework.context.annotation.AnnotationConfigApplicationContext [588] -| Refreshing org.springframework.context.annotation.AnnotationConfigApplicationContext@723e88f9: startup date [Mon Apr 13 21:42:44 CST 2020]; root of context hierarchy
2020-04-13 21:42:45.571 |-INFO  [main] org.springframework.beans.factory.annotation.AutowiredAnnotationBeanPostProcessor [153] -| JSR-330 'javax.inject.Inject' annotation found and supported for autowiring
2020-04-13 21:42:45.880 |-INFO  [main] com.ai.api.testsuite.TestSuite [59] -| Started TestSuite in 2.046 seconds (JVM running for 4.193)
2020-04-13 21:42:45.920 |-INFO  [Thread-2] org.springframework.context.annotation.AnnotationConfigApplicationContext [991] -| Closing org.springframework.context.annotation.AnnotationConfigApplicationContext@723e88f9: startup date [Mon Apr 13 21:42:44 CST 2020]; root of context hierarchy
2020-04-13 21:43:41.210 |-INFO  [main] com.ai.api.testsuite.TestSuite [50] -| Starting TestSuite on OldFaceLee.local with PID 26413 (/Users/macos/Desktop/OldFace/study/api-auto-test/target/classes started by macos in /Users/macos/Desktop/OldFace/study/api-auto-test)
2020-04-13 21:43:41.217 |-INFO  [main] com.ai.api.testsuite.TestSuite [654] -| No active profile set, falling back to default profiles: default
2020-04-13 21:43:41.377 |-INFO  [main] org.springframework.context.annotation.AnnotationConfigApplicationContext [588] -| Refreshing org.springframework.context.annotation.AnnotationConfigApplicationContext@5f0fd5a0: startup date [Mon Apr 13 21:43:41 CST 2020]; root of context hierarchy
2020-04-13 21:43:42.237 |-INFO  [main] org.springframework.beans.factory.annotation.AutowiredAnnotationBeanPostProcessor [153] -| JSR-330 'javax.inject.Inject' annotation found and supported for autowiring
2020-04-13 21:43:42.556 |-INFO  [main] com.ai.api.testsuite.TestSuite [59] -| Started TestSuite in 2.237 seconds (JVM running for 4.325)
2020-04-13 21:43:43.714 |-INFO  [Thread-2] org.springframework.context.annotation.AnnotationConfigApplicationContext [991] -| Closing org.springframework.context.annotation.AnnotationConfigApplicationContext@5f0fd5a0: startup date [Mon Apr 13 21:43:41 CST 2020]; root of context hierarchy
2020-04-13 21:46:50.536 |-INFO  [main] com.ai.api.testsuite.TestSuite [50] -| Starting TestSuite on OldFaceLee.local with PID 26427 (/Users/macos/Desktop/OldFace/study/api-auto-test/target/classes started by macos in /Users/macos/Desktop/OldFace/study/api-auto-test)
2020-04-13 21:46:50.544 |-INFO  [main] com.ai.api.testsuite.TestSuite [654] -| No active profile set, falling back to default profiles: default
2020-04-13 21:46:50.668 |-INFO  [main] org.springframework.context.annotation.AnnotationConfigApplicationContext [588] -| Refreshing org.springframework.context.annotation.AnnotationConfigApplicationContext@5f0fd5a0: startup date [Mon Apr 13 21:46:50 CST 2020]; root of context hierarchy
2020-04-13 21:46:51.407 |-INFO  [main] org.springframework.beans.factory.annotation.AutowiredAnnotationBeanPostProcessor [153] -| JSR-330 'javax.inject.Inject' annotation found and supported for autowiring
2020-04-13 21:46:51.756 |-INFO  [main] com.ai.api.testsuite.TestSuite [59] -| Started TestSuite in 2.27 seconds (JVM running for 4.444)
2020-04-13 21:46:52.867 |-INFO  [Thread-2] org.springframework.context.annotation.AnnotationConfigApplicationContext [991] -| Closing org.springframework.context.annotation.AnnotationConfigApplicationContext@5f0fd5a0: startup date [Mon Apr 13 21:46:50 CST 2020]; root of context hierarchy
2020-04-13 21:49:22.334 |-INFO  [main] com.ai.api.testsuite.TestSuite [50] -| Starting TestSuite on OldFaceLee.local with PID 26436 (/Users/macos/Desktop/OldFace/study/api-auto-test/target/classes started by macos in /Users/macos/Desktop/OldFace/study/api-auto-test)
2020-04-13 21:49:22.339 |-INFO  [main] com.ai.api.testsuite.TestSuite [654] -| No active profile set, falling back to default profiles: default
2020-04-13 21:49:22.370 |-INFO  [main] org.springframework.context.annotation.AnnotationConfigApplicationContext [588] -| Refreshing org.springframework.context.annotation.AnnotationConfigApplicationContext@5f0fd5a0: startup date [Mon Apr 13 21:49:22 CST 2020]; root of context hierarchy
2020-04-13 21:49:23.025 |-INFO  [main] org.springframework.beans.factory.annotation.AutowiredAnnotationBeanPostProcessor [153] -| JSR-330 'javax.inject.Inject' annotation found and supported for autowiring
2020-04-13 21:49:23.270 |-INFO  [main] com.ai.api.testsuite.TestSuite [59] -| Started TestSuite in 1.867 seconds (JVM running for 3.694)
2020-04-13 21:49:24.156 |-INFO  [Thread-2] org.springframework.context.annotation.AnnotationConfigApplicationContext [991] -| Closing org.springframework.context.annotation.AnnotationConfigApplicationContext@5f0fd5a0: startup date [Mon Apr 13 21:49:22 CST 2020]; root of context hierarchy
2020-04-13 21:49:59.132 |-INFO  [main] com.ai.api.testsuite.TestSuite [50] -| Starting TestSuite on OldFaceLee.local with PID 26441 (/Users/macos/Desktop/OldFace/study/api-auto-test/target/classes started by macos in /Users/macos/Desktop/OldFace/study/api-auto-test)
2020-04-13 21:49:59.140 |-INFO  [main] com.ai.api.testsuite.TestSuite [654] -| No active profile set, falling back to default profiles: default
2020-04-13 21:49:59.176 |-INFO  [main] org.springframework.context.annotation.AnnotationConfigApplicationContext [588] -| Refreshing org.springframework.context.annotation.AnnotationConfigApplicationContext@5f0fd5a0: startup date [Mon Apr 13 21:49:59 CST 2020]; root of context hierarchy
2020-04-13 21:49:59.870 |-INFO  [main] org.springframework.beans.factory.annotation.AutowiredAnnotationBeanPostProcessor [153] -| JSR-330 'javax.inject.Inject' annotation found and supported for autowiring
2020-04-13 21:50:00.158 |-INFO  [main] com.ai.api.testsuite.TestSuite [59] -| Started TestSuite in 2.022 seconds (JVM running for 4.058)
2020-04-13 21:50:01.214 |-INFO  [Thread-2] org.springframework.context.annotation.AnnotationConfigApplicationContext [991] -| Closing org.springframework.context.annotation.AnnotationConfigApplicationContext@5f0fd5a0: startup date [Mon Apr 13 21:49:59 CST 2020]; root of context hierarchy
2020-04-13 21:51:06.970 |-INFO  [main] com.ai.api.testsuite.TestSuite [50] -| Starting TestSuite on OldFaceLee.local with PID 26447 (/Users/macos/Desktop/OldFace/study/api-auto-test/target/classes started by macos in /Users/macos/Desktop/OldFace/study/api-auto-test)
2020-04-13 21:51:06.973 |-INFO  [main] com.ai.api.testsuite.TestSuite [654] -| No active profile set, falling back to default profiles: default
2020-04-13 21:51:06.989 |-INFO  [main] org.springframework.context.annotation.AnnotationConfigApplicationContext [588] -| Refreshing org.springframework.context.annotation.AnnotationConfigApplicationContext@6ea2bc93: startup date [Mon Apr 13 21:51:06 CST 2020]; root of context hierarchy
2020-04-13 21:51:07.617 |-INFO  [main] org.springframework.beans.factory.annotation.AutowiredAnnotationBeanPostProcessor [153] -| JSR-330 'javax.inject.Inject' annotation found and supported for autowiring
2020-04-13 21:51:07.881 |-INFO  [main] com.ai.api.testsuite.TestSuite [59] -| Started TestSuite in 1.85 seconds (JVM running for 3.742)
2020-04-13 21:51:08.845 |-INFO  [Thread-2] org.springframework.context.annotation.AnnotationConfigApplicationContext [991] -| Closing org.springframework.context.annotation.AnnotationConfigApplicationContext@6ea2bc93: startup date [Mon Apr 13 21:51:06 CST 2020]; root of context hierarchy
2020-04-13 22:15:23.678 |-INFO  [main] com.ai.api.testsuite.TestSuite [50] -| Starting TestSuite on OldFaceLee.local with PID 26488 (/Users/macos/Desktop/OldFace/study/api-auto-test/target/classes started by macos in /Users/macos/Desktop/OldFace/study/api-auto-test)
2020-04-13 22:15:23.685 |-INFO  [main] com.ai.api.testsuite.TestSuite [654] -| No active profile set, falling back to default profiles: default
2020-04-13 22:15:23.743 |-INFO  [main] org.springframework.context.annotation.AnnotationConfigApplicationContext [588] -| Refreshing org.springframework.context.annotation.AnnotationConfigApplicationContext@1deb2c43: startup date [Mon Apr 13 22:15:23 CST 2020]; root of context hierarchy
2020-04-13 22:15:24.666 |-INFO  [main] org.springframework.beans.factory.annotation.AutowiredAnnotationBeanPostProcessor [153] -| JSR-330 'javax.inject.Inject' annotation found and supported for autowiring
2020-04-13 22:15:25.117 |-INFO  [main] com.ai.api.testsuite.TestSuite [59] -| Started TestSuite in 2.962 seconds (JVM running for 6.306)
2020-04-13 22:17:25.364 |-INFO  [Thread-2] org.springframework.context.annotation.AnnotationConfigApplicationContext [991] -| Closing org.springframework.context.annotation.AnnotationConfigApplicationContext@1deb2c43: startup date [Mon Apr 13 22:15:23 CST 2020]; root of context hierarchy
2020-04-13 22:19:04.317 |-INFO  [main] com.ai.api.testsuite.TestSuite [50] -| Starting TestSuite on OldFaceLee.local with PID 26496 (/Users/macos/Desktop/OldFace/study/api-auto-test/target/classes started by macos in /Users/macos/Desktop/OldFace/study/api-auto-test)
2020-04-13 22:19:04.320 |-INFO  [main] com.ai.api.testsuite.TestSuite [654] -| No active profile set, falling back to default profiles: default
2020-04-13 22:19:04.376 |-INFO  [main] org.springframework.context.annotation.AnnotationConfigApplicationContext [588] -| Refreshing org.springframework.context.annotation.AnnotationConfigApplicationContext@6ea2bc93: startup date [Mon Apr 13 22:19:04 CST 2020]; root of context hierarchy
2020-04-13 22:19:05.140 |-INFO  [main] org.springframework.beans.factory.annotation.AutowiredAnnotationBeanPostProcessor [153] -| JSR-330 'javax.inject.Inject' annotation found and supported for autowiring
2020-04-13 22:19:05.402 |-INFO  [main] com.ai.api.testsuite.TestSuite [59] -| Started TestSuite in 2.126 seconds (JVM running for 4.189)
2020-04-13 22:19:06.532 |-INFO  [Thread-2] org.springframework.context.annotation.AnnotationConfigApplicationContext [991] -| Closing org.springframework.context.annotation.AnnotationConfigApplicationContext@6ea2bc93: startup date [Mon Apr 13 22:19:04 CST 2020]; root of context hierarchy
2020-04-13 22:21:31.028 |-INFO  [main] com.ai.api.testsuite.TestSuite [50] -| Starting TestSuite on OldFaceLee.local with PID 26509 (/Users/macos/Desktop/OldFace/study/api-auto-test/target/classes started by macos in /Users/macos/Desktop/OldFace/study/api-auto-test)
2020-04-13 22:21:31.032 |-INFO  [main] com.ai.api.testsuite.TestSuite [654] -| No active profile set, falling back to default profiles: default
2020-04-13 22:21:31.094 |-INFO  [main] org.springframework.context.annotation.AnnotationConfigApplicationContext [588] -| Refreshing org.springframework.context.annotation.AnnotationConfigApplicationContext@323e8306: startup date [Mon Apr 13 22:21:31 CST 2020]; root of context hierarchy
2020-04-13 22:21:32.015 |-INFO  [main] org.springframework.beans.factory.annotation.AutowiredAnnotationBeanPostProcessor [153] -| JSR-330 'javax.inject.Inject' annotation found and supported for autowiring
2020-04-13 22:21:32.385 |-INFO  [main] com.ai.api.testsuite.TestSuite [59] -| Started TestSuite in 2.476 seconds (JVM running for 6.768)
2020-04-13 22:23:19.608 |-INFO  [Thread-2] org.springframework.context.annotation.AnnotationConfigApplicationContext [991] -| Closing org.springframework.context.annotation.AnnotationConfigApplicationContext@323e8306: startup date [Mon Apr 13 22:21:31 CST 2020]; root of context hierarchy
2020-04-13 22:23:52.390 |-INFO  [main] com.ai.api.testsuite.TestSuite [50] -| Starting TestSuite on OldFaceLee.local with PID 26516 (/Users/macos/Desktop/OldFace/study/api-auto-test/target/classes started by macos in /Users/macos/Desktop/OldFace/study/api-auto-test)
2020-04-13 22:23:52.393 |-INFO  [main] com.ai.api.testsuite.TestSuite [654] -| No active profile set, falling back to default profiles: default
2020-04-13 22:23:52.411 |-INFO  [main] org.springframework.context.annotation.AnnotationConfigApplicationContext [588] -| Refreshing org.springframework.context.annotation.AnnotationConfigApplicationContext@6ea2bc93: startup date [Mon Apr 13 22:23:52 CST 2020]; root of context hierarchy
2020-04-13 22:23:53.160 |-INFO  [main] org.springframework.beans.factory.annotation.AutowiredAnnotationBeanPostProcessor [153] -| JSR-330 'javax.inject.Inject' annotation found and supported for autowiring
2020-04-13 22:23:53.480 |-INFO  [main] com.ai.api.testsuite.TestSuite [59] -| Started TestSuite in 2.068 seconds (JVM running for 4.213)
2020-04-13 22:23:54.483 |-INFO  [Thread-2] org.springframework.context.annotation.AnnotationConfigApplicationContext [991] -| Closing org.springframework.context.annotation.AnnotationConfigApplicationContext@6ea2bc93: startup date [Mon Apr 13 22:23:52 CST 2020]; root of context hierarchy
2020-04-13 22:25:27.983 |-INFO  [main] com.ai.api.testsuite.TestSuite [50] -| Starting TestSuite on OldFaceLee.local with PID 26523 (/Users/macos/Desktop/OldFace/study/api-auto-test/target/classes started by macos in /Users/macos/Desktop/OldFace/study/api-auto-test)
2020-04-13 22:25:27.986 |-INFO  [main] com.ai.api.testsuite.TestSuite [654] -| No active profile set, falling back to default profiles: default
2020-04-13 22:25:28.016 |-INFO  [main] org.springframework.context.annotation.AnnotationConfigApplicationContext [588] -| Refreshing org.springframework.context.annotation.AnnotationConfigApplicationContext@6ea2bc93: startup date [Mon Apr 13 22:25:28 CST 2020]; root of context hierarchy
2020-04-13 22:25:28.750 |-INFO  [main] org.springframework.beans.factory.annotation.AutowiredAnnotationBeanPostProcessor [153] -| JSR-330 'javax.inject.Inject' annotation found and supported for autowiring
2020-04-13 22:25:29.095 |-INFO  [main] com.ai.api.testsuite.TestSuite [59] -| Started TestSuite in 1.994 seconds (JVM running for 4.358)
2020-04-13 22:25:30.694 |-INFO  [Thread-2] org.springframework.context.annotation.AnnotationConfigApplicationContext [991] -| Closing org.springframework.context.annotation.AnnotationConfigApplicationContext@6ea2bc93: startup date [Mon Apr 13 22:25:28 CST 2020]; root of context hierarchy
2020-04-13 22:26:33.413 |-INFO  [main] com.ai.api.testsuite.TestSuite [50] -| Starting TestSuite on OldFaceLee.local with PID 26536 (/Users/macos/Desktop/OldFace/study/api-auto-test/target/classes started by macos in /Users/macos/Desktop/OldFace/study/api-auto-test)
2020-04-13 22:26:33.420 |-INFO  [main] com.ai.api.testsuite.TestSuite [654] -| No active profile set, falling back to default profiles: default
2020-04-13 22:26:33.461 |-INFO  [main] org.springframework.context.annotation.AnnotationConfigApplicationContext [588] -| Refreshing org.springframework.context.annotation.AnnotationConfigApplicationContext@6ea2bc93: startup date [Mon Apr 13 22:26:33 CST 2020]; root of context hierarchy
2020-04-13 22:26:34.342 |-INFO  [main] org.springframework.beans.factory.annotation.AutowiredAnnotationBeanPostProcessor [153] -| JSR-330 'javax.inject.Inject' annotation found and supported for autowiring
2020-04-13 22:26:34.692 |-INFO  [main] com.ai.api.testsuite.TestSuite [59] -| Started TestSuite in 2.817 seconds (JVM running for 4.806)
2020-04-13 22:26:35.695 |-INFO  [Thread-2] org.springframework.context.annotation.AnnotationConfigApplicationContext [991] -| Closing org.springframework.context.annotation.AnnotationConfigApplicationContext@6ea2bc93: startup date [Mon Apr 13 22:26:33 CST 2020]; root of context hierarchy
2020-04-13 22:28:03.931 |-INFO  [main] com.ai.api.testsuite.TestSuite [50] -| Starting TestSuite on OldFaceLee.local with PID 26543 (/Users/macos/Desktop/OldFace/study/api-auto-test/target/classes started by macos in /Users/macos/Desktop/OldFace/study/api-auto-test)
2020-04-13 22:28:03.938 |-INFO  [main] com.ai.api.testsuite.TestSuite [654] -| No active profile set, falling back to default profiles: default
2020-04-13 22:28:03.974 |-INFO  [main] org.springframework.context.annotation.AnnotationConfigApplicationContext [588] -| Refreshing org.springframework.context.annotation.AnnotationConfigApplicationContext@6ea2bc93: startup date [Mon Apr 13 22:28:03 CST 2020]; root of context hierarchy
2020-04-13 22:28:04.786 |-INFO  [main] org.springframework.beans.factory.annotation.AutowiredAnnotationBeanPostProcessor [153] -| JSR-330 'javax.inject.Inject' annotation found and supported for autowiring
2020-04-13 22:28:05.080 |-INFO  [main] com.ai.api.testsuite.TestSuite [59] -| Started TestSuite in 2.249 seconds (JVM running for 4.182)
2020-04-13 22:28:06.075 |-INFO  [Thread-2] org.springframework.context.annotation.AnnotationConfigApplicationContext [991] -| Closing org.springframework.context.annotation.AnnotationConfigApplicationContext@6ea2bc93: startup date [Mon Apr 13 22:28:03 CST 2020]; root of context hierarchy
2020-04-13 22:30:29.333 |-INFO  [main] com.ai.api.testsuite.TestSuite [50] -| Starting TestSuite on OldFaceLee.local with PID 26550 (/Users/macos/Desktop/OldFace/study/api-auto-test/target/classes started by macos in /Users/macos/Desktop/OldFace/study/api-auto-test)
2020-04-13 22:30:29.338 |-INFO  [main] com.ai.api.testsuite.TestSuite [654] -| No active profile set, falling back to default profiles: default
2020-04-13 22:30:29.368 |-INFO  [main] org.springframework.context.annotation.AnnotationConfigApplicationContext [588] -| Refreshing org.springframework.context.annotation.AnnotationConfigApplicationContext@6ea2bc93: startup date [Mon Apr 13 22:30:29 CST 2020]; root of context hierarchy
2020-04-13 22:30:30.165 |-INFO  [main] org.springframework.beans.factory.annotation.AutowiredAnnotationBeanPostProcessor [153] -| JSR-330 'javax.inject.Inject' annotation found and supported for autowiring
2020-04-13 22:30:30.415 |-INFO  [main] com.ai.api.testsuite.TestSuite [59] -| Started TestSuite in 2.205 seconds (JVM running for 4.083)
2020-04-13 22:30:31.583 |-INFO  [main] com.ai.api.testcase.TC01_test [33] -| 实际000000
2020-04-13 22:30:31.584 |-INFO  [main] com.ai.api.testcase.TC01_test [35] -| 期望000000
2020-04-13 22:30:31.593 |-INFO  [main] com.ai.api.testcase.TC01_test [33] -| 实际000000
2020-04-13 22:30:31.594 |-INFO  [main] com.ai.api.testcase.TC01_test [35] -| 期望000000
2020-04-13 22:30:31.600 |-INFO  [main] com.ai.api.testcase.TC01_test [33] -| 实际000000
2020-04-13 22:30:31.601 |-INFO  [main] com.ai.api.testcase.TC01_test [35] -| 期望000000
2020-04-13 22:30:31.633 |-INFO  [Thread-2] org.springframework.context.annotation.AnnotationConfigApplicationContext [991] -| Closing org.springframework.context.annotation.AnnotationConfigApplicationContext@6ea2bc93: startup date [Mon Apr 13 22:30:29 CST 2020]; root of context hierarchy
2020-04-13 22:31:43.921 |-INFO  [main] com.ai.api.testsuite.TestSuite [50] -| Starting TestSuite on OldFaceLee.local with PID 26562 (/Users/macos/Desktop/OldFace/study/api-auto-test/target/classes started by macos in /Users/macos/Desktop/OldFace/study/api-auto-test)
2020-04-13 22:31:43.924 |-INFO  [main] com.ai.api.testsuite.TestSuite [654] -| No active profile set, falling back to default profiles: default
2020-04-13 22:31:43.947 |-INFO  [main] org.springframework.context.annotation.AnnotationConfigApplicationContext [588] -| Refreshing org.springframework.context.annotation.AnnotationConfigApplicationContext@6ea2bc93: startup date [Mon Apr 13 22:31:43 CST 2020]; root of context hierarchy
2020-04-13 22:31:44.642 |-INFO  [main] org.springframework.beans.factory.annotation.AutowiredAnnotationBeanPostProcessor [153] -| JSR-330 'javax.inject.Inject' annotation found and supported for autowiring
2020-04-13 22:31:44.904 |-INFO  [main] com.ai.api.testsuite.TestSuite [59] -| Started TestSuite in 1.807 seconds (JVM running for 3.82)
2020-04-13 22:31:45.864 |-INFO  [main] com.ai.api.testcase.TC01_test [33] -| 实际000000
2020-04-13 22:31:45.865 |-INFO  [main] com.ai.api.testcase.TC01_test [35] -| 期望000000
2020-04-13 22:31:45.875 |-INFO  [main] com.ai.api.testcase.TC01_test [33] -| 实际000000
2020-04-13 22:31:45.876 |-INFO  [main] com.ai.api.testcase.TC01_test [35] -| 期望000000
2020-04-13 22:31:45.885 |-INFO  [main] com.ai.api.testcase.TC01_test [33] -| 实际000000
2020-04-13 22:31:45.886 |-INFO  [main] com.ai.api.testcase.TC01_test [35] -| 期望000000
2020-04-13 22:31:45.916 |-INFO  [Thread-2] org.springframework.context.annotation.AnnotationConfigApplicationContext [991] -| Closing org.springframework.context.annotation.AnnotationConfigApplicationContext@6ea2bc93: startup date [Mon Apr 13 22:31:43 CST 2020]; root of context hierarchy
2020-04-13 22:35:44.165 |-INFO  [main] com.ai.api.testsuite.TestSuite [50] -| Starting TestSuite on OldFaceLee.local with PID 26572 (/Users/macos/Desktop/OldFace/study/api-auto-test/target/classes started by macos in /Users/macos/Desktop/OldFace/study/api-auto-test)
2020-04-13 22:35:44.173 |-INFO  [main] com.ai.api.testsuite.TestSuite [654] -| No active profile set, falling back to default profiles: default
2020-04-13 22:35:44.203 |-INFO  [main] org.springframework.context.annotation.AnnotationConfigApplicationContext [588] -| Refreshing org.springframework.context.annotation.AnnotationConfigApplicationContext@6ea2bc93: startup date [Mon Apr 13 22:35:44 CST 2020]; root of context hierarchy
2020-04-13 22:35:44.959 |-INFO  [main] org.springframework.beans.factory.annotation.AutowiredAnnotationBeanPostProcessor [153] -| JSR-330 'javax.inject.Inject' annotation found and supported for autowiring
2020-04-13 22:35:45.252 |-INFO  [main] com.ai.api.testsuite.TestSuite [59] -| Started TestSuite in 2.142 seconds (JVM running for 4.072)
2020-04-13 22:35:46.051 |-INFO  [Thread-2] org.springframework.context.annotation.AnnotationConfigApplicationContext [991] -| Closing org.springframework.context.annotation.AnnotationConfigApplicationContext@6ea2bc93: startup date [Mon Apr 13 22:35:44 CST 2020]; root of context hierarchy
2020-04-13 22:36:00.448 |-INFO  [main] com.ai.api.testsuite.TestSuite [50] -| Starting TestSuite on OldFaceLee.local with PID 26577 (/Users/macos/Desktop/OldFace/study/api-auto-test/target/classes started by macos in /Users/macos/Desktop/OldFace/study/api-auto-test)
2020-04-13 22:36:00.456 |-INFO  [main] com.ai.api.testsuite.TestSuite [654] -| No active profile set, falling back to default profiles: default
2020-04-13 22:36:00.496 |-INFO  [main] org.springframework.context.annotation.AnnotationConfigApplicationContext [588] -| Refreshing org.springframework.context.annotation.AnnotationConfigApplicationContext@6ea2bc93: startup date [Mon Apr 13 22:36:00 CST 2020]; root of context hierarchy
2020-04-13 22:36:01.187 |-INFO  [main] org.springframework.beans.factory.annotation.AutowiredAnnotationBeanPostProcessor [153] -| JSR-330 'javax.inject.Inject' annotation found and supported for autowiring
2020-04-13 22:36:01.502 |-INFO  [main] com.ai.api.testsuite.TestSuite [59] -| Started TestSuite in 2.245 seconds (JVM running for 4.292)
2020-04-13 22:36:02.488 |-INFO  [main] com.ai.api.testcase.TC01_test [33] -| 实际000000
2020-04-13 22:36:02.489 |-INFO  [main] com.ai.api.testcase.TC01_test [35] -| 期望000000
2020-04-13 22:36:02.502 |-INFO  [main] com.ai.api.testcase.TC01_test [33] -| 实际000000
2020-04-13 22:36:02.506 |-INFO  [main] com.ai.api.testcase.TC01_test [35] -| 期望000000
2020-04-13 22:36:02.537 |-INFO  [main] com.ai.api.testcase.TC01_test [33] -| 实际000000
2020-04-13 22:36:02.539 |-INFO  [main] com.ai.api.testcase.TC01_test [35] -| 期望000000
2020-04-13 22:36:02.605 |-INFO  [Thread-2] org.springframework.context.annotation.AnnotationConfigApplicationContext [991] -| Closing org.springframework.context.annotation.AnnotationConfigApplicationContext@6ea2bc93: startup date [Mon Apr 13 22:36:00 CST 2020]; root of context hierarchy
2020-04-13 22:37:54.477 |-INFO  [main] com.ai.api.testsuite.TestSuite [50] -| Starting TestSuite on OldFaceLee.local with PID 26590 (/Users/macos/Desktop/OldFace/study/api-auto-test/target/classes started by macos in /Users/macos/Desktop/OldFace/study/api-auto-test)
2020-04-13 22:37:54.482 |-INFO  [main] com.ai.api.testsuite.TestSuite [654] -| No active profile set, falling back to default profiles: default
2020-04-13 22:37:54.501 |-INFO  [main] org.springframework.context.annotation.AnnotationConfigApplicationContext [588] -| Refreshing org.springframework.context.annotation.AnnotationConfigApplicationContext@6ea2bc93: startup date [Mon Apr 13 22:37:54 CST 2020]; root of context hierarchy
2020-04-13 22:37:55.265 |-INFO  [main] org.springframework.beans.factory.annotation.AutowiredAnnotationBeanPostProcessor [153] -| JSR-330 'javax.inject.Inject' annotation found and supported for autowiring
2020-04-13 22:37:55.595 |-INFO  [main] com.ai.api.testsuite.TestSuite [59] -| Started TestSuite in 2.291 seconds (JVM running for 4.232)
2020-04-13 22:37:56.571 |-INFO  [main] com.ai.api.testcase.TC01_test [33] -| 实际000000
2020-04-13 22:37:56.572 |-INFO  [main] com.ai.api.testcase.TC01_test [35] -| 期望000000
2020-04-13 22:37:56.582 |-INFO  [main] com.ai.api.testcase.TC01_test [33] -| 实际000000
2020-04-13 22:37:56.582 |-INFO  [main] com.ai.api.testcase.TC01_test [35] -| 期望000000
2020-04-13 22:37:56.594 |-INFO  [main] com.ai.api.testcase.TC01_test [33] -| 实际000000
2020-04-13 22:37:56.596 |-INFO  [main] com.ai.api.testcase.TC01_test [35] -| 期望000000
2020-04-13 22:37:56.630 |-INFO  [Thread-2] org.springframework.context.annotation.AnnotationConfigApplicationContext [991] -| Closing org.springframework.context.annotation.AnnotationConfigApplicationContext@6ea2bc93: startup date [Mon Apr 13 22:37:54 CST 2020]; root of context hierarchy
2020-04-13 22:39:46.011 |-INFO  [main] com.ai.api.testsuite.TestSuite [50] -| Starting TestSuite on OldFaceLee.local with PID 26598 (/Users/macos/Desktop/OldFace/study/api-auto-test/target/classes started by macos in /Users/macos/Desktop/OldFace/study/api-auto-test)
2020-04-13 22:39:46.019 |-INFO  [main] com.ai.api.testsuite.TestSuite [654] -| No active profile set, falling back to default profiles: default
2020-04-13 22:39:46.138 |-INFO  [main] org.springframework.context.annotation.AnnotationConfigApplicationContext [588] -| Refreshing org.springframework.context.annotation.AnnotationConfigApplicationContext@6ea2bc93: startup date [Mon Apr 13 22:39:46 CST 2020]; root of context hierarchy
2020-04-13 22:39:46.937 |-INFO  [main] org.springframework.beans.factory.annotation.AutowiredAnnotationBeanPostProcessor [153] -| JSR-330 'javax.inject.Inject' annotation found and supported for autowiring
2020-04-13 22:39:47.255 |-INFO  [main] com.ai.api.testsuite.TestSuite [59] -| Started TestSuite in 2.285 seconds (JVM running for 4.298)
2020-04-13 22:39:48.358 |-INFO  [Thread-2] org.springframework.context.annotation.AnnotationConfigApplicationContext [991] -| Closing org.springframework.context.annotation.AnnotationConfigApplicationContext@6ea2bc93: startup date [Mon Apr 13 22:39:46 CST 2020]; root of context hierarchy
2020-04-13 22:40:02.416 |-INFO  [main] com.ai.api.testsuite.TestSuite [50] -| Starting TestSuite on OldFaceLee.local with PID 26603 (/Users/macos/Desktop/OldFace/study/api-auto-test/target/classes started by macos in /Users/macos/Desktop/OldFace/study/api-auto-test)
2020-04-13 22:40:02.420 |-INFO  [main] com.ai.api.testsuite.TestSuite [654] -| No active profile set, falling back to default profiles: default
2020-04-13 22:40:02.469 |-INFO  [main] org.springframework.context.annotation.AnnotationConfigApplicationContext [588] -| Refreshing org.springframework.context.annotation.AnnotationConfigApplicationContext@6ea2bc93: startup date [Mon Apr 13 22:40:02 CST 2020]; root of context hierarchy
2020-04-13 22:40:03.265 |-INFO  [main] org.springframework.beans.factory.annotation.AutowiredAnnotationBeanPostProcessor [153] -| JSR-330 'javax.inject.Inject' annotation found and supported for autowiring
2020-04-13 22:40:03.529 |-INFO  [main] com.ai.api.testsuite.TestSuite [59] -| Started TestSuite in 2.112 seconds (JVM running for 4.139)
2020-04-13 22:40:04.648 |-INFO  [main] com.ai.api.testcase.TC01_test [33] -| 实际000000
2020-04-13 22:40:04.649 |-INFO  [main] com.ai.api.testcase.TC01_test [35] -| 期望000000
2020-04-13 22:40:04.663 |-INFO  [main] com.ai.api.testcase.TC01_test [33] -| 实际000000
2020-04-13 22:40:04.665 |-INFO  [main] com.ai.api.testcase.TC01_test [35] -| 期望000000
2020-04-13 22:40:04.674 |-INFO  [main] com.ai.api.testcase.TC01_test [33] -| 实际000000
2020-04-13 22:40:04.675 |-INFO  [main] com.ai.api.testcase.TC01_test [35] -| 期望000000
2020-04-13 22:40:04.709 |-INFO  [Thread-2] org.springframework.context.annotation.AnnotationConfigApplicationContext [991] -| Closing org.springframework.context.annotation.AnnotationConfigApplicationContext@6ea2bc93: startup date [Mon Apr 13 22:40:02 CST 2020]; root of context hierarchy
2020-04-13 22:40:49.065 |-INFO  [main] com.ai.api.testsuite.TestSuite [50] -| Starting TestSuite on OldFaceLee.local with PID 26609 (/Users/macos/Desktop/OldFace/study/api-auto-test/target/classes started by macos in /Users/macos/Desktop/OldFace/study/api-auto-test)
2020-04-13 22:40:49.067 |-INFO  [main] com.ai.api.testsuite.TestSuite [654] -| No active profile set, falling back to default profiles: default
2020-04-13 22:40:49.103 |-INFO  [main] org.springframework.context.annotation.AnnotationConfigApplicationContext [588] -| Refreshing org.springframework.context.annotation.AnnotationConfigApplicationContext@6ea2bc93: startup date [Mon Apr 13 22:40:49 CST 2020]; root of context hierarchy
2020-04-13 22:40:49.935 |-INFO  [main] org.springframework.beans.factory.annotation.AutowiredAnnotationBeanPostProcessor [153] -| JSR-330 'javax.inject.Inject' annotation found and supported for autowiring
2020-04-13 22:40:50.195 |-INFO  [main] com.ai.api.testsuite.TestSuite [59] -| Started TestSuite in 2.404 seconds (JVM running for 5.632)
2020-04-13 22:40:51.119 |-INFO  [main] com.ai.api.testcase.TC01_test [33] -| 实际000000
2020-04-13 22:40:51.120 |-INFO  [main] com.ai.api.testcase.TC01_test [35] -| 期望000000
2020-04-13 22:40:51.129 |-INFO  [main] com.ai.api.testcase.TC01_test [33] -| 实际000000
2020-04-13 22:40:51.129 |-INFO  [main] com.ai.api.testcase.TC01_test [35] -| 期望000000
2020-04-13 22:40:51.140 |-INFO  [main] com.ai.api.testcase.TC01_test [33] -| 实际000000
2020-04-13 22:40:51.140 |-INFO  [main] com.ai.api.testcase.TC01_test [35] -| 期望000000
2020-04-13 22:40:51.162 |-INFO  [Thread-2] org.springframework.context.annotation.AnnotationConfigApplicationContext [991] -| Closing org.springframework.context.annotation.AnnotationConfigApplicationContext@6ea2bc93: startup date [Mon Apr 13 22:40:49 CST 2020]; root of context hierarchy
2020-04-13 22:42:48.500 |-INFO  [main] com.ai.api.testsuite.TestSuite [50] -| Starting TestSuite on OldFaceLee.local with PID 26620 (/Users/macos/Desktop/OldFace/study/api-auto-test/target/classes started by macos in /Users/macos/Desktop/OldFace/study/api-auto-test)
2020-04-13 22:42:48.504 |-INFO  [main] com.ai.api.testsuite.TestSuite [654] -| No active profile set, falling back to default profiles: default
2020-04-13 22:42:48.532 |-INFO  [main] org.springframework.context.annotation.AnnotationConfigApplicationContext [588] -| Refreshing org.springframework.context.annotation.AnnotationConfigApplicationContext@6ea2bc93: startup date [Mon Apr 13 22:42:48 CST 2020]; root of context hierarchy
2020-04-13 22:42:49.232 |-INFO  [main] org.springframework.beans.factory.annotation.AutowiredAnnotationBeanPostProcessor [153] -| JSR-330 'javax.inject.Inject' annotation found and supported for autowiring
2020-04-13 22:42:49.532 |-INFO  [main] com.ai.api.testsuite.TestSuite [59] -| Started TestSuite in 2.033 seconds (JVM running for 3.835)
2020-04-13 22:42:50.534 |-INFO  [main] com.ai.api.testcase.TC01_test [33] -| 实际000000
2020-04-13 22:42:50.535 |-INFO  [main] com.ai.api.testcase.TC01_test [35] -| 期望000000
2020-04-13 22:42:50.538 |-INFO  [main] com.ai.api.testcase.TC01_test [33] -| 实际000000
2020-04-13 22:42:50.538 |-INFO  [main] com.ai.api.testcase.TC01_test [35] -| 期望000000
2020-04-13 22:42:50.546 |-INFO  [main] com.ai.api.testcase.TC01_test [33] -| 实际000000
2020-04-13 22:42:50.547 |-INFO  [main] com.ai.api.testcase.TC01_test [35] -| 期望000000
2020-04-13 22:42:50.585 |-INFO  [Thread-2] org.springframework.context.annotation.AnnotationConfigApplicationContext [991] -| Closing org.springframework.context.annotation.AnnotationConfigApplicationContext@6ea2bc93: startup date [Mon Apr 13 22:42:48 CST 2020]; root of context hierarchy
2020-04-13 22:46:56.213 |-INFO  [main] com.ai.api.testsuite.TestSuite [50] -| Starting TestSuite on OldFaceLee.local with PID 26661 (/Users/macos/Desktop/OldFace/study/api-auto-test/target/classes started by macos in /Users/macos/Desktop/OldFace/study/api-auto-test)
2020-04-13 22:46:56.216 |-INFO  [main] com.ai.api.testsuite.TestSuite [654] -| No active profile set, falling back to default profiles: default
2020-04-13 22:46:56.231 |-INFO  [main] org.springframework.context.annotation.AnnotationConfigApplicationContext [588] -| Refreshing org.springframework.context.annotation.AnnotationConfigApplicationContext@6ea2bc93: startup date [Mon Apr 13 22:46:56 CST 2020]; root of context hierarchy
2020-04-13 22:46:56.820 |-INFO  [main] org.springframework.beans.factory.annotation.AutowiredAnnotationBeanPostProcessor [153] -| JSR-330 'javax.inject.Inject' annotation found and supported for autowiring
2020-04-13 22:46:57.028 |-INFO  [main] com.ai.api.testsuite.TestSuite [59] -| Started TestSuite in 2.008 seconds (JVM running for 4.175)
2020-04-13 22:46:58.018 |-INFO  [main] com.ai.api.testcase.TC01_test [34] -| 实际000000
2020-04-13 22:46:58.019 |-INFO  [main] com.ai.api.testcase.TC01_test [36] -| 期望000000
2020-04-13 22:46:58.022 |-INFO  [main] com.ai.api.testcase.TC01_test [34] -| 实际000000
2020-04-13 22:46:58.023 |-INFO  [main] com.ai.api.testcase.TC01_test [36] -| 期望000000
2020-04-13 22:46:58.027 |-INFO  [main] com.ai.api.testcase.TC01_test [34] -| 实际000000
2020-04-13 22:46:58.028 |-INFO  [main] com.ai.api.testcase.TC01_test [36] -| 期望000000
2020-04-13 22:46:58.040 |-INFO  [Thread-2] org.springframework.context.annotation.AnnotationConfigApplicationContext [991] -| Closing org.springframework.context.annotation.AnnotationConfigApplicationContext@6ea2bc93: startup date [Mon Apr 13 22:46:56 CST 2020]; root of context hierarchy
2020-04-13 22:48:07.372 |-INFO  [main] com.ai.api.testsuite.TestSuite [50] -| Starting TestSuite on OldFaceLee.local with PID 26677 (/Users/macos/Desktop/OldFace/study/api-auto-test/target/classes started by macos in /Users/macos/Desktop/OldFace/study/api-auto-test)
2020-04-13 22:48:07.377 |-INFO  [main] com.ai.api.testsuite.TestSuite [654] -| No active profile set, falling back to default profiles: default
2020-04-13 22:48:07.405 |-INFO  [main] org.springframework.context.annotation.AnnotationConfigApplicationContext [588] -| Refreshing org.springframework.context.annotation.AnnotationConfigApplicationContext@6ea2bc93: startup date [Mon Apr 13 22:48:07 CST 2020]; root of context hierarchy
2020-04-13 22:48:08.232 |-INFO  [main] org.springframework.beans.factory.annotation.AutowiredAnnotationBeanPostProcessor [153] -| JSR-330 'javax.inject.Inject' annotation found and supported for autowiring
2020-04-13 22:48:08.505 |-INFO  [main] com.ai.api.testsuite.TestSuite [59] -| Started TestSuite in 2.031 seconds (JVM running for 4.142)
2020-04-13 22:48:09.452 |-INFO  [Thread-2] org.springframework.context.annotation.AnnotationConfigApplicationContext [991] -| Closing org.springframework.context.annotation.AnnotationConfigApplicationContext@6ea2bc93: startup date [Mon Apr 13 22:48:07 CST 2020]; root of context hierarchy
2020-04-13 22:48:21.327 |-INFO  [main] com.ai.api.testsuite.TestSuite [50] -| Starting TestSuite on OldFaceLee.local with PID 26682 (/Users/macos/Desktop/OldFace/study/api-auto-test/target/classes started by macos in /Users/macos/Desktop/OldFace/study/api-auto-test)
2020-04-13 22:48:21.334 |-INFO  [main] com.ai.api.testsuite.TestSuite [654] -| No active profile set, falling back to default profiles: default
2020-04-13 22:48:21.394 |-INFO  [main] org.springframework.context.annotation.AnnotationConfigApplicationContext [588] -| Refreshing org.springframework.context.annotation.AnnotationConfigApplicationContext@6ea2bc93: startup date [Mon Apr 13 22:48:21 CST 2020]; root of context hierarchy
2020-04-13 22:48:22.099 |-INFO  [main] org.springframework.beans.factory.annotation.AutowiredAnnotationBeanPostProcessor [153] -| JSR-330 'javax.inject.Inject' annotation found and supported for autowiring
2020-04-13 22:48:22.456 |-INFO  [main] com.ai.api.testsuite.TestSuite [59] -| Started TestSuite in 2.519 seconds (JVM running for 4.585)
2020-04-13 22:48:24.117 |-INFO  [main] com.ai.api.testcase.TC01_test [34] -| 实际000000
2020-04-13 22:48:24.119 |-INFO  [main] com.ai.api.testcase.TC01_test [36] -| 期望000000
2020-04-13 22:48:24.130 |-INFO  [main] com.ai.api.testcase.TC01_test [34] -| 实际000000
2020-04-13 22:48:24.131 |-INFO  [main] com.ai.api.testcase.TC01_test [36] -| 期望000000
2020-04-13 22:48:24.165 |-INFO  [main] com.ai.api.testcase.TC01_test [34] -| 实际000000
2020-04-13 22:48:24.165 |-INFO  [main] com.ai.api.testcase.TC01_test [36] -| 期望000000
2020-04-13 22:48:24.204 |-INFO  [Thread-2] org.springframework.context.annotation.AnnotationConfigApplicationContext [991] -| Closing org.springframework.context.annotation.AnnotationConfigApplicationContext@6ea2bc93: startup date [Mon Apr 13 22:48:21 CST 2020]; root of context hierarchy
2020-04-13 23:14:34.342 |-INFO  [main] com.ai.api.testsuite.TestSuite [50] -| Starting TestSuite on OldFaceLee.local with PID 26805 (/Users/macos/Desktop/OldFace/study/api-auto-test/target/classes started by macos in /Users/macos/Desktop/OldFace/study/api-auto-test)
2020-04-13 23:14:34.346 |-INFO  [main] com.ai.api.testsuite.TestSuite [654] -| No active profile set, falling back to default profiles: default
2020-04-13 23:14:34.413 |-INFO  [main] org.springframework.context.annotation.AnnotationConfigApplicationContext [588] -| Refreshing org.springframework.context.annotation.AnnotationConfigApplicationContext@5f0fd5a0: startup date [Mon Apr 13 23:14:34 CST 2020]; root of context hierarchy
2020-04-13 23:14:35.094 |-INFO  [main] org.springframework.beans.factory.annotation.AutowiredAnnotationBeanPostProcessor [153] -| JSR-330 'javax.inject.Inject' annotation found and supported for autowiring
2020-04-13 23:14:35.357 |-INFO  [main] com.ai.api.testsuite.TestSuite [59] -| Started TestSuite in 2.292 seconds (JVM running for 4.446)
2020-04-13 23:14:36.309 |-INFO  [main] com.ai.api.testcase.TC01_test [35] -| 实际000000
2020-04-13 23:14:36.310 |-INFO  [main] com.ai.api.testcase.TC01_test [37] -| 期望000000
2020-04-13 23:14:36.314 |-INFO  [main] com.ai.api.testcase.TC01_test [35] -| 实际000000
2020-04-13 23:14:36.315 |-INFO  [main] com.ai.api.testcase.TC01_test [37] -| 期望000000
2020-04-13 23:14:36.355 |-INFO  [main] com.ai.api.testcase.TC01_test [35] -| 实际000000
2020-04-13 23:14:36.356 |-INFO  [main] com.ai.api.testcase.TC01_test [37] -| 期望000000
2020-04-13 23:14:36.490 |-INFO  [Thread-2] org.springframework.context.annotation.AnnotationConfigApplicationContext [991] -| Closing org.springframework.context.annotation.AnnotationConfigApplicationContext@5f0fd5a0: startup date [Mon Apr 13 23:14:34 CST 2020]; root of context hierarchy
2020-04-13 23:15:49.202 |-INFO  [main] com.ai.api.testsuite.TestSuite [50] -| Starting TestSuite on OldFaceLee.local with PID 26820 (/Users/macos/Desktop/OldFace/study/api-auto-test/target/classes started by macos in /Users/macos/Desktop/OldFace/study/api-auto-test)
2020-04-13 23:15:49.207 |-INFO  [main] com.ai.api.testsuite.TestSuite [654] -| No active profile set, falling back to default profiles: default
2020-04-13 23:15:49.259 |-INFO  [main] org.springframework.context.annotation.AnnotationConfigApplicationContext [588] -| Refreshing org.springframework.context.annotation.AnnotationConfigApplicationContext@5f0fd5a0: startup date [Mon Apr 13 23:15:49 CST 2020]; root of context hierarchy
2020-04-13 23:15:50.042 |-INFO  [main] org.springframework.beans.factory.annotation.AutowiredAnnotationBeanPostProcessor [153] -| JSR-330 'javax.inject.Inject' annotation found and supported for autowiring
2020-04-13 23:15:50.362 |-INFO  [main] com.ai.api.testsuite.TestSuite [59] -| Started TestSuite in 2.201 seconds (JVM running for 4.397)
2020-04-13 23:15:51.417 |-INFO  [main] com.ai.api.testcase.TC01_test [35] -| 实际000000
2020-04-13 23:15:51.419 |-INFO  [main] com.ai.api.testcase.TC01_test [37] -| 期望000000
2020-04-13 23:15:51.424 |-INFO  [main] com.ai.api.testcase.TC01_test [35] -| 实际000000
2020-04-13 23:15:51.425 |-INFO  [main] com.ai.api.testcase.TC01_test [37] -| 期望000000
2020-04-13 23:15:51.461 |-INFO  [main] com.ai.api.testcase.TC01_test [35] -| 实际000000
2020-04-13 23:15:51.465 |-INFO  [main] com.ai.api.testcase.TC01_test [37] -| 期望000000
2020-04-13 23:15:51.583 |-INFO  [Thread-2] org.springframework.context.annotation.AnnotationConfigApplicationContext [991] -| Closing org.springframework.context.annotation.AnnotationConfigApplicationContext@5f0fd5a0: startup date [Mon Apr 13 23:15:49 CST 2020]; root of context hierarchy
2020-04-13 23:16:41.685 |-INFO  [main] com.ai.api.testsuite.TestSuite [50] -| Starting TestSuite on OldFaceLee.local with PID 26825 (/Users/macos/Desktop/OldFace/study/api-auto-test/target/classes started by macos in /Users/macos/Desktop/OldFace/study/api-auto-test)
2020-04-13 23:16:41.687 |-INFO  [main] com.ai.api.testsuite.TestSuite [654] -| No active profile set, falling back to default profiles: default
2020-04-13 23:16:41.714 |-INFO  [main] org.springframework.context.annotation.AnnotationConfigApplicationContext [588] -| Refreshing org.springframework.context.annotation.AnnotationConfigApplicationContext@6ea2bc93: startup date [Mon Apr 13 23:16:41 CST 2020]; root of context hierarchy
2020-04-13 23:16:42.919 |-INFO  [main] org.springframework.beans.factory.annotation.AutowiredAnnotationBeanPostProcessor [153] -| JSR-330 'javax.inject.Inject' annotation found and supported for autowiring
2020-04-13 23:16:43.341 |-INFO  [main] com.ai.api.testsuite.TestSuite [59] -| Started TestSuite in 3.119 seconds (JVM running for 6.506)
2020-04-13 23:16:44.976 |-INFO  [Thread-2] org.springframework.context.annotation.AnnotationConfigApplicationContext [991] -| Closing org.springframework.context.annotation.AnnotationConfigApplicationContext@6ea2bc93: startup date [Mon Apr 13 23:16:41 CST 2020]; root of context hierarchy
2020-04-13 23:19:07.375 |-INFO  [main] com.ai.api.testsuite.TestSuite [50] -| Starting TestSuite on OldFaceLee.local with PID 26835 (/Users/macos/Desktop/OldFace/study/api-auto-test/target/classes started by macos in /Users/macos/Desktop/OldFace/study/api-auto-test)
2020-04-13 23:19:07.377 |-INFO  [main] com.ai.api.testsuite.TestSuite [654] -| No active profile set, falling back to default profiles: default
2020-04-13 23:19:07.401 |-INFO  [main] org.springframework.context.annotation.AnnotationConfigApplicationContext [588] -| Refreshing org.springframework.context.annotation.AnnotationConfigApplicationContext@a23a01d: startup date [Mon Apr 13 23:19:07 CST 2020]; root of context hierarchy
2020-04-13 23:19:08.198 |-INFO  [main] org.springframework.beans.factory.annotation.AutowiredAnnotationBeanPostProcessor [153] -| JSR-330 'javax.inject.Inject' annotation found and supported for autowiring
2020-04-13 23:19:08.476 |-INFO  [main] com.ai.api.testsuite.TestSuite [59] -| Started TestSuite in 2.088 seconds (JVM running for 5.354)
2020-04-13 23:19:09.451 |-INFO  [Thread-2] org.springframework.context.annotation.AnnotationConfigApplicationContext [991] -| Closing org.springframework.context.annotation.AnnotationConfigApplicationContext@a23a01d: startup date [Mon Apr 13 23:19:07 CST 2020]; root of context hierarchy
2020-04-13 23:19:31.081 |-INFO  [main] com.ai.api.testsuite.TestSuite [50] -| Starting TestSuite on OldFaceLee.local with PID 26840 (/Users/macos/Desktop/OldFace/study/api-auto-test/target/classes started by macos in /Users/macos/Desktop/OldFace/study/api-auto-test)
2020-04-13 23:19:31.084 |-INFO  [main] com.ai.api.testsuite.TestSuite [654] -| No active profile set, falling back to default profiles: default
2020-04-13 23:19:31.136 |-INFO  [main] org.springframework.context.annotation.AnnotationConfigApplicationContext [588] -| Refreshing org.springframework.context.annotation.AnnotationConfigApplicationContext@7561db12: startup date [Mon Apr 13 23:19:31 CST 2020]; root of context hierarchy
2020-04-13 23:19:32.072 |-INFO  [main] org.springframework.beans.factory.annotation.AutowiredAnnotationBeanPostProcessor [153] -| JSR-330 'javax.inject.Inject' annotation found and supported for autowiring
2020-04-13 23:19:32.675 |-INFO  [main] com.ai.api.testsuite.TestSuite [59] -| Started TestSuite in 2.898 seconds (JVM running for 6.054)
2020-04-13 23:19:34.130 |-INFO  [Thread-2] org.springframework.context.annotation.AnnotationConfigApplicationContext [991] -| Closing org.springframework.context.annotation.AnnotationConfigApplicationContext@7561db12: startup date [Mon Apr 13 23:19:31 CST 2020]; root of context hierarchy
2020-04-13 23:19:51.809 |-INFO  [main] com.ai.api.testsuite.TestSuite [50] -| Starting TestSuite on OldFaceLee.local with PID 26844 (/Users/macos/Desktop/OldFace/study/api-auto-test/target/classes started by macos in /Users/macos/Desktop/OldFace/study/api-auto-test)
2020-04-13 23:19:51.813 |-INFO  [main] com.ai.api.testsuite.TestSuite [654] -| No active profile set, falling back to default profiles: default
2020-04-13 23:19:51.841 |-INFO  [main] org.springframework.context.annotation.AnnotationConfigApplicationContext [588] -| Refreshing org.springframework.context.annotation.AnnotationConfigApplicationContext@619bd14c: startup date [Mon Apr 13 23:19:51 CST 2020]; root of context hierarchy
2020-04-13 23:19:52.552 |-INFO  [main] org.springframework.beans.factory.annotation.AutowiredAnnotationBeanPostProcessor [153] -| JSR-330 'javax.inject.Inject' annotation found and supported for autowiring
2020-04-13 23:19:52.857 |-INFO  [main] com.ai.api.testsuite.TestSuite [59] -| Started TestSuite in 1.964 seconds (JVM running for 4.865)
2020-04-13 23:19:53.726 |-INFO  [Thread-2] org.springframework.context.annotation.AnnotationConfigApplicationContext [991] -| Closing org.springframework.context.annotation.AnnotationConfigApplicationContext@619bd14c: startup date [Mon Apr 13 23:19:51 CST 2020]; root of context hierarchy
2020-04-13 23:20:44.401 |-INFO  [main] com.ai.api.testsuite.TestSuite [50] -| Starting TestSuite on OldFaceLee.local with PID 26854 (/Users/macos/Desktop/OldFace/study/api-auto-test/target/classes started by macos in /Users/macos/Desktop/OldFace/study/api-auto-test)
2020-04-13 23:20:44.406 |-INFO  [main] com.ai.api.testsuite.TestSuite [654] -| No active profile set, falling back to default profiles: default
2020-04-13 23:20:44.441 |-INFO  [main] org.springframework.context.annotation.AnnotationConfigApplicationContext [588] -| Refreshing org.springframework.context.annotation.AnnotationConfigApplicationContext@323e8306: startup date [Mon Apr 13 23:20:44 CST 2020]; root of context hierarchy
2020-04-13 23:20:45.333 |-INFO  [main] org.springframework.beans.factory.annotation.AutowiredAnnotationBeanPostProcessor [153] -| JSR-330 'javax.inject.Inject' annotation found and supported for autowiring
2020-04-13 23:20:45.659 |-INFO  [main] com.ai.api.testsuite.TestSuite [59] -| Started TestSuite in 2.118 seconds (JVM running for 4.96)
2020-04-13 23:22:22.143 |-INFO  [Thread-2] org.springframework.context.annotation.AnnotationConfigApplicationContext [991] -| Closing org.springframework.context.annotation.AnnotationConfigApplicationContext@323e8306: startup date [Mon Apr 13 23:20:44 CST 2020]; root of context hierarchy
2020-04-13 23:22:32.775 |-INFO  [main] com.ai.api.testsuite.TestSuite [50] -| Starting TestSuite on OldFaceLee.local with PID 26861 (/Users/macos/Desktop/OldFace/study/api-auto-test/target/classes started by macos in /Users/macos/Desktop/OldFace/study/api-auto-test)
2020-04-13 23:22:32.779 |-INFO  [main] com.ai.api.testsuite.TestSuite [654] -| No active profile set, falling back to default profiles: default
2020-04-13 23:22:32.825 |-INFO  [main] org.springframework.context.annotation.AnnotationConfigApplicationContext [588] -| Refreshing org.springframework.context.annotation.AnnotationConfigApplicationContext@a23a01d: startup date [Mon Apr 13 23:22:32 CST 2020]; root of context hierarchy
2020-04-13 23:22:33.659 |-INFO  [main] org.springframework.beans.factory.annotation.AutowiredAnnotationBeanPostProcessor [153] -| JSR-330 'javax.inject.Inject' annotation found and supported for autowiring
2020-04-13 23:22:33.968 |-INFO  [main] com.ai.api.testsuite.TestSuite [59] -| Started TestSuite in 2.326 seconds (JVM running for 5.217)
2020-04-13 23:25:37.778 |-INFO  [Thread-2] org.springframework.context.annotation.AnnotationConfigApplicationContext [991] -| Closing org.springframework.context.annotation.AnnotationConfigApplicationContext@a23a01d: startup date [Mon Apr 13 23:22:32 CST 2020]; root of context hierarchy
2020-04-13 23:25:56.420 |-INFO  [main] com.ai.api.testsuite.TestSuite [50] -| Starting TestSuite on OldFaceLee.local with PID 26869 (/Users/macos/Desktop/OldFace/study/api-auto-test/target/classes started by macos in /Users/macos/Desktop/OldFace/study/api-auto-test)
2020-04-13 23:25:56.429 |-INFO  [main] com.ai.api.testsuite.TestSuite [654] -| No active profile set, falling back to default profiles: default
2020-04-13 23:25:56.509 |-INFO  [main] org.springframework.context.annotation.AnnotationConfigApplicationContext [588] -| Refreshing org.springframework.context.annotation.AnnotationConfigApplicationContext@6ea2bc93: startup date [Mon Apr 13 23:25:56 CST 2020]; root of context hierarchy
2020-04-13 23:25:57.407 |-INFO  [main] org.springframework.beans.factory.annotation.AutowiredAnnotationBeanPostProcessor [153] -| JSR-330 'javax.inject.Inject' annotation found and supported for autowiring
2020-04-13 23:25:57.834 |-INFO  [main] com.ai.api.testsuite.TestSuite [59] -| Started TestSuite in 2.933 seconds (JVM running for 5.182)
2020-04-13 23:25:59.415 |-INFO  [Thread-2] org.springframework.context.annotation.AnnotationConfigApplicationContext [991] -| Closing org.springframework.context.annotation.AnnotationConfigApplicationContext@6ea2bc93: startup date [Mon Apr 13 23:25:56 CST 2020]; root of context hierarchy
2020-04-13 23:26:56.721 |-INFO  [main] com.ai.api.testsuite.TestSuite [50] -| Starting TestSuite on OldFaceLee.local with PID 26881 (/Users/macos/Desktop/OldFace/study/api-auto-test/target/classes started by macos in /Users/macos/Desktop/OldFace/study/api-auto-test)
2020-04-13 23:26:56.727 |-INFO  [main] com.ai.api.testsuite.TestSuite [654] -| No active profile set, falling back to default profiles: default
2020-04-13 23:26:56.898 |-INFO  [main] org.springframework.context.annotation.AnnotationConfigApplicationContext [588] -| Refreshing org.springframework.context.annotation.AnnotationConfigApplicationContext@6ea2bc93: startup date [Mon Apr 13 23:26:56 CST 2020]; root of context hierarchy
2020-04-13 23:26:57.637 |-INFO  [main] org.springframework.beans.factory.annotation.AutowiredAnnotationBeanPostProcessor [153] -| JSR-330 'javax.inject.Inject' annotation found and supported for autowiring
2020-04-13 23:26:57.929 |-INFO  [main] com.ai.api.testsuite.TestSuite [59] -| Started TestSuite in 2.201 seconds (JVM running for 4.191)
2020-04-13 23:26:58.868 |-INFO  [Thread-2] org.springframework.context.annotation.AnnotationConfigApplicationContext [991] -| Closing org.springframework.context.annotation.AnnotationConfigApplicationContext@6ea2bc93: startup date [Mon Apr 13 23:26:56 CST 2020]; root of context hierarchy
2020-04-13 23:28:56.505 |-INFO  [main] com.ai.api.testsuite.TestSuite [50] -| Starting TestSuite on OldFaceLee.local with PID 26887 (/Users/macos/Desktop/OldFace/study/api-auto-test/target/classes started by macos in /Users/macos/Desktop/OldFace/study/api-auto-test)
2020-04-13 23:28:56.508 |-INFO  [main] com.ai.api.testsuite.TestSuite [654] -| No active profile set, falling back to default profiles: default
2020-04-13 23:28:56.555 |-INFO  [main] org.springframework.context.annotation.AnnotationConfigApplicationContext [588] -| Refreshing org.springframework.context.annotation.AnnotationConfigApplicationContext@6ea2bc93: startup date [Mon Apr 13 23:28:56 CST 2020]; root of context hierarchy
2020-04-13 23:28:57.263 |-INFO  [main] org.springframework.beans.factory.annotation.AutowiredAnnotationBeanPostProcessor [153] -| JSR-330 'javax.inject.Inject' annotation found and supported for autowiring
2020-04-13 23:28:57.567 |-INFO  [main] com.ai.api.testsuite.TestSuite [59] -| Started TestSuite in 2.065 seconds (JVM running for 4.253)
2020-04-13 23:28:58.859 |-INFO  [Thread-2] org.springframework.context.annotation.AnnotationConfigApplicationContext [991] -| Closing org.springframework.context.annotation.AnnotationConfigApplicationContext@6ea2bc93: startup date [Mon Apr 13 23:28:56 CST 2020]; root of context hierarchy
2020-04-13 23:31:43.973 |-INFO  [main] com.ai.api.testsuite.TestSuite [50] -| Starting TestSuite on OldFaceLee.local with PID 26902 (/Users/macos/Desktop/OldFace/study/api-auto-test/target/classes started by macos in /Users/macos/Desktop/OldFace/study/api-auto-test)
2020-04-13 23:31:43.980 |-INFO  [main] com.ai.api.testsuite.TestSuite [654] -| No active profile set, falling back to default profiles: default
2020-04-13 23:31:44.005 |-INFO  [main] org.springframework.context.annotation.AnnotationConfigApplicationContext [588] -| Refreshing org.springframework.context.annotation.AnnotationConfigApplicationContext@6ea2bc93: startup date [Mon Apr 13 23:31:44 CST 2020]; root of context hierarchy
2020-04-13 23:31:44.611 |-INFO  [main] org.springframework.beans.factory.annotation.AutowiredAnnotationBeanPostProcessor [153] -| JSR-330 'javax.inject.Inject' annotation found and supported for autowiring
2020-04-13 23:31:44.850 |-INFO  [main] com.ai.api.testsuite.TestSuite [59] -| Started TestSuite in 1.893 seconds (JVM running for 4.085)
2020-04-13 23:31:45.891 |-INFO  [main] com.ai.api.support.dataDriver.Check [15] -| 期望值=000000, 实际值=000000
2020-04-13 23:31:45.901 |-INFO  [Thread-2] org.springframework.context.annotation.AnnotationConfigApplicationContext [991] -| Closing org.springframework.context.annotation.AnnotationConfigApplicationContext@6ea2bc93: startup date [Mon Apr 13 23:31:44 CST 2020]; root of context hierarchy
2020-04-13 23:41:07.888 |-INFO  [main] com.ai.api.testsuite.TestSuite [50] -| Starting TestSuite on OldFaceLee.local with PID 26931 (/Users/macos/Desktop/OldFace/study/api-auto-test/target/classes started by macos in /Users/macos/Desktop/OldFace/study/api-auto-test)
2020-04-13 23:41:07.891 |-INFO  [main] com.ai.api.testsuite.TestSuite [654] -| No active profile set, falling back to default profiles: default
2020-04-13 23:41:07.926 |-INFO  [main] org.springframework.context.annotation.AnnotationConfigApplicationContext [588] -| Refreshing org.springframework.context.annotation.AnnotationConfigApplicationContext@59e2d8e3: startup date [Mon Apr 13 23:41:07 CST 2020]; root of context hierarchy
2020-04-13 23:41:08.610 |-INFO  [main] org.springframework.data.repository.config.RepositoryConfigurationDelegate [172] -| Multiple Spring Data modules found, entering strict repository configuration mode!
2020-04-13 23:41:08.976 |-INFO  [main] org.springframework.beans.factory.annotation.AutowiredAnnotationBeanPostProcessor [153] -| JSR-330 'javax.inject.Inject' annotation found and supported for autowiring
2020-04-13 23:41:09.154 |-WARN  [main] org.springframework.context.annotation.AnnotationConfigApplicationContext [556] -| Exception encountered during context initialization - cancelling refresh attempt: org.springframework.beans.factory.UnsatisfiedDependencyException: Error creating bean with name 'chooseEnv': Unsatisfied dependency expressed through field 'gatewayConfig'; nested exception is org.springframework.boot.context.properties.ConfigurationPropertiesBindException: Error creating bean with name 'gatewayConfig': Could not bind properties to 'GatewayConfig' : prefix=gateway, ignoreInvalidFields=false, ignoreUnknownFields=true; nested exception is org.springframework.boot.context.properties.bind.BindException: Failed to bind properties under 'gateway' to com.ai.api.configration.GatewayConfig
2020-04-13 23:41:09.174 |-INFO  [main] org.springframework.boot.autoconfigure.logging.ConditionEvaluationReportLoggingListener [142] -| 

Error starting ApplicationContext. To display the conditions report re-run your application with 'debug' enabled.
2020-04-13 23:41:09.183 |-ERROR [main] org.springframework.boot.diagnostics.LoggingFailureAnalysisReporter [42] -| 

***************************
APPLICATION FAILED TO START
***************************

Description:

Failed to bind properties under 'gateway' to com.ai.api.configration.GatewayConfig:

    Property: gateway.sandbox-url
    Value: san
    Origin: class path resource [application.yml]:2:16
    Reason: No setter found for property: sandbox-url

Action:

Update your application's configuration

2020-04-13 23:41:09.201 |-ERROR [main] org.springframework.test.context.TestContextManager [250] -| Caught exception while allowing TestExecutionListener [org.springframework.test.context.support.DependencyInjectionTestExecutionListener@1d296da] to prepare test instance [com.ai.api.testsuite.TestSuite@6989da5e]
java.lang.IllegalStateException: Failed to load ApplicationContext
	at org.springframework.test.context.cache.DefaultCacheAwareContextLoaderDelegate.loadContext(DefaultCacheAwareContextLoaderDelegate.java:125)
	at org.springframework.test.context.support.DefaultTestContext.getApplicationContext(DefaultTestContext.java:108)
	at org.springframework.test.context.support.DependencyInjectionTestExecutionListener.injectDependencies(DependencyInjectionTestExecutionListener.java:117)
	at org.springframework.test.context.support.DependencyInjectionTestExecutionListener.prepareTestInstance(DependencyInjectionTestExecutionListener.java:83)
	at org.springframework.test.context.TestContextManager.prepareTestInstance(TestContextManager.java:246)
	at org.springframework.test.context.testng.AbstractTestNGSpringContextTests.springTestContextPrepareTestInstance(AbstractTestNGSpringContextTests.java:145)
	at sun.reflect.NativeMethodAccessorImpl.invoke0(Native Method)
	at sun.reflect.NativeMethodAccessorImpl.invoke(NativeMethodAccessorImpl.java:62)
	at sun.reflect.DelegatingMethodAccessorImpl.invoke(DelegatingMethodAccessorImpl.java:43)
	at java.lang.reflect.Method.invoke(Method.java:498)
	at org.testng.internal.MethodInvocationHelper.invokeMethod(MethodInvocationHelper.java:108)
	at org.testng.internal.Invoker.invokeConfigurationMethod(Invoker.java:523)
	at org.testng.internal.Invoker.invokeConfigurations(Invoker.java:224)
	at org.testng.internal.Invoker.invokeConfigurations(Invoker.java:146)
	at org.testng.internal.TestMethodWorker.invokeBeforeClassMethods(TestMethodWorker.java:166)
	at org.testng.internal.TestMethodWorker.run(TestMethodWorker.java:105)
	at org.testng.TestRunner.privateRun(TestRunner.java:744)
	at org.testng.TestRunner.run(TestRunner.java:602)
	at org.testng.SuiteRunner.runTest(SuiteRunner.java:380)
	at org.testng.SuiteRunner.runSequentially(SuiteRunner.java:375)
	at org.testng.SuiteRunner.privateRun(SuiteRunner.java:340)
	at org.testng.SuiteRunner.run(SuiteRunner.java:289)
	at org.testng.SuiteRunnerWorker.runSuite(SuiteRunnerWorker.java:52)
	at org.testng.SuiteRunnerWorker.run(SuiteRunnerWorker.java:86)
	at org.testng.TestNG.runSuitesSequentially(TestNG.java:1301)
	at org.testng.TestNG.runSuitesLocally(TestNG.java:1226)
	at org.testng.TestNG.runSuites(TestNG.java:1144)
	at org.testng.TestNG.run(TestNG.java:1115)
	at org.testng.IDEARemoteTestNG.run(IDEARemoteTestNG.java:73)
	at org.testng.RemoteTestNGStarter.main(RemoteTestNGStarter.java:123)
Caused by: org.springframework.beans.factory.UnsatisfiedDependencyException: Error creating bean with name 'chooseEnv': Unsatisfied dependency expressed through field 'gatewayConfig'; nested exception is org.springframework.boot.context.properties.ConfigurationPropertiesBindException: Error creating bean with name 'gatewayConfig': Could not bind properties to 'GatewayConfig' : prefix=gateway, ignoreInvalidFields=false, ignoreUnknownFields=true; nested exception is org.springframework.boot.context.properties.bind.BindException: Failed to bind properties under 'gateway' to com.ai.api.configration.GatewayConfig
	at org.springframework.beans.factory.annotation.AutowiredAnnotationBeanPostProcessor$AutowiredFieldElement.inject(AutowiredAnnotationBeanPostProcessor.java:584)
	at org.springframework.beans.factory.annotation.InjectionMetadata.inject(InjectionMetadata.java:90)
	at org.springframework.beans.factory.annotation.AutowiredAnnotationBeanPostProcessor.postProcessPropertyValues(AutowiredAnnotationBeanPostProcessor.java:370)
	at org.springframework.beans.factory.support.AbstractAutowireCapableBeanFactory.populateBean(AbstractAutowireCapableBeanFactory.java:1336)
	at org.springframework.beans.factory.support.AbstractAutowireCapableBeanFactory.doCreateBean(AbstractAutowireCapableBeanFactory.java:572)
	at org.springframework.beans.factory.support.AbstractAutowireCapableBeanFactory.createBean(AbstractAutowireCapableBeanFactory.java:495)
	at org.springframework.beans.factory.support.AbstractBeanFactory.lambda$doGetBean$0(AbstractBeanFactory.java:317)
	at org.springframework.beans.factory.support.DefaultSingletonBeanRegistry.getSingleton(DefaultSingletonBeanRegistry.java:222)
	at org.springframework.beans.factory.support.AbstractBeanFactory.doGetBean(AbstractBeanFactory.java:315)
	at org.springframework.beans.factory.support.AbstractBeanFactory.getBean(AbstractBeanFactory.java:199)
	at org.springframework.beans.factory.support.DefaultListableBeanFactory.preInstantiateSingletons(DefaultListableBeanFactory.java:759)
	at org.springframework.context.support.AbstractApplicationContext.finishBeanFactoryInitialization(AbstractApplicationContext.java:867)
	at org.springframework.context.support.AbstractApplicationContext.refresh(AbstractApplicationContext.java:548)
	at org.springframework.boot.SpringApplication.refresh(SpringApplication.java:754)
	at org.springframework.boot.SpringApplication.refreshContext(SpringApplication.java:386)
	at org.springframework.boot.SpringApplication.run(SpringApplication.java:307)
	at org.springframework.boot.test.context.SpringBootContextLoader.loadContext(SpringBootContextLoader.java:127)
	at org.springframework.test.context.cache.DefaultCacheAwareContextLoaderDelegate.loadContextInternal(DefaultCacheAwareContextLoaderDelegate.java:99)
	at org.springframework.test.context.cache.DefaultCacheAwareContextLoaderDelegate.loadContext(DefaultCacheAwareContextLoaderDelegate.java:117)
	... 29 common frames omitted
Caused by: org.springframework.boot.context.properties.ConfigurationPropertiesBindException: Error creating bean with name 'gatewayConfig': Could not bind properties to 'GatewayConfig' : prefix=gateway, ignoreInvalidFields=false, ignoreUnknownFields=true; nested exception is org.springframework.boot.context.properties.bind.BindException: Failed to bind properties under 'gateway' to com.ai.api.configration.GatewayConfig
	at org.springframework.boot.context.properties.ConfigurationPropertiesBindingPostProcessor.bind(ConfigurationPropertiesBindingPostProcessor.java:110)
	at org.springframework.boot.context.properties.ConfigurationPropertiesBindingPostProcessor.postProcessBeforeInitialization(ConfigurationPropertiesBindingPostProcessor.java:93)
	at org.springframework.beans.factory.support.AbstractAutowireCapableBeanFactory.applyBeanPostProcessorsBeforeInitialization(AbstractAutowireCapableBeanFactory.java:416)
	at org.springframework.beans.factory.support.AbstractAutowireCapableBeanFactory.initializeBean(AbstractAutowireCapableBeanFactory.java:1686)
	at org.springframework.beans.factory.support.AbstractAutowireCapableBeanFactory.doCreateBean(AbstractAutowireCapableBeanFactory.java:573)
	at org.springframework.beans.factory.support.AbstractAutowireCapableBeanFactory.createBean(AbstractAutowireCapableBeanFactory.java:495)
	at org.springframework.beans.factory.support.AbstractBeanFactory.lambda$doGetBean$0(AbstractBeanFactory.java:317)
	at org.springframework.beans.factory.support.DefaultSingletonBeanRegistry.getSingleton(DefaultSingletonBeanRegistry.java:222)
	at org.springframework.beans.factory.support.AbstractBeanFactory.doGetBean(AbstractBeanFactory.java:315)
	at org.springframework.beans.factory.support.AbstractBeanFactory.getBean(AbstractBeanFactory.java:199)
	at org.springframework.beans.factory.config.DependencyDescriptor.resolveCandidate(DependencyDescriptor.java:251)
	at org.springframework.beans.factory.support.DefaultListableBeanFactory.doResolveDependency(DefaultListableBeanFactory.java:1135)
	at org.springframework.beans.factory.support.DefaultListableBeanFactory.resolveDependency(DefaultListableBeanFactory.java:1062)
	at org.springframework.beans.factory.annotation.AutowiredAnnotationBeanPostProcessor$AutowiredFieldElement.inject(AutowiredAnnotationBeanPostProcessor.java:581)
	... 47 common frames omitted
Caused by: org.springframework.boot.context.properties.bind.BindException: Failed to bind properties under 'gateway' to com.ai.api.configration.GatewayConfig
	at org.springframework.boot.context.properties.bind.Binder.handleBindError(Binder.java:250)
	at org.springframework.boot.context.properties.bind.Binder.bind(Binder.java:226)
	at org.springframework.boot.context.properties.bind.Binder.bind(Binder.java:210)
	at org.springframework.boot.context.properties.bind.Binder.bind(Binder.java:192)
	at org.springframework.boot.context.properties.ConfigurationPropertiesBinder.bind(ConfigurationPropertiesBinder.java:82)
	at org.springframework.boot.context.properties.ConfigurationPropertiesBindingPostProcessor.bind(ConfigurationPropertiesBindingPostProcessor.java:107)
	... 60 common frames omitted
Caused by: java.lang.IllegalStateException: No setter found for property: sandbox-url
	at org.springframework.boot.context.properties.bind.JavaBeanBinder.bind(JavaBeanBinder.java:83)
	at org.springframework.boot.context.properties.bind.JavaBeanBinder.bind(JavaBeanBinder.java:62)
	at org.springframework.boot.context.properties.bind.JavaBeanBinder.bind(JavaBeanBinder.java:54)
	at org.springframework.boot.context.properties.bind.Binder.lambda$null$5(Binder.java:341)
	at java.util.stream.ReferencePipeline$3$1.accept(ReferencePipeline.java:193)
	at java.util.ArrayList$ArrayListSpliterator.tryAdvance(ArrayList.java:1351)
	at java.util.stream.ReferencePipeline.forEachWithCancel(ReferencePipeline.java:126)
	at java.util.stream.AbstractPipeline.copyIntoWithCancel(AbstractPipeline.java:498)
	at java.util.stream.AbstractPipeline.copyInto(AbstractPipeline.java:485)
	at java.util.stream.AbstractPipeline.wrapAndCopyInto(AbstractPipeline.java:471)
	at java.util.stream.FindOps$FindOp.evaluateSequential(FindOps.java:152)
	at java.util.stream.AbstractPipeline.evaluate(AbstractPipeline.java:234)
	at java.util.stream.ReferencePipeline.findFirst(ReferencePipeline.java:464)
	at org.springframework.boot.context.properties.bind.Binder.lambda$bindBean$6(Binder.java:342)
	at org.springframework.boot.context.properties.bind.Binder$Context.withIncreasedDepth(Binder.java:441)
	at org.springframework.boot.context.properties.bind.Binder$Context.withBean(Binder.java:427)
	at org.springframework.boot.context.properties.bind.Binder$Context.access$400(Binder.java:381)
	at org.springframework.boot.context.properties.bind.Binder.bindBean(Binder.java:339)
	at org.springframework.boot.context.properties.bind.Binder.bindObject(Binder.java:278)
	at org.springframework.boot.context.properties.bind.Binder.bind(Binder.java:221)
	... 64 common frames omitted
2020-04-13 23:42:50.558 |-INFO  [main] com.ai.api.testsuite.TestSuite [50] -| Starting TestSuite on OldFaceLee.local with PID 26946 (/Users/macos/Desktop/OldFace/study/api-auto-test/target/classes started by macos in /Users/macos/Desktop/OldFace/study/api-auto-test)
2020-04-13 23:42:50.562 |-INFO  [main] com.ai.api.testsuite.TestSuite [654] -| No active profile set, falling back to default profiles: default
2020-04-13 23:42:50.616 |-INFO  [main] org.springframework.context.annotation.AnnotationConfigApplicationContext [588] -| Refreshing org.springframework.context.annotation.AnnotationConfigApplicationContext@59e2d8e3: startup date [Mon Apr 13 23:42:50 CST 2020]; root of context hierarchy
2020-04-13 23:42:51.350 |-INFO  [main] org.springframework.data.repository.config.RepositoryConfigurationDelegate [172] -| Multiple Spring Data modules found, entering strict repository configuration mode!
2020-04-13 23:42:51.740 |-INFO  [main] org.springframework.beans.factory.annotation.AutowiredAnnotationBeanPostProcessor [153] -| JSR-330 'javax.inject.Inject' annotation found and supported for autowiring
2020-04-13 23:42:53.086 |-INFO  [main] com.ai.api.testsuite.TestSuite [59] -| Started TestSuite in 3.567 seconds (JVM running for 5.552)
2020-04-13 23:42:53.851 |-INFO  [main] com.ai.api.testcase.TC01_test [36] -| 地址com.ai.api.constant.URi@84487f4
2020-04-13 23:42:53.927 |-INFO  [main] com.ai.api.testcase.TC01_test [40] -| 实际000000
2020-04-13 23:42:53.928 |-INFO  [main] com.ai.api.testcase.TC01_test [42] -| 期望000000
2020-04-13 23:42:53.929 |-INFO  [main] com.ai.api.support.dataDriver.Check [15] -| 期望值=000000, 实际值=000000
2020-04-13 23:42:53.931 |-INFO  [main] com.ai.api.support.dataDriver.Check [20] -| 期望值=通过, 实际值=通过
2020-04-13 23:42:53.933 |-INFO  [main] com.ai.api.testcase.TC01_test [36] -| 地址com.ai.api.constant.URi@84487f4
2020-04-13 23:42:53.936 |-INFO  [main] com.ai.api.testcase.TC01_test [40] -| 实际000000
2020-04-13 23:42:53.938 |-INFO  [main] com.ai.api.testcase.TC01_test [42] -| 期望000000
2020-04-13 23:42:53.939 |-INFO  [main] com.ai.api.support.dataDriver.Check [15] -| 期望值=000000, 实际值=000000
2020-04-13 23:42:53.940 |-INFO  [main] com.ai.api.support.dataDriver.Check [20] -| 期望值=不通过, 实际值=通过
2020-04-13 23:42:53.951 |-INFO  [main] com.ai.api.testcase.TC01_test [36] -| 地址com.ai.api.constant.URi@84487f4
2020-04-13 23:42:53.952 |-INFO  [main] com.ai.api.testcase.TC01_test [40] -| 实际000000
2020-04-13 23:42:53.952 |-INFO  [main] com.ai.api.testcase.TC01_test [42] -| 期望000000
2020-04-13 23:42:53.952 |-INFO  [main] com.ai.api.support.dataDriver.Check [15] -| 期望值=000000, 实际值=000000
2020-04-13 23:42:53.952 |-INFO  [main] com.ai.api.support.dataDriver.Check [20] -| 期望值=不通过, 实际值=通过
2020-04-13 23:42:53.969 |-INFO  [Thread-2] org.springframework.context.annotation.AnnotationConfigApplicationContext [991] -| Closing org.springframework.context.annotation.AnnotationConfigApplicationContext@59e2d8e3: startup date [Mon Apr 13 23:42:50 CST 2020]; root of context hierarchy
2020-04-13 23:46:03.039 |-INFO  [main] com.ai.api.testsuite.TestSuite [50] -| Starting TestSuite on OldFaceLee.local with PID 26960 (/Users/macos/Desktop/OldFace/study/api-auto-test/target/classes started by macos in /Users/macos/Desktop/OldFace/study/api-auto-test)
2020-04-13 23:46:03.042 |-INFO  [main] com.ai.api.testsuite.TestSuite [654] -| No active profile set, falling back to default profiles: default
2020-04-13 23:46:03.078 |-INFO  [main] org.springframework.context.annotation.AnnotationConfigApplicationContext [588] -| Refreshing org.springframework.context.annotation.AnnotationConfigApplicationContext@59e2d8e3: startup date [Mon Apr 13 23:46:03 CST 2020]; root of context hierarchy
2020-04-13 23:46:03.866 |-INFO  [main] org.springframework.data.repository.config.RepositoryConfigurationDelegate [172] -| Multiple Spring Data modules found, entering strict repository configuration mode!
2020-04-13 23:46:04.384 |-INFO  [main] org.springframework.beans.factory.annotation.AutowiredAnnotationBeanPostProcessor [153] -| JSR-330 'javax.inject.Inject' annotation found and supported for autowiring
2020-04-13 23:46:05.719 |-INFO  [main] com.ai.api.testsuite.TestSuite [59] -| Started TestSuite in 3.832 seconds (JVM running for 5.849)
2020-04-13 23:46:06.540 |-INFO  [main] com.ai.api.testcase.TC01_test [36] -| 地址com.ai.api.constant.URi@47af099e
2020-04-13 23:46:06.632 |-INFO  [main] com.ai.api.testcase.TC01_test [40] -| 实际000000
2020-04-13 23:46:06.633 |-INFO  [main] com.ai.api.testcase.TC01_test [42] -| 期望000000
2020-04-13 23:46:06.634 |-INFO  [main] com.ai.api.support.dataDriver.Check [15] -| 期望值=000000, 实际值=000000
2020-04-13 23:46:06.635 |-INFO  [main] com.ai.api.support.dataDriver.Check [20] -| 期望值=通过, 实际值=通过
2020-04-13 23:46:06.638 |-INFO  [main] com.ai.api.testcase.TC01_test [36] -| 地址com.ai.api.constant.URi@47af099e
2020-04-13 23:46:06.639 |-INFO  [main] com.ai.api.testcase.TC01_test [40] -| 实际000000
2020-04-13 23:46:06.641 |-INFO  [main] com.ai.api.testcase.TC01_test [42] -| 期望000000
2020-04-13 23:46:06.642 |-INFO  [main] com.ai.api.support.dataDriver.Check [15] -| 期望值=000000, 实际值=000000
2020-04-13 23:46:06.642 |-INFO  [main] com.ai.api.support.dataDriver.Check [20] -| 期望值=不通过, 实际值=通过
2020-04-13 23:46:06.653 |-INFO  [main] com.ai.api.testcase.TC01_test [36] -| 地址com.ai.api.constant.URi@47af099e
2020-04-13 23:46:06.654 |-INFO  [main] com.ai.api.testcase.TC01_test [40] -| 实际000000
2020-04-13 23:46:06.654 |-INFO  [main] com.ai.api.testcase.TC01_test [42] -| 期望000000
2020-04-13 23:46:06.655 |-INFO  [main] com.ai.api.support.dataDriver.Check [15] -| 期望值=000000, 实际值=000000
2020-04-13 23:46:06.655 |-INFO  [main] com.ai.api.support.dataDriver.Check [20] -| 期望值=不通过, 实际值=通过
2020-04-13 23:46:06.667 |-INFO  [Thread-2] org.springframework.context.annotation.AnnotationConfigApplicationContext [991] -| Closing org.springframework.context.annotation.AnnotationConfigApplicationContext@59e2d8e3: startup date [Mon Apr 13 23:46:03 CST 2020]; root of context hierarchy
2020-04-13 23:49:39.712 |-INFO  [main] com.ai.api.testsuite.TestSuite [50] -| Starting TestSuite on OldFaceLee.local with PID 26976 (/Users/macos/Desktop/OldFace/study/api-auto-test/target/classes started by macos in /Users/macos/Desktop/OldFace/study/api-auto-test)
2020-04-13 23:49:39.715 |-INFO  [main] com.ai.api.testsuite.TestSuite [654] -| No active profile set, falling back to default profiles: default
2020-04-13 23:49:39.768 |-INFO  [main] org.springframework.context.annotation.AnnotationConfigApplicationContext [588] -| Refreshing org.springframework.context.annotation.AnnotationConfigApplicationContext@59e2d8e3: startup date [Mon Apr 13 23:49:39 CST 2020]; root of context hierarchy
2020-04-13 23:49:40.586 |-INFO  [main] org.springframework.data.repository.config.RepositoryConfigurationDelegate [172] -| Multiple Spring Data modules found, entering strict repository configuration mode!
2020-04-13 23:49:41.055 |-INFO  [main] org.springframework.beans.factory.annotation.AutowiredAnnotationBeanPostProcessor [153] -| JSR-330 'javax.inject.Inject' annotation found and supported for autowiring
2020-04-13 23:49:42.392 |-INFO  [main] com.ai.api.testsuite.TestSuite [59] -| Started TestSuite in 3.738 seconds (JVM running for 5.821)
2020-04-13 23:49:43.149 |-INFO  [main] com.ai.api.testcase.TC01_test [36] -| 地址com.ai.api.constant.URi@6d303498
2020-04-13 23:49:43.234 |-INFO  [main] com.ai.api.testcase.TC01_test [40] -| 实际000000
2020-04-13 23:49:43.235 |-INFO  [main] com.ai.api.testcase.TC01_test [42] -| 期望000000
2020-04-13 23:49:43.237 |-INFO  [main] com.ai.api.support.dataDriver.Check [15] -| 期望值=000000, 实际值=000000
2020-04-13 23:49:43.238 |-INFO  [main] com.ai.api.support.dataDriver.Check [20] -| 期望值=通过, 实际值=通过
2020-04-13 23:49:43.240 |-INFO  [main] com.ai.api.testcase.TC01_test [36] -| 地址com.ai.api.constant.URi@6d303498
2020-04-13 23:49:43.245 |-INFO  [main] com.ai.api.testcase.TC01_test [40] -| 实际000000
2020-04-13 23:49:43.245 |-INFO  [main] com.ai.api.testcase.TC01_test [42] -| 期望000000
2020-04-13 23:49:43.248 |-INFO  [main] com.ai.api.support.dataDriver.Check [15] -| 期望值=000000, 实际值=000000
2020-04-13 23:49:43.249 |-INFO  [main] com.ai.api.support.dataDriver.Check [20] -| 期望值=不通过, 实际值=通过
2020-04-13 23:49:43.266 |-INFO  [main] com.ai.api.testcase.TC01_test [36] -| 地址com.ai.api.constant.URi@6d303498
2020-04-13 23:49:43.266 |-INFO  [main] com.ai.api.testcase.TC01_test [40] -| 实际000000
2020-04-13 23:49:43.266 |-INFO  [main] com.ai.api.testcase.TC01_test [42] -| 期望000000
2020-04-13 23:49:43.266 |-INFO  [main] com.ai.api.support.dataDriver.Check [15] -| 期望值=000000, 实际值=000000
2020-04-13 23:49:43.267 |-INFO  [main] com.ai.api.support.dataDriver.Check [20] -| 期望值=不通过, 实际值=通过
2020-04-13 23:49:43.299 |-INFO  [Thread-2] org.springframework.context.annotation.AnnotationConfigApplicationContext [991] -| Closing org.springframework.context.annotation.AnnotationConfigApplicationContext@59e2d8e3: startup date [Mon Apr 13 23:49:39 CST 2020]; root of context hierarchy
2020-04-13 23:50:36.157 |-INFO  [main] com.ai.api.testsuite.TestSuite [50] -| Starting TestSuite on OldFaceLee.local with PID 26980 (/Users/macos/Desktop/OldFace/study/api-auto-test/target/classes started by macos in /Users/macos/Desktop/OldFace/study/api-auto-test)
2020-04-13 23:50:36.160 |-INFO  [main] com.ai.api.testsuite.TestSuite [654] -| No active profile set, falling back to default profiles: default
2020-04-13 23:50:36.196 |-INFO  [main] org.springframework.context.annotation.AnnotationConfigApplicationContext [588] -| Refreshing org.springframework.context.annotation.AnnotationConfigApplicationContext@59e2d8e3: startup date [Mon Apr 13 23:50:36 CST 2020]; root of context hierarchy
2020-04-13 23:50:36.874 |-INFO  [main] org.springframework.data.repository.config.RepositoryConfigurationDelegate [172] -| Multiple Spring Data modules found, entering strict repository configuration mode!
2020-04-13 23:50:37.231 |-INFO  [main] org.springframework.beans.factory.annotation.AutowiredAnnotationBeanPostProcessor [153] -| JSR-330 'javax.inject.Inject' annotation found and supported for autowiring
2020-04-13 23:50:38.412 |-INFO  [main] com.ai.api.testsuite.TestSuite [59] -| Started TestSuite in 3.223 seconds (JVM running for 5.403)
2020-04-13 23:50:39.312 |-INFO  [main] com.ai.api.testcase.TC01_test [36] -| 地址com.ai.api.constant.URi@55d9b8f0
2020-04-13 23:50:39.409 |-INFO  [main] com.ai.api.testcase.TC01_test [40] -| 实际000000
2020-04-13 23:50:39.409 |-INFO  [main] com.ai.api.testcase.TC01_test [42] -| 期望000000
2020-04-13 23:50:39.410 |-INFO  [main] com.ai.api.support.dataDriver.Check [15] -| 期望值=000000, 实际值=000000
2020-04-13 23:50:39.412 |-INFO  [main] com.ai.api.support.dataDriver.Check [20] -| 期望值=通过, 实际值=通过
2020-04-13 23:50:39.423 |-INFO  [main] com.ai.api.testcase.TC01_test [36] -| 地址com.ai.api.constant.URi@55d9b8f0
2020-04-13 23:50:39.424 |-INFO  [main] com.ai.api.testcase.TC01_test [40] -| 实际000000
2020-04-13 23:50:39.429 |-INFO  [main] com.ai.api.testcase.TC01_test [42] -| 期望000000
2020-04-13 23:50:39.432 |-INFO  [main] com.ai.api.support.dataDriver.Check [15] -| 期望值=000000, 实际值=000000
2020-04-13 23:50:39.433 |-INFO  [main] com.ai.api.support.dataDriver.Check [20] -| 期望值=不通过, 实际值=通过
2020-04-13 23:50:39.445 |-INFO  [main] com.ai.api.testcase.TC01_test [36] -| 地址com.ai.api.constant.URi@55d9b8f0
2020-04-13 23:50:39.445 |-INFO  [main] com.ai.api.testcase.TC01_test [40] -| 实际000000
2020-04-13 23:50:39.445 |-INFO  [main] com.ai.api.testcase.TC01_test [42] -| 期望000000
2020-04-13 23:50:39.445 |-INFO  [main] com.ai.api.support.dataDriver.Check [15] -| 期望值=000000, 实际值=000000
2020-04-13 23:50:39.446 |-INFO  [main] com.ai.api.support.dataDriver.Check [20] -| 期望值=不通过, 实际值=通过
2020-04-13 23:50:39.474 |-INFO  [Thread-2] org.springframework.context.annotation.AnnotationConfigApplicationContext [991] -| Closing org.springframework.context.annotation.AnnotationConfigApplicationContext@59e2d8e3: startup date [Mon Apr 13 23:50:36 CST 2020]; root of context hierarchy
2020-04-13 23:51:49.904 |-INFO  [main] com.ai.api.testsuite.TestSuite [50] -| Starting TestSuite on OldFaceLee.local with PID 26986 (/Users/macos/Desktop/OldFace/study/api-auto-test/target/classes started by macos in /Users/macos/Desktop/OldFace/study/api-auto-test)
2020-04-13 23:51:49.907 |-INFO  [main] com.ai.api.testsuite.TestSuite [654] -| No active profile set, falling back to default profiles: default
2020-04-13 23:51:49.946 |-INFO  [main] org.springframework.context.annotation.AnnotationConfigApplicationContext [588] -| Refreshing org.springframework.context.annotation.AnnotationConfigApplicationContext@59e2d8e3: startup date [Mon Apr 13 23:51:49 CST 2020]; root of context hierarchy
2020-04-13 23:51:50.745 |-INFO  [main] org.springframework.data.repository.config.RepositoryConfigurationDelegate [172] -| Multiple Spring Data modules found, entering strict repository configuration mode!
2020-04-13 23:51:51.229 |-INFO  [main] org.springframework.beans.factory.annotation.AutowiredAnnotationBeanPostProcessor [153] -| JSR-330 'javax.inject.Inject' annotation found and supported for autowiring
2020-04-13 23:51:52.643 |-INFO  [main] com.ai.api.testsuite.TestSuite [59] -| Started TestSuite in 4.517 seconds (JVM running for 6.585)
2020-04-13 23:51:53.405 |-INFO  [main] com.ai.api.testcase.TC01_test [36] -| 地址com.ai.api.common.ChooseEnv@3419e23b
2020-04-13 23:51:53.538 |-INFO  [main] com.ai.api.testcase.TC01_test [40] -| 实际000000
2020-04-13 23:51:53.539 |-INFO  [main] com.ai.api.testcase.TC01_test [42] -| 期望000000
2020-04-13 23:51:53.540 |-INFO  [main] com.ai.api.support.dataDriver.Check [15] -| 期望值=000000, 实际值=000000
2020-04-13 23:51:53.542 |-INFO  [main] com.ai.api.support.dataDriver.Check [20] -| 期望值=通过, 实际值=通过
2020-04-13 23:51:53.548 |-INFO  [main] com.ai.api.testcase.TC01_test [36] -| 地址com.ai.api.common.ChooseEnv@3419e23b
2020-04-13 23:51:53.563 |-INFO  [main] com.ai.api.testcase.TC01_test [40] -| 实际000000
2020-04-13 23:51:53.569 |-INFO  [main] com.ai.api.testcase.TC01_test [42] -| 期望000000
2020-04-13 23:51:53.570 |-INFO  [main] com.ai.api.support.dataDriver.Check [15] -| 期望值=000000, 实际值=000000
2020-04-13 23:51:53.571 |-INFO  [main] com.ai.api.support.dataDriver.Check [20] -| 期望值=不通过, 实际值=通过
2020-04-13 23:51:53.584 |-INFO  [main] com.ai.api.testcase.TC01_test [36] -| 地址com.ai.api.common.ChooseEnv@3419e23b
2020-04-13 23:51:53.588 |-INFO  [main] com.ai.api.testcase.TC01_test [40] -| 实际000000
2020-04-13 23:51:53.588 |-INFO  [main] com.ai.api.testcase.TC01_test [42] -| 期望000000
2020-04-13 23:51:53.588 |-INFO  [main] com.ai.api.support.dataDriver.Check [15] -| 期望值=000000, 实际值=000000
2020-04-13 23:51:53.588 |-INFO  [main] com.ai.api.support.dataDriver.Check [20] -| 期望值=不通过, 实际值=通过
2020-04-13 23:51:53.614 |-INFO  [Thread-2] org.springframework.context.annotation.AnnotationConfigApplicationContext [991] -| Closing org.springframework.context.annotation.AnnotationConfigApplicationContext@59e2d8e3: startup date [Mon Apr 13 23:51:49 CST 2020]; root of context hierarchy
2020-04-13 23:55:51.255 |-INFO  [main] com.ai.api.testsuite.TestSuite [50] -| Starting TestSuite on OldFaceLee.local with PID 26998 (/Users/macos/Desktop/OldFace/study/api-auto-test/target/classes started by macos in /Users/macos/Desktop/OldFace/study/api-auto-test)
2020-04-13 23:55:51.257 |-INFO  [main] com.ai.api.testsuite.TestSuite [654] -| No active profile set, falling back to default profiles: default
2020-04-13 23:55:51.286 |-INFO  [main] org.springframework.context.annotation.AnnotationConfigApplicationContext [588] -| Refreshing org.springframework.context.annotation.AnnotationConfigApplicationContext@59e2d8e3: startup date [Mon Apr 13 23:55:51 CST 2020]; root of context hierarchy
2020-04-13 23:55:52.021 |-INFO  [main] org.springframework.data.repository.config.RepositoryConfigurationDelegate [172] -| Multiple Spring Data modules found, entering strict repository configuration mode!
2020-04-13 23:55:52.398 |-INFO  [main] org.springframework.beans.factory.annotation.AutowiredAnnotationBeanPostProcessor [153] -| JSR-330 'javax.inject.Inject' annotation found and supported for autowiring
2020-04-13 23:55:53.494 |-INFO  [main] com.ai.api.testsuite.TestSuite [59] -| Started TestSuite in 3.209 seconds (JVM running for 5.101)
2020-04-13 23:55:54.415 |-INFO  [main] com.ai.api.support.dataDriver.Check [15] -| 期望值=000000, 实际值=000000
2020-04-13 23:55:54.428 |-INFO  [Thread-2] org.springframework.context.annotation.AnnotationConfigApplicationContext [991] -| Closing org.springframework.context.annotation.AnnotationConfigApplicationContext@59e2d8e3: startup date [Mon Apr 13 23:55:51 CST 2020]; root of context hierarchy
2020-04-13 23:56:05.686 |-INFO  [main] com.ai.api.testsuite.TestSuite [50] -| Starting TestSuite on OldFaceLee.local with PID 27002 (/Users/macos/Desktop/OldFace/study/api-auto-test/target/classes started by macos in /Users/macos/Desktop/OldFace/study/api-auto-test)
2020-04-13 23:56:05.699 |-INFO  [main] com.ai.api.testsuite.TestSuite [654] -| No active profile set, falling back to default profiles: default
2020-04-13 23:56:05.755 |-INFO  [main] org.springframework.context.annotation.AnnotationConfigApplicationContext [588] -| Refreshing org.springframework.context.annotation.AnnotationConfigApplicationContext@59e2d8e3: startup date [Mon Apr 13 23:56:05 CST 2020]; root of context hierarchy
2020-04-13 23:56:06.409 |-INFO  [main] org.springframework.data.repository.config.RepositoryConfigurationDelegate [172] -| Multiple Spring Data modules found, entering strict repository configuration mode!
2020-04-13 23:56:06.761 |-INFO  [main] org.springframework.beans.factory.annotation.AutowiredAnnotationBeanPostProcessor [153] -| JSR-330 'javax.inject.Inject' annotation found and supported for autowiring
2020-04-13 23:56:07.846 |-INFO  [main] com.ai.api.testsuite.TestSuite [59] -| Started TestSuite in 3.047 seconds (JVM running for 5.322)
2020-04-13 23:56:08.698 |-INFO  [main] com.ai.api.testcase.TC01_test [36] -| 地址null
2020-04-13 23:56:08.795 |-INFO  [main] com.ai.api.testcase.TC01_test [40] -| 实际000000
2020-04-13 23:56:08.795 |-INFO  [main] com.ai.api.testcase.TC01_test [42] -| 期望000000
2020-04-13 23:56:08.796 |-INFO  [main] com.ai.api.support.dataDriver.Check [15] -| 期望值=000000, 实际值=000000
2020-04-13 23:56:08.798 |-INFO  [main] com.ai.api.support.dataDriver.Check [20] -| 期望值=通过, 实际值=通过
2020-04-13 23:56:08.799 |-INFO  [main] com.ai.api.testcase.TC01_test [36] -| 地址null
2020-04-13 23:56:08.800 |-INFO  [main] com.ai.api.testcase.TC01_test [40] -| 实际000000
2020-04-13 23:56:08.802 |-INFO  [main] com.ai.api.testcase.TC01_test [42] -| 期望000000
2020-04-13 23:56:08.802 |-INFO  [main] com.ai.api.support.dataDriver.Check [15] -| 期望值=000000, 实际值=000000
2020-04-13 23:56:08.803 |-INFO  [main] com.ai.api.support.dataDriver.Check [20] -| 期望值=不通过, 实际值=通过
2020-04-13 23:56:08.815 |-INFO  [main] com.ai.api.testcase.TC01_test [36] -| 地址null
2020-04-13 23:56:08.816 |-INFO  [main] com.ai.api.testcase.TC01_test [40] -| 实际000000
2020-04-13 23:56:08.816 |-INFO  [main] com.ai.api.testcase.TC01_test [42] -| 期望000000
2020-04-13 23:56:08.816 |-INFO  [main] com.ai.api.support.dataDriver.Check [15] -| 期望值=000000, 实际值=000000
2020-04-13 23:56:08.816 |-INFO  [main] com.ai.api.support.dataDriver.Check [20] -| 期望值=不通过, 实际值=通过
2020-04-13 23:56:08.836 |-INFO  [Thread-2] org.springframework.context.annotation.AnnotationConfigApplicationContext [991] -| Closing org.springframework.context.annotation.AnnotationConfigApplicationContext@59e2d8e3: startup date [Mon Apr 13 23:56:05 CST 2020]; root of context hierarchy
2020-04-13 23:56:44.609 |-INFO  [main] com.ai.api.testsuite.TestSuite [50] -| Starting TestSuite on OldFaceLee.local with PID 27005 (/Users/macos/Desktop/OldFace/study/api-auto-test/target/classes started by macos in /Users/macos/Desktop/OldFace/study/api-auto-test)
2020-04-13 23:56:44.611 |-INFO  [main] com.ai.api.testsuite.TestSuite [654] -| No active profile set, falling back to default profiles: default
2020-04-13 23:56:44.636 |-INFO  [main] org.springframework.context.annotation.AnnotationConfigApplicationContext [588] -| Refreshing org.springframework.context.annotation.AnnotationConfigApplicationContext@622ef26a: startup date [Mon Apr 13 23:56:44 CST 2020]; root of context hierarchy
2020-04-13 23:56:45.300 |-INFO  [main] org.springframework.data.repository.config.RepositoryConfigurationDelegate [172] -| Multiple Spring Data modules found, entering strict repository configuration mode!
2020-04-13 23:56:45.651 |-INFO  [main] org.springframework.beans.factory.annotation.AutowiredAnnotationBeanPostProcessor [153] -| JSR-330 'javax.inject.Inject' annotation found and supported for autowiring
2020-04-13 23:56:46.815 |-INFO  [main] com.ai.api.testsuite.TestSuite [59] -| Started TestSuite in 3.016 seconds (JVM running for 5.761)
2020-04-14 00:00:28.032 |-INFO  [main] com.ai.api.testcase.TC01_test [36] -| 地址null
2020-04-14 00:00:28.091 |-INFO  [Thread-2] org.springframework.context.annotation.AnnotationConfigApplicationContext [991] -| Closing org.springframework.context.annotation.AnnotationConfigApplicationContext@622ef26a: startup date [Mon Apr 13 23:56:44 CST 2020]; root of context hierarchy
2020-04-14 00:00:39.186 |-INFO  [main] com.ai.api.testsuite.TestSuite [50] -| Starting TestSuite on OldFaceLee.local with PID 27020 (/Users/macos/Desktop/OldFace/study/api-auto-test/target/classes started by macos in /Users/macos/Desktop/OldFace/study/api-auto-test)
2020-04-14 00:00:39.190 |-INFO  [main] com.ai.api.testsuite.TestSuite [654] -| No active profile set, falling back to default profiles: default
2020-04-14 00:00:39.227 |-INFO  [main] org.springframework.context.annotation.AnnotationConfigApplicationContext [588] -| Refreshing org.springframework.context.annotation.AnnotationConfigApplicationContext@57a4d5ee: startup date [Tue Apr 14 00:00:39 CST 2020]; root of context hierarchy
2020-04-14 00:00:40.069 |-INFO  [main] org.springframework.data.repository.config.RepositoryConfigurationDelegate [172] -| Multiple Spring Data modules found, entering strict repository configuration mode!
2020-04-14 00:00:40.451 |-INFO  [main] org.springframework.beans.factory.annotation.AutowiredAnnotationBeanPostProcessor [153] -| JSR-330 'javax.inject.Inject' annotation found and supported for autowiring
2020-04-14 00:00:41.698 |-INFO  [main] com.ai.api.testsuite.TestSuite [59] -| Started TestSuite in 3.382 seconds (JVM running for 5.957)
2020-04-14 00:01:22.109 |-INFO  [main] com.ai.api.testcase.TC01_test [36] -| 地址null
2020-04-14 00:01:22.172 |-INFO  [Thread-2] org.springframework.context.annotation.AnnotationConfigApplicationContext [991] -| Closing org.springframework.context.annotation.AnnotationConfigApplicationContext@57a4d5ee: startup date [Tue Apr 14 00:00:39 CST 2020]; root of context hierarchy
2020-04-14 00:01:22.214 |-INFO  [main] com.ai.api.testcase.TC01_test [40] -| 实际000000
2020-04-14 00:01:22.215 |-INFO  [main] com.ai.api.testcase.TC01_test [42] -| 期望000000
2020-04-14 00:02:36.916 |-INFO  [main] com.ai.api.testsuite.TestSuite [50] -| Starting TestSuite on OldFaceLee.local with PID 27025 (/Users/macos/Desktop/OldFace/study/api-auto-test/target/classes started by macos in /Users/macos/Desktop/OldFace/study/api-auto-test)
2020-04-14 00:02:36.927 |-INFO  [main] com.ai.api.testsuite.TestSuite [654] -| No active profile set, falling back to default profiles: default
2020-04-14 00:02:36.991 |-INFO  [main] org.springframework.context.annotation.AnnotationConfigApplicationContext [588] -| Refreshing org.springframework.context.annotation.AnnotationConfigApplicationContext@59e2d8e3: startup date [Tue Apr 14 00:02:36 CST 2020]; root of context hierarchy
2020-04-14 00:02:37.692 |-INFO  [main] org.springframework.data.repository.config.RepositoryConfigurationDelegate [172] -| Multiple Spring Data modules found, entering strict repository configuration mode!
2020-04-14 00:02:38.037 |-INFO  [main] org.springframework.beans.factory.annotation.AutowiredAnnotationBeanPostProcessor [153] -| JSR-330 'javax.inject.Inject' annotation found and supported for autowiring
2020-04-14 00:02:39.144 |-INFO  [main] com.ai.api.testsuite.TestSuite [59] -| Started TestSuite in 3.233 seconds (JVM running for 5.28)
2020-04-14 00:02:39.914 |-INFO  [main] com.ai.api.testcase.TC01_test [36] -| 地址null
2020-04-14 00:02:39.998 |-INFO  [main] com.ai.api.testcase.TC01_test [40] -| 实际000000
2020-04-14 00:02:39.998 |-INFO  [main] com.ai.api.testcase.TC01_test [42] -| 期望000000
2020-04-14 00:02:39.999 |-INFO  [main] com.ai.api.support.dataDriver.Check [15] -| 期望值=000000, 实际值=000000
2020-04-14 00:02:40.001 |-INFO  [main] com.ai.api.support.dataDriver.Check [20] -| 期望值=通过, 实际值=通过
2020-04-14 00:02:40.003 |-INFO  [main] com.ai.api.testcase.TC01_test [36] -| 地址null
2020-04-14 00:02:40.007 |-INFO  [main] com.ai.api.testcase.TC01_test [40] -| 实际000000
2020-04-14 00:02:40.008 |-INFO  [main] com.ai.api.testcase.TC01_test [42] -| 期望000000
2020-04-14 00:02:40.008 |-INFO  [main] com.ai.api.support.dataDriver.Check [15] -| 期望值=000000, 实际值=000000
2020-04-14 00:02:40.008 |-INFO  [main] com.ai.api.support.dataDriver.Check [20] -| 期望值=不通过, 实际值=通过
2020-04-14 00:02:40.027 |-INFO  [main] com.ai.api.testcase.TC01_test [36] -| 地址null
2020-04-14 00:02:40.028 |-INFO  [main] com.ai.api.testcase.TC01_test [40] -| 实际000000
2020-04-14 00:02:40.028 |-INFO  [main] com.ai.api.testcase.TC01_test [42] -| 期望000000
2020-04-14 00:02:40.028 |-INFO  [main] com.ai.api.support.dataDriver.Check [15] -| 期望值=000000, 实际值=000000
2020-04-14 00:02:40.028 |-INFO  [main] com.ai.api.support.dataDriver.Check [20] -| 期望值=不通过, 实际值=通过
2020-04-14 00:02:40.076 |-INFO  [Thread-2] org.springframework.context.annotation.AnnotationConfigApplicationContext [991] -| Closing org.springframework.context.annotation.AnnotationConfigApplicationContext@59e2d8e3: startup date [Tue Apr 14 00:02:36 CST 2020]; root of context hierarchy
2020-04-14 00:03:14.059 |-INFO  [main] com.ai.api.testsuite.TestSuite [50] -| Starting TestSuite on OldFaceLee.local with PID 27028 (/Users/macos/Desktop/OldFace/study/api-auto-test/target/classes started by macos in /Users/macos/Desktop/OldFace/study/api-auto-test)
2020-04-14 00:03:14.061 |-INFO  [main] com.ai.api.testsuite.TestSuite [654] -| No active profile set, falling back to default profiles: default
2020-04-14 00:03:14.087 |-INFO  [main] org.springframework.context.annotation.AnnotationConfigApplicationContext [588] -| Refreshing org.springframework.context.annotation.AnnotationConfigApplicationContext@6b739528: startup date [Tue Apr 14 00:03:14 CST 2020]; root of context hierarchy
2020-04-14 00:03:14.962 |-INFO  [main] org.springframework.data.repository.config.RepositoryConfigurationDelegate [172] -| Multiple Spring Data modules found, entering strict repository configuration mode!
2020-04-14 00:03:15.376 |-INFO  [main] org.springframework.beans.factory.annotation.AutowiredAnnotationBeanPostProcessor [153] -| JSR-330 'javax.inject.Inject' annotation found and supported for autowiring
2020-04-14 00:03:17.413 |-INFO  [main] com.ai.api.testsuite.TestSuite [59] -| Started TestSuite in 4.235 seconds (JVM running for 7.122)
2020-04-14 00:05:17.344 |-INFO  [main] com.ai.api.testcase.TC01_test [36] -| 地址null
2020-04-14 00:05:17.433 |-INFO  [Thread-2] org.springframework.context.annotation.AnnotationConfigApplicationContext [991] -| Closing org.springframework.context.annotation.AnnotationConfigApplicationContext@6b739528: startup date [Tue Apr 14 00:03:14 CST 2020]; root of context hierarchy
2020-04-14 00:05:17.474 |-INFO  [main] com.ai.api.testcase.TC01_test [40] -| 实际000000
2020-04-14 00:05:17.476 |-INFO  [main] com.ai.api.testcase.TC01_test [42] -| 期望000000
2020-04-14 00:05:28.291 |-INFO  [main] com.ai.api.testsuite.TestSuite [50] -| Starting TestSuite on OldFaceLee.local with PID 27047 (/Users/macos/Desktop/OldFace/study/api-auto-test/target/classes started by macos in /Users/macos/Desktop/OldFace/study/api-auto-test)
2020-04-14 00:05:28.303 |-INFO  [main] com.ai.api.testsuite.TestSuite [654] -| No active profile set, falling back to default profiles: default
2020-04-14 00:05:28.350 |-INFO  [main] org.springframework.context.annotation.AnnotationConfigApplicationContext [588] -| Refreshing org.springframework.context.annotation.AnnotationConfigApplicationContext@59e2d8e3: startup date [Tue Apr 14 00:05:28 CST 2020]; root of context hierarchy
2020-04-14 00:05:28.992 |-INFO  [main] org.springframework.data.repository.config.RepositoryConfigurationDelegate [172] -| Multiple Spring Data modules found, entering strict repository configuration mode!
2020-04-14 00:05:29.305 |-INFO  [main] org.springframework.beans.factory.annotation.AutowiredAnnotationBeanPostProcessor [153] -| JSR-330 'javax.inject.Inject' annotation found and supported for autowiring
2020-04-14 00:05:30.487 |-INFO  [main] com.ai.api.testsuite.TestSuite [59] -| Started TestSuite in 3.445 seconds (JVM running for 5.823)
2020-04-14 00:05:31.417 |-INFO  [main] com.ai.api.testcase.TC01_test [36] -| 地址sand
2020-04-14 00:05:31.499 |-INFO  [main] com.ai.api.testcase.TC01_test [40] -| 实际000000
2020-04-14 00:05:31.500 |-INFO  [main] com.ai.api.testcase.TC01_test [42] -| 期望000000
2020-04-14 00:05:31.501 |-INFO  [main] com.ai.api.support.dataDriver.Check [15] -| 期望值=000000, 实际值=000000
2020-04-14 00:05:31.502 |-INFO  [main] com.ai.api.support.dataDriver.Check [20] -| 期望值=通过, 实际值=通过
2020-04-14 00:05:31.504 |-INFO  [main] com.ai.api.testcase.TC01_test [36] -| 地址sand
2020-04-14 00:05:31.505 |-INFO  [main] com.ai.api.testcase.TC01_test [40] -| 实际000000
2020-04-14 00:05:31.505 |-INFO  [main] com.ai.api.testcase.TC01_test [42] -| 期望000000
2020-04-14 00:05:31.505 |-INFO  [main] com.ai.api.support.dataDriver.Check [15] -| 期望值=000000, 实际值=000000
2020-04-14 00:05:31.505 |-INFO  [main] com.ai.api.support.dataDriver.Check [20] -| 期望值=不通过, 实际值=通过
2020-04-14 00:05:31.527 |-INFO  [main] com.ai.api.testcase.TC01_test [36] -| 地址sand
2020-04-14 00:05:31.536 |-INFO  [main] com.ai.api.testcase.TC01_test [40] -| 实际000000
2020-04-14 00:05:31.537 |-INFO  [main] com.ai.api.testcase.TC01_test [42] -| 期望000000
2020-04-14 00:05:31.538 |-INFO  [main] com.ai.api.support.dataDriver.Check [15] -| 期望值=000000, 实际值=000000
2020-04-14 00:05:31.540 |-INFO  [main] com.ai.api.support.dataDriver.Check [20] -| 期望值=不通过, 实际值=通过
2020-04-14 00:05:31.556 |-INFO  [Thread-2] org.springframework.context.annotation.AnnotationConfigApplicationContext [991] -| Closing org.springframework.context.annotation.AnnotationConfigApplicationContext@59e2d8e3: startup date [Tue Apr 14 00:05:28 CST 2020]; root of context hierarchy
2020-04-14 00:07:20.160 |-INFO  [main] com.ai.api.testsuite.TestSuite [50] -| Starting TestSuite on OldFaceLee.local with PID 27051 (/Users/macos/Desktop/OldFace/study/api-auto-test/target/classes started by macos in /Users/macos/Desktop/OldFace/study/api-auto-test)
2020-04-14 00:07:20.164 |-INFO  [main] com.ai.api.testsuite.TestSuite [654] -| No active profile set, falling back to default profiles: default
2020-04-14 00:07:20.187 |-INFO  [main] org.springframework.context.annotation.AnnotationConfigApplicationContext [588] -| Refreshing org.springframework.context.annotation.AnnotationConfigApplicationContext@59e2d8e3: startup date [Tue Apr 14 00:07:20 CST 2020]; root of context hierarchy
2020-04-14 00:07:20.938 |-INFO  [main] org.springframework.data.repository.config.RepositoryConfigurationDelegate [172] -| Multiple Spring Data modules found, entering strict repository configuration mode!
2020-04-14 00:07:21.262 |-INFO  [main] org.springframework.beans.factory.annotation.AutowiredAnnotationBeanPostProcessor [153] -| JSR-330 'javax.inject.Inject' annotation found and supported for autowiring
2020-04-14 00:07:22.685 |-INFO  [main] com.ai.api.testsuite.TestSuite [59] -| Started TestSuite in 3.479 seconds (JVM running for 5.388)
2020-04-14 00:07:23.596 |-INFO  [main] com.ai.api.testcase.TC01_test [36] -| 地址null
2020-04-14 00:07:23.692 |-INFO  [main] com.ai.api.testcase.TC01_test [40] -| 实际000000
2020-04-14 00:07:23.693 |-INFO  [main] com.ai.api.testcase.TC01_test [42] -| 期望000000
2020-04-14 00:07:23.694 |-INFO  [main] com.ai.api.support.dataDriver.Check [15] -| 期望值=000000, 实际值=000000
2020-04-14 00:07:23.696 |-INFO  [main] com.ai.api.support.dataDriver.Check [20] -| 期望值=通过, 实际值=通过
2020-04-14 00:07:23.712 |-INFO  [main] com.ai.api.testcase.TC01_test [36] -| 地址null
2020-04-14 00:07:23.716 |-INFO  [main] com.ai.api.testcase.TC01_test [40] -| 实际000000
2020-04-14 00:07:23.717 |-INFO  [main] com.ai.api.testcase.TC01_test [42] -| 期望000000
2020-04-14 00:07:23.718 |-INFO  [main] com.ai.api.support.dataDriver.Check [15] -| 期望值=000000, 实际值=000000
2020-04-14 00:07:23.718 |-INFO  [main] com.ai.api.support.dataDriver.Check [20] -| 期望值=不通过, 实际值=通过
2020-04-14 00:07:23.748 |-INFO  [main] com.ai.api.testcase.TC01_test [36] -| 地址null
2020-04-14 00:07:23.748 |-INFO  [main] com.ai.api.testcase.TC01_test [40] -| 实际000000
2020-04-14 00:07:23.750 |-INFO  [main] com.ai.api.testcase.TC01_test [42] -| 期望000000
2020-04-14 00:07:23.755 |-INFO  [main] com.ai.api.support.dataDriver.Check [15] -| 期望值=000000, 实际值=000000
2020-04-14 00:07:23.756 |-INFO  [main] com.ai.api.support.dataDriver.Check [20] -| 期望值=不通过, 实际值=通过
2020-04-14 00:07:23.790 |-INFO  [Thread-2] org.springframework.context.annotation.AnnotationConfigApplicationContext [991] -| Closing org.springframework.context.annotation.AnnotationConfigApplicationContext@59e2d8e3: startup date [Tue Apr 14 00:07:20 CST 2020]; root of context hierarchy
2020-04-14 00:08:13.638 |-INFO  [main] com.ai.api.testsuite.TestSuite [50] -| Starting TestSuite on OldFaceLee.local with PID 27057 (/Users/macos/Desktop/OldFace/study/api-auto-test/target/classes started by macos in /Users/macos/Desktop/OldFace/study/api-auto-test)
2020-04-14 00:08:13.646 |-INFO  [main] com.ai.api.testsuite.TestSuite [654] -| No active profile set, falling back to default profiles: default
2020-04-14 00:08:13.688 |-INFO  [main] org.springframework.context.annotation.AnnotationConfigApplicationContext [588] -| Refreshing org.springframework.context.annotation.AnnotationConfigApplicationContext@59e2d8e3: startup date [Tue Apr 14 00:08:13 CST 2020]; root of context hierarchy
2020-04-14 00:08:14.459 |-INFO  [main] org.springframework.data.repository.config.RepositoryConfigurationDelegate [172] -| Multiple Spring Data modules found, entering strict repository configuration mode!
2020-04-14 00:08:14.834 |-INFO  [main] org.springframework.beans.factory.annotation.AutowiredAnnotationBeanPostProcessor [153] -| JSR-330 'javax.inject.Inject' annotation found and supported for autowiring
2020-04-14 00:08:16.051 |-INFO  [main] com.ai.api.testsuite.TestSuite [59] -| Started TestSuite in 3.362 seconds (JVM running for 5.195)
2020-04-14 00:08:16.897 |-INFO  [main] com.ai.api.testcase.TC01_test [36] -| 地址d
2020-04-14 00:08:17.019 |-INFO  [main] com.ai.api.testcase.TC01_test [40] -| 实际000000
2020-04-14 00:08:17.020 |-INFO  [main] com.ai.api.testcase.TC01_test [42] -| 期望000000
2020-04-14 00:08:17.021 |-INFO  [main] com.ai.api.support.dataDriver.Check [15] -| 期望值=000000, 实际值=000000
2020-04-14 00:08:17.023 |-INFO  [main] com.ai.api.support.dataDriver.Check [20] -| 期望值=通过, 实际值=通过
2020-04-14 00:08:17.027 |-INFO  [main] com.ai.api.testcase.TC01_test [36] -| 地址d
2020-04-14 00:08:17.027 |-INFO  [main] com.ai.api.testcase.TC01_test [40] -| 实际000000
2020-04-14 00:08:17.027 |-INFO  [main] com.ai.api.testcase.TC01_test [42] -| 期望000000
2020-04-14 00:08:17.027 |-INFO  [main] com.ai.api.support.dataDriver.Check [15] -| 期望值=000000, 实际值=000000
2020-04-14 00:08:17.027 |-INFO  [main] com.ai.api.support.dataDriver.Check [20] -| 期望值=不通过, 实际值=通过
2020-04-14 00:08:17.060 |-INFO  [main] com.ai.api.testcase.TC01_test [36] -| 地址d
2020-04-14 00:08:17.062 |-INFO  [main] com.ai.api.testcase.TC01_test [40] -| 实际000000
2020-04-14 00:08:17.063 |-INFO  [main] com.ai.api.testcase.TC01_test [42] -| 期望000000
2020-04-14 00:08:17.064 |-INFO  [main] com.ai.api.support.dataDriver.Check [15] -| 期望值=000000, 实际值=000000
2020-04-14 00:08:17.064 |-INFO  [main] com.ai.api.support.dataDriver.Check [20] -| 期望值=不通过, 实际值=通过
2020-04-14 00:08:17.074 |-INFO  [Thread-2] org.springframework.context.annotation.AnnotationConfigApplicationContext [991] -| Closing org.springframework.context.annotation.AnnotationConfigApplicationContext@59e2d8e3: startup date [Tue Apr 14 00:08:13 CST 2020]; root of context hierarchy
2020-04-14 11:30:58.712 |-INFO  [main] com.ai.api.Application [50] -| Starting Application on bogon with PID 27696 (/Users/macos/Desktop/OldFace/study/api-auto-test/target/classes started by macos in /Users/macos/Desktop/OldFace/study/api-auto-test)
2020-04-14 11:30:58.721 |-INFO  [main] com.ai.api.Application [654] -| No active profile set, falling back to default profiles: default
2020-04-14 11:30:58.810 |-INFO  [main] org.springframework.context.annotation.AnnotationConfigApplicationContext [588] -| Refreshing org.springframework.context.annotation.AnnotationConfigApplicationContext@10683d9d: startup date [Tue Apr 14 11:30:58 CST 2020]; root of context hierarchy
2020-04-14 11:30:59.511 |-INFO  [main] org.springframework.data.repository.config.RepositoryConfigurationDelegate [172] -| Multiple Spring Data modules found, entering strict repository configuration mode!
2020-04-14 11:30:59.746 |-INFO  [main] org.springframework.beans.factory.annotation.AutowiredAnnotationBeanPostProcessor [153] -| JSR-330 'javax.inject.Inject' annotation found and supported for autowiring
2020-04-14 11:30:59.877 |-WARN  [main] org.springframework.context.annotation.AnnotationConfigApplicationContext [556] -| Exception encountered during context initialization - cancelling refresh attempt: org.springframework.beans.factory.BeanCreationException: Error creating bean with name 'TC03_testObj': Injection of resource dependencies failed; nested exception is org.springframework.beans.factory.NoSuchBeanDefinitionException: No qualifying bean of type 'com.ai.api.testcase.RequetObject' available: expected at least 1 bean which qualifies as autowire candidate. Dependency annotations: {@javax.annotation.Resource(shareable=true, lookup=, name=, description=, authenticationType=CONTAINER, type=class java.lang.Object, mappedName=)}
2020-04-14 11:30:59.887 |-INFO  [main] org.springframework.boot.autoconfigure.logging.ConditionEvaluationReportLoggingListener [142] -| 

Error starting ApplicationContext. To display the conditions report re-run your application with 'debug' enabled.
2020-04-14 11:31:00.167 |-ERROR [main] org.springframework.boot.diagnostics.LoggingFailureAnalysisReporter [42] -| 

***************************
APPLICATION FAILED TO START
***************************

Description:

A component required a bean of type 'com.ai.api.testcase.RequetObject' that could not be found.


Action:

Consider defining a bean of type 'com.ai.api.testcase.RequetObject' in your configuration.

2020-04-14 11:32:09.139 |-INFO  [main] com.ai.api.Application [50] -| Starting Application on bogon with PID 27720 (/Users/macos/Desktop/OldFace/study/api-auto-test/target/classes started by macos in /Users/macos/Desktop/OldFace/study/api-auto-test)
2020-04-14 11:32:09.144 |-INFO  [main] com.ai.api.Application [654] -| No active profile set, falling back to default profiles: default
2020-04-14 11:32:09.184 |-INFO  [main] org.springframework.context.annotation.AnnotationConfigApplicationContext [588] -| Refreshing org.springframework.context.annotation.AnnotationConfigApplicationContext@44c03695: startup date [Tue Apr 14 11:32:09 CST 2020]; root of context hierarchy
2020-04-14 11:32:09.668 |-INFO  [main] org.springframework.data.repository.config.RepositoryConfigurationDelegate [172] -| Multiple Spring Data modules found, entering strict repository configuration mode!
2020-04-14 11:32:09.847 |-INFO  [main] org.springframework.beans.factory.annotation.AutowiredAnnotationBeanPostProcessor [153] -| JSR-330 'javax.inject.Inject' annotation found and supported for autowiring
2020-04-14 11:32:10.560 |-INFO  [main] org.springframework.jmx.export.annotation.AnnotationMBeanExporter [433] -| Registering beans for JMX exposure on startup
2020-04-14 11:32:10.575 |-INFO  [main] com.ai.api.Application [59] -| Started Application in 2.002 seconds (JVM running for 4.034)
2020-04-14 11:32:10.578 |-INFO  [Thread-7] org.springframework.context.annotation.AnnotationConfigApplicationContext [991] -| Closing org.springframework.context.annotation.AnnotationConfigApplicationContext@44c03695: startup date [Tue Apr 14 11:32:09 CST 2020]; root of context hierarchy
2020-04-14 11:32:10.594 |-INFO  [Thread-7] org.springframework.jmx.export.annotation.AnnotationMBeanExporter [451] -| Unregistering JMX-exposed beans on shutdown
2020-04-14 11:33:04.199 |-INFO  [main] com.ai.api.Application [50] -| Starting Application on bogon with PID 27727 (/Users/macos/Desktop/OldFace/study/api-auto-test/target/classes started by macos in /Users/macos/Desktop/OldFace/study/api-auto-test)
2020-04-14 11:33:04.213 |-INFO  [main] com.ai.api.Application [654] -| No active profile set, falling back to default profiles: default
2020-04-14 11:33:04.278 |-INFO  [main] org.springframework.context.annotation.AnnotationConfigApplicationContext [588] -| Refreshing org.springframework.context.annotation.AnnotationConfigApplicationContext@10683d9d: startup date [Tue Apr 14 11:33:04 CST 2020]; root of context hierarchy
2020-04-14 11:33:04.949 |-INFO  [main] org.springframework.data.repository.config.RepositoryConfigurationDelegate [172] -| Multiple Spring Data modules found, entering strict repository configuration mode!
2020-04-14 11:33:05.130 |-INFO  [main] org.springframework.beans.factory.annotation.AutowiredAnnotationBeanPostProcessor [153] -| JSR-330 'javax.inject.Inject' annotation found and supported for autowiring
2020-04-14 11:33:05.712 |-INFO  [main] org.springframework.jmx.export.annotation.AnnotationMBeanExporter [433] -| Registering beans for JMX exposure on startup
2020-04-14 11:33:05.729 |-INFO  [main] com.ai.api.Application [59] -| Started Application in 2.314 seconds (JVM running for 3.202)
2020-04-14 11:33:05.854 |-INFO  [main] org.springframework.boot.test.context.SpringBootTestContextBootstrapper [308] -| Neither @ContextConfiguration nor @ContextHierarchy found for test class [com.ai.api.testsuite.TestSuite], using SpringBootContextLoader
2020-04-14 11:33:05.855 |-INFO  [main] org.springframework.test.context.support.AbstractContextLoader [264] -| Could not detect default resource locations for test class [com.ai.api.testsuite.TestSuite]: no resource found for suffixes {-context.xml, Context.groovy}.
2020-04-14 11:33:05.929 |-INFO  [main] org.springframework.boot.test.context.SpringBootTestContextBootstrapper [177] -| Using TestExecutionListeners: [org.springframework.test.context.web.ServletTestExecutionListener@3ae66c85, org.springframework.test.context.support.DirtiesContextBeforeModesTestExecutionListener@16943e88, org.springframework.test.context.support.DependencyInjectionTestExecutionListener@4604b900, org.springframework.test.context.support.DirtiesContextTestExecutionListener@73d6d0c]
2020-04-14 11:33:06.010 |-INFO  [main] com.ai.api.testsuite.TestSuite [50] -| Starting TestSuite on bogon with PID 27727 (/Users/macos/Desktop/OldFace/study/api-auto-test/target/classes started by macos in /Users/macos/Desktop/OldFace/study/api-auto-test)
2020-04-14 11:33:06.011 |-INFO  [main] com.ai.api.testsuite.TestSuite [654] -| No active profile set, falling back to default profiles: default
2020-04-14 11:33:06.014 |-INFO  [main] org.springframework.context.annotation.AnnotationConfigApplicationContext [588] -| Refreshing org.springframework.context.annotation.AnnotationConfigApplicationContext@2e6ba49a: startup date [Tue Apr 14 11:33:06 CST 2020]; root of context hierarchy
2020-04-14 11:33:06.145 |-INFO  [main] org.springframework.data.repository.config.RepositoryConfigurationDelegate [172] -| Multiple Spring Data modules found, entering strict repository configuration mode!
2020-04-14 11:33:06.280 |-INFO  [main] org.springframework.beans.factory.annotation.AutowiredAnnotationBeanPostProcessor [153] -| JSR-330 'javax.inject.Inject' annotation found and supported for autowiring
2020-04-14 11:33:06.345 |-WARN  [main] org.springframework.context.annotation.AnnotationConfigApplicationContext [556] -| Exception encountered during context initialization - cancelling refresh attempt: org.springframework.beans.factory.BeanCreationException: Error creating bean with name 'springApplicationAdminRegistrar' defined in class path resource [org/springframework/boot/autoconfigure/admin/SpringApplicationAdminJmxAutoConfiguration.class]: Invocation of init method failed; nested exception is javax.management.InstanceAlreadyExistsException: org.springframework.boot:type=Admin,name=SpringApplication
2020-04-14 11:33:06.348 |-INFO  [main] org.springframework.boot.autoconfigure.logging.ConditionEvaluationReportLoggingListener [142] -| 

Error starting ApplicationContext. To display the conditions report re-run your application with 'debug' enabled.
2020-04-14 11:33:06.362 |-ERROR [main] org.springframework.boot.SpringApplication [837] -| Application run failed
org.springframework.beans.factory.BeanCreationException: Error creating bean with name 'springApplicationAdminRegistrar' defined in class path resource [org/springframework/boot/autoconfigure/admin/SpringApplicationAdminJmxAutoConfiguration.class]: Invocation of init method failed; nested exception is javax.management.InstanceAlreadyExistsException: org.springframework.boot:type=Admin,name=SpringApplication
	at org.springframework.beans.factory.support.AbstractAutowireCapableBeanFactory.initializeBean(AbstractAutowireCapableBeanFactory.java:1694)
	at org.springframework.beans.factory.support.AbstractAutowireCapableBeanFactory.doCreateBean(AbstractAutowireCapableBeanFactory.java:573)
	at org.springframework.beans.factory.support.AbstractAutowireCapableBeanFactory.createBean(AbstractAutowireCapableBeanFactory.java:495)
	at org.springframework.beans.factory.support.AbstractBeanFactory.lambda$doGetBean$0(AbstractBeanFactory.java:317)
	at org.springframework.beans.factory.support.DefaultSingletonBeanRegistry.getSingleton(DefaultSingletonBeanRegistry.java:222)
	at org.springframework.beans.factory.support.AbstractBeanFactory.doGetBean(AbstractBeanFactory.java:315)
	at org.springframework.beans.factory.support.AbstractBeanFactory.getBean(AbstractBeanFactory.java:199)
	at org.springframework.beans.factory.support.DefaultListableBeanFactory.preInstantiateSingletons(DefaultListableBeanFactory.java:759)
	at org.springframework.context.support.AbstractApplicationContext.finishBeanFactoryInitialization(AbstractApplicationContext.java:867)
	at org.springframework.context.support.AbstractApplicationContext.refresh(AbstractApplicationContext.java:548)
	at org.springframework.boot.SpringApplication.refresh(SpringApplication.java:754)
	at org.springframework.boot.SpringApplication.refreshContext(SpringApplication.java:386)
	at org.springframework.boot.SpringApplication.run(SpringApplication.java:307)
	at org.springframework.boot.test.context.SpringBootContextLoader.loadContext(SpringBootContextLoader.java:127)
	at org.springframework.test.context.cache.DefaultCacheAwareContextLoaderDelegate.loadContextInternal(DefaultCacheAwareContextLoaderDelegate.java:99)
	at org.springframework.test.context.cache.DefaultCacheAwareContextLoaderDelegate.loadContext(DefaultCacheAwareContextLoaderDelegate.java:117)
	at org.springframework.test.context.support.DefaultTestContext.getApplicationContext(DefaultTestContext.java:108)
	at org.springframework.test.context.support.DependencyInjectionTestExecutionListener.injectDependencies(DependencyInjectionTestExecutionListener.java:117)
	at org.springframework.test.context.support.DependencyInjectionTestExecutionListener.prepareTestInstance(DependencyInjectionTestExecutionListener.java:83)
	at org.springframework.test.context.TestContextManager.prepareTestInstance(TestContextManager.java:246)
	at org.springframework.test.context.testng.AbstractTestNGSpringContextTests.springTestContextPrepareTestInstance(AbstractTestNGSpringContextTests.java:145)
	at sun.reflect.NativeMethodAccessorImpl.invoke0(Native Method)
	at sun.reflect.NativeMethodAccessorImpl.invoke(NativeMethodAccessorImpl.java:62)
	at sun.reflect.DelegatingMethodAccessorImpl.invoke(DelegatingMethodAccessorImpl.java:43)
	at java.lang.reflect.Method.invoke(Method.java:498)
	at org.testng.internal.MethodInvocationHelper.invokeMethod(MethodInvocationHelper.java:108)
	at org.testng.internal.Invoker.invokeConfigurationMethod(Invoker.java:523)
	at org.testng.internal.Invoker.invokeConfigurations(Invoker.java:224)
	at org.testng.internal.Invoker.invokeConfigurations(Invoker.java:146)
	at org.testng.internal.TestMethodWorker.invokeBeforeClassMethods(TestMethodWorker.java:166)
	at org.testng.internal.TestMethodWorker.run(TestMethodWorker.java:105)
	at org.testng.TestRunner.privateRun(TestRunner.java:744)
	at org.testng.TestRunner.run(TestRunner.java:602)
	at org.testng.SuiteRunner.runTest(SuiteRunner.java:380)
	at org.testng.SuiteRunner.runSequentially(SuiteRunner.java:375)
	at org.testng.SuiteRunner.privateRun(SuiteRunner.java:340)
	at org.testng.SuiteRunner.run(SuiteRunner.java:289)
	at org.testng.SuiteRunnerWorker.runSuite(SuiteRunnerWorker.java:52)
	at org.testng.SuiteRunnerWorker.run(SuiteRunnerWorker.java:86)
	at org.testng.TestNG.runSuitesSequentially(TestNG.java:1301)
	at org.testng.TestNG.runSuitesLocally(TestNG.java:1226)
	at org.testng.TestNG.runSuites(TestNG.java:1144)
	at org.testng.TestNG.run(TestNG.java:1115)
	at com.ai.api.support.initTestNG.TestNGAdapter.runTestNG(TestNGAdapter.java:30)
	at com.ai.api.Application.main(Application.java:16)
Caused by: javax.management.InstanceAlreadyExistsException: org.springframework.boot:type=Admin,name=SpringApplication
	at com.sun.jmx.mbeanserver.Repository.addMBean(Repository.java:437)
	at com.sun.jmx.interceptor.DefaultMBeanServerInterceptor.registerWithRepository(DefaultMBeanServerInterceptor.java:1898)
	at com.sun.jmx.interceptor.DefaultMBeanServerInterceptor.registerDynamicMBean(DefaultMBeanServerInterceptor.java:966)
	at com.sun.jmx.interceptor.DefaultMBeanServerInterceptor.registerObject(DefaultMBeanServerInterceptor.java:900)
	at com.sun.jmx.interceptor.DefaultMBeanServerInterceptor.registerMBean(DefaultMBeanServerInterceptor.java:324)
	at com.sun.jmx.mbeanserver.JmxMBeanServer.registerMBean(JmxMBeanServer.java:522)
	at org.springframework.boot.admin.SpringApplicationAdminMXBeanRegistrar.afterPropertiesSet(SpringApplicationAdminMXBeanRegistrar.java:100)
	at org.springframework.beans.factory.support.AbstractAutowireCapableBeanFactory.invokeInitMethods(AbstractAutowireCapableBeanFactory.java:1753)
	at org.springframework.beans.factory.support.AbstractAutowireCapableBeanFactory.initializeBean(AbstractAutowireCapableBeanFactory.java:1690)
	... 44 common frames omitted
2020-04-14 11:33:06.364 |-ERROR [main] org.springframework.test.context.TestContextManager [250] -| Caught exception while allowing TestExecutionListener [org.springframework.test.context.support.DependencyInjectionTestExecutionListener@4604b900] to prepare test instance [com.ai.api.testsuite.TestSuite@907f2b7]
java.lang.IllegalStateException: Failed to load ApplicationContext
	at org.springframework.test.context.cache.DefaultCacheAwareContextLoaderDelegate.loadContext(DefaultCacheAwareContextLoaderDelegate.java:125)
	at org.springframework.test.context.support.DefaultTestContext.getApplicationContext(DefaultTestContext.java:108)
	at org.springframework.test.context.support.DependencyInjectionTestExecutionListener.injectDependencies(DependencyInjectionTestExecutionListener.java:117)
	at org.springframework.test.context.support.DependencyInjectionTestExecutionListener.prepareTestInstance(DependencyInjectionTestExecutionListener.java:83)
	at org.springframework.test.context.TestContextManager.prepareTestInstance(TestContextManager.java:246)
	at org.springframework.test.context.testng.AbstractTestNGSpringContextTests.springTestContextPrepareTestInstance(AbstractTestNGSpringContextTests.java:145)
	at sun.reflect.NativeMethodAccessorImpl.invoke0(Native Method)
	at sun.reflect.NativeMethodAccessorImpl.invoke(NativeMethodAccessorImpl.java:62)
	at sun.reflect.DelegatingMethodAccessorImpl.invoke(DelegatingMethodAccessorImpl.java:43)
	at java.lang.reflect.Method.invoke(Method.java:498)
	at org.testng.internal.MethodInvocationHelper.invokeMethod(MethodInvocationHelper.java:108)
	at org.testng.internal.Invoker.invokeConfigurationMethod(Invoker.java:523)
	at org.testng.internal.Invoker.invokeConfigurations(Invoker.java:224)
	at org.testng.internal.Invoker.invokeConfigurations(Invoker.java:146)
	at org.testng.internal.TestMethodWorker.invokeBeforeClassMethods(TestMethodWorker.java:166)
	at org.testng.internal.TestMethodWorker.run(TestMethodWorker.java:105)
	at org.testng.TestRunner.privateRun(TestRunner.java:744)
	at org.testng.TestRunner.run(TestRunner.java:602)
	at org.testng.SuiteRunner.runTest(SuiteRunner.java:380)
	at org.testng.SuiteRunner.runSequentially(SuiteRunner.java:375)
	at org.testng.SuiteRunner.privateRun(SuiteRunner.java:340)
	at org.testng.SuiteRunner.run(SuiteRunner.java:289)
	at org.testng.SuiteRunnerWorker.runSuite(SuiteRunnerWorker.java:52)
	at org.testng.SuiteRunnerWorker.run(SuiteRunnerWorker.java:86)
	at org.testng.TestNG.runSuitesSequentially(TestNG.java:1301)
	at org.testng.TestNG.runSuitesLocally(TestNG.java:1226)
	at org.testng.TestNG.runSuites(TestNG.java:1144)
	at org.testng.TestNG.run(TestNG.java:1115)
	at com.ai.api.support.initTestNG.TestNGAdapter.runTestNG(TestNGAdapter.java:30)
	at com.ai.api.Application.main(Application.java:16)
Caused by: org.springframework.beans.factory.BeanCreationException: Error creating bean with name 'springApplicationAdminRegistrar' defined in class path resource [org/springframework/boot/autoconfigure/admin/SpringApplicationAdminJmxAutoConfiguration.class]: Invocation of init method failed; nested exception is javax.management.InstanceAlreadyExistsException: org.springframework.boot:type=Admin,name=SpringApplication
	at org.springframework.beans.factory.support.AbstractAutowireCapableBeanFactory.initializeBean(AbstractAutowireCapableBeanFactory.java:1694)
	at org.springframework.beans.factory.support.AbstractAutowireCapableBeanFactory.doCreateBean(AbstractAutowireCapableBeanFactory.java:573)
	at org.springframework.beans.factory.support.AbstractAutowireCapableBeanFactory.createBean(AbstractAutowireCapableBeanFactory.java:495)
	at org.springframework.beans.factory.support.AbstractBeanFactory.lambda$doGetBean$0(AbstractBeanFactory.java:317)
	at org.springframework.beans.factory.support.DefaultSingletonBeanRegistry.getSingleton(DefaultSingletonBeanRegistry.java:222)
	at org.springframework.beans.factory.support.AbstractBeanFactory.doGetBean(AbstractBeanFactory.java:315)
	at org.springframework.beans.factory.support.AbstractBeanFactory.getBean(AbstractBeanFactory.java:199)
	at org.springframework.beans.factory.support.DefaultListableBeanFactory.preInstantiateSingletons(DefaultListableBeanFactory.java:759)
	at org.springframework.context.support.AbstractApplicationContext.finishBeanFactoryInitialization(AbstractApplicationContext.java:867)
	at org.springframework.context.support.AbstractApplicationContext.refresh(AbstractApplicationContext.java:548)
	at org.springframework.boot.SpringApplication.refresh(SpringApplication.java:754)
	at org.springframework.boot.SpringApplication.refreshContext(SpringApplication.java:386)
	at org.springframework.boot.SpringApplication.run(SpringApplication.java:307)
	at org.springframework.boot.test.context.SpringBootContextLoader.loadContext(SpringBootContextLoader.java:127)
	at org.springframework.test.context.cache.DefaultCacheAwareContextLoaderDelegate.loadContextInternal(DefaultCacheAwareContextLoaderDelegate.java:99)
	at org.springframework.test.context.cache.DefaultCacheAwareContextLoaderDelegate.loadContext(DefaultCacheAwareContextLoaderDelegate.java:117)
	... 29 common frames omitted
Caused by: javax.management.InstanceAlreadyExistsException: org.springframework.boot:type=Admin,name=SpringApplication
	at com.sun.jmx.mbeanserver.Repository.addMBean(Repository.java:437)
	at com.sun.jmx.interceptor.DefaultMBeanServerInterceptor.registerWithRepository(DefaultMBeanServerInterceptor.java:1898)
	at com.sun.jmx.interceptor.DefaultMBeanServerInterceptor.registerDynamicMBean(DefaultMBeanServerInterceptor.java:966)
	at com.sun.jmx.interceptor.DefaultMBeanServerInterceptor.registerObject(DefaultMBeanServerInterceptor.java:900)
	at com.sun.jmx.interceptor.DefaultMBeanServerInterceptor.registerMBean(DefaultMBeanServerInterceptor.java:324)
	at com.sun.jmx.mbeanserver.JmxMBeanServer.registerMBean(JmxMBeanServer.java:522)
	at org.springframework.boot.admin.SpringApplicationAdminMXBeanRegistrar.afterPropertiesSet(SpringApplicationAdminMXBeanRegistrar.java:100)
	at org.springframework.beans.factory.support.AbstractAutowireCapableBeanFactory.invokeInitMethods(AbstractAutowireCapableBeanFactory.java:1753)
	at org.springframework.beans.factory.support.AbstractAutowireCapableBeanFactory.initializeBean(AbstractAutowireCapableBeanFactory.java:1690)
	... 44 common frames omitted
2020-04-14 11:33:07.160 |-INFO  [Thread-6] org.springframework.context.annotation.AnnotationConfigApplicationContext [991] -| Closing org.springframework.context.annotation.AnnotationConfigApplicationContext@10683d9d: startup date [Tue Apr 14 11:33:04 CST 2020]; root of context hierarchy
2020-04-14 11:33:07.174 |-INFO  [Thread-6] org.springframework.jmx.export.annotation.AnnotationMBeanExporter [451] -| Unregistering JMX-exposed beans on shutdown
2020-04-14 11:38:53.892 |-ERROR [main] org.springframework.boot.SpringApplication [837] -| Application run failed
java.lang.IllegalStateException: Cannot bind to SpringApplication
	at org.springframework.boot.SpringApplication.bindToSpringApplication(SpringApplication.java:543)
	at org.springframework.boot.SpringApplication.prepareEnvironment(SpringApplication.java:339)
	at org.springframework.boot.SpringApplication.run(SpringApplication.java:297)
	at org.springframework.boot.SpringApplication.run(SpringApplication.java:1242)
	at org.springframework.boot.SpringApplication.run(SpringApplication.java:1230)
	at com.ai.api.Application.main(Application.java:15)
Caused by: org.springframework.boot.context.properties.bind.BindException: Failed to bind properties under 'spring.main' to org.springframework.boot.SpringApplication
	at org.springframework.boot.context.properties.bind.Binder.handleBindError(Binder.java:250)
	at org.springframework.boot.context.properties.bind.Binder.bind(Binder.java:226)
	at org.springframework.boot.context.properties.bind.Binder.bind(Binder.java:210)
	at org.springframework.boot.context.properties.bind.Binder.bind(Binder.java:166)
	at org.springframework.boot.SpringApplication.bindToSpringApplication(SpringApplication.java:540)
	... 5 common frames omitted
Caused by: org.springframework.core.convert.ConverterNotFoundException: No converter found capable of converting from type [java.lang.String] to type [org.springframework.boot.SpringApplication]
	at org.springframework.core.convert.support.GenericConversionService.handleConverterNotFound(GenericConversionService.java:321)
	at org.springframework.core.convert.support.GenericConversionService.convert(GenericConversionService.java:194)
	at org.springframework.boot.context.properties.bind.BindConverter$CompositeConversionService.convert(BindConverter.java:162)
	at org.springframework.boot.context.properties.bind.BindConverter.convert(BindConverter.java:96)
	at org.springframework.boot.context.properties.bind.BindConverter.convert(BindConverter.java:88)
	at org.springframework.boot.context.properties.bind.Binder.bindProperty(Binder.java:323)
	at org.springframework.boot.context.properties.bind.Binder.bindObject(Binder.java:266)
	at org.springframework.boot.context.properties.bind.Binder.bind(Binder.java:221)
	... 8 common frames omitted
2020-04-14 11:39:17.212 |-ERROR [main] org.springframework.boot.SpringApplication [837] -| Application run failed
java.lang.IllegalStateException: Cannot bind to SpringApplication
	at org.springframework.boot.SpringApplication.bindToSpringApplication(SpringApplication.java:543)
	at org.springframework.boot.SpringApplication.prepareEnvironment(SpringApplication.java:339)
	at org.springframework.boot.SpringApplication.run(SpringApplication.java:297)
	at org.springframework.boot.SpringApplication.run(SpringApplication.java:1242)
	at org.springframework.boot.SpringApplication.run(SpringApplication.java:1230)
	at com.ai.api.Application.main(Application.java:15)
Caused by: org.springframework.boot.context.properties.bind.BindException: Failed to bind properties under 'spring.main' to org.springframework.boot.SpringApplication
	at org.springframework.boot.context.properties.bind.Binder.handleBindError(Binder.java:250)
	at org.springframework.boot.context.properties.bind.Binder.bind(Binder.java:226)
	at org.springframework.boot.context.properties.bind.Binder.bind(Binder.java:210)
	at org.springframework.boot.context.properties.bind.Binder.bind(Binder.java:166)
	at org.springframework.boot.SpringApplication.bindToSpringApplication(SpringApplication.java:540)
	... 5 common frames omitted
Caused by: org.springframework.core.convert.ConverterNotFoundException: No converter found capable of converting from type [java.lang.String] to type [org.springframework.boot.SpringApplication]
	at org.springframework.core.convert.support.GenericConversionService.handleConverterNotFound(GenericConversionService.java:321)
	at org.springframework.core.convert.support.GenericConversionService.convert(GenericConversionService.java:194)
	at org.springframework.boot.context.properties.bind.BindConverter$CompositeConversionService.convert(BindConverter.java:162)
	at org.springframework.boot.context.properties.bind.BindConverter.convert(BindConverter.java:96)
	at org.springframework.boot.context.properties.bind.BindConverter.convert(BindConverter.java:88)
	at org.springframework.boot.context.properties.bind.Binder.bindProperty(Binder.java:323)
	at org.springframework.boot.context.properties.bind.Binder.bindObject(Binder.java:266)
	at org.springframework.boot.context.properties.bind.Binder.bind(Binder.java:221)
	... 8 common frames omitted
2020-04-14 11:39:32.420 |-ERROR [main] org.springframework.boot.SpringApplication [837] -| Application run failed
java.lang.IllegalStateException: Cannot bind to SpringApplication
	at org.springframework.boot.SpringApplication.bindToSpringApplication(SpringApplication.java:543)
	at org.springframework.boot.SpringApplication.prepareEnvironment(SpringApplication.java:339)
	at org.springframework.boot.SpringApplication.run(SpringApplication.java:297)
	at org.springframework.boot.SpringApplication.run(SpringApplication.java:1242)
	at org.springframework.boot.SpringApplication.run(SpringApplication.java:1230)
	at com.ai.api.Application.main(Application.java:15)
Caused by: org.springframework.boot.context.properties.bind.BindException: Failed to bind properties under 'spring.main' to org.springframework.boot.SpringApplication
	at org.springframework.boot.context.properties.bind.Binder.handleBindError(Binder.java:250)
	at org.springframework.boot.context.properties.bind.Binder.bind(Binder.java:226)
	at org.springframework.boot.context.properties.bind.Binder.bind(Binder.java:210)
	at org.springframework.boot.context.properties.bind.Binder.bind(Binder.java:166)
	at org.springframework.boot.SpringApplication.bindToSpringApplication(SpringApplication.java:540)
	... 5 common frames omitted
Caused by: org.springframework.core.convert.ConverterNotFoundException: No converter found capable of converting from type [java.lang.String] to type [org.springframework.boot.SpringApplication]
	at org.springframework.core.convert.support.GenericConversionService.handleConverterNotFound(GenericConversionService.java:321)
	at org.springframework.core.convert.support.GenericConversionService.convert(GenericConversionService.java:194)
	at org.springframework.boot.context.properties.bind.BindConverter$CompositeConversionService.convert(BindConverter.java:162)
	at org.springframework.boot.context.properties.bind.BindConverter.convert(BindConverter.java:96)
	at org.springframework.boot.context.properties.bind.BindConverter.convert(BindConverter.java:88)
	at org.springframework.boot.context.properties.bind.Binder.bindProperty(Binder.java:323)
	at org.springframework.boot.context.properties.bind.Binder.bindObject(Binder.java:266)
	at org.springframework.boot.context.properties.bind.Binder.bind(Binder.java:221)
	... 8 common frames omitted
2020-04-14 11:40:00.005 |-INFO  [main] com.ai.api.Application [50] -| Starting Application on bogon with PID 27779 (/Users/macos/Desktop/OldFace/study/api-auto-test/target/classes started by macos in /Users/macos/Desktop/OldFace/study/api-auto-test)
2020-04-14 11:40:00.012 |-INFO  [main] com.ai.api.Application [654] -| No active profile set, falling back to default profiles: default
2020-04-14 11:40:00.076 |-INFO  [main] org.springframework.context.annotation.AnnotationConfigApplicationContext [588] -| Refreshing org.springframework.context.annotation.AnnotationConfigApplicationContext@279fedbd: startup date [Tue Apr 14 11:40:00 CST 2020]; root of context hierarchy
2020-04-14 11:40:00.814 |-INFO  [main] org.springframework.data.repository.config.RepositoryConfigurationDelegate [172] -| Multiple Spring Data modules found, entering strict repository configuration mode!
2020-04-14 11:40:01.064 |-INFO  [main] org.springframework.beans.factory.annotation.AutowiredAnnotationBeanPostProcessor [153] -| JSR-330 'javax.inject.Inject' annotation found and supported for autowiring
2020-04-14 11:40:01.828 |-INFO  [main] org.springframework.jmx.export.annotation.AnnotationMBeanExporter [433] -| Registering beans for JMX exposure on startup
2020-04-14 11:40:01.850 |-INFO  [main] com.ai.api.Application [59] -| Started Application in 2.727 seconds (JVM running for 3.799)
2020-04-14 11:40:01.928 |-INFO  [main] org.springframework.boot.test.context.SpringBootTestContextBootstrapper [308] -| Neither @ContextConfiguration nor @ContextHierarchy found for test class [com.ai.api.testsuite.TestSuite], using SpringBootContextLoader
2020-04-14 11:40:01.930 |-INFO  [main] org.springframework.test.context.support.AbstractContextLoader [264] -| Could not detect default resource locations for test class [com.ai.api.testsuite.TestSuite]: no resource found for suffixes {-context.xml, Context.groovy}.
2020-04-14 11:40:01.961 |-INFO  [main] org.springframework.boot.test.context.SpringBootTestContextBootstrapper [177] -| Using TestExecutionListeners: [org.springframework.test.context.web.ServletTestExecutionListener@cd7f1ae, org.springframework.test.context.support.DirtiesContextBeforeModesTestExecutionListener@60e949e1, org.springframework.test.context.support.DependencyInjectionTestExecutionListener@3c4bc9fc, org.springframework.test.context.support.DirtiesContextTestExecutionListener@680362a]
2020-04-14 11:40:02.064 |-INFO  [main] com.ai.api.testsuite.TestSuite [50] -| Starting TestSuite on bogon with PID 27779 (/Users/macos/Desktop/OldFace/study/api-auto-test/target/classes started by macos in /Users/macos/Desktop/OldFace/study/api-auto-test)
2020-04-14 11:40:02.067 |-INFO  [main] com.ai.api.testsuite.TestSuite [654] -| No active profile set, falling back to default profiles: default
2020-04-14 11:40:02.073 |-INFO  [main] org.springframework.context.annotation.AnnotationConfigApplicationContext [588] -| Refreshing org.springframework.context.annotation.AnnotationConfigApplicationContext@39aa45a1: startup date [Tue Apr 14 11:40:02 CST 2020]; root of context hierarchy
2020-04-14 11:40:02.204 |-INFO  [main] org.springframework.data.repository.config.RepositoryConfigurationDelegate [172] -| Multiple Spring Data modules found, entering strict repository configuration mode!
2020-04-14 11:40:02.418 |-INFO  [main] org.springframework.beans.factory.annotation.AutowiredAnnotationBeanPostProcessor [153] -| JSR-330 'javax.inject.Inject' annotation found and supported for autowiring
2020-04-14 11:40:02.508 |-WARN  [main] org.springframework.context.annotation.AnnotationConfigApplicationContext [556] -| Exception encountered during context initialization - cancelling refresh attempt: org.springframework.beans.factory.BeanCreationException: Error creating bean with name 'springApplicationAdminRegistrar' defined in class path resource [org/springframework/boot/autoconfigure/admin/SpringApplicationAdminJmxAutoConfiguration.class]: Invocation of init method failed; nested exception is javax.management.InstanceAlreadyExistsException: org.springframework.boot:type=Admin,name=SpringApplication
2020-04-14 11:40:02.512 |-INFO  [main] org.springframework.boot.autoconfigure.logging.ConditionEvaluationReportLoggingListener [142] -| 

Error starting ApplicationContext. To display the conditions report re-run your application with 'debug' enabled.
2020-04-14 11:40:02.520 |-ERROR [main] org.springframework.boot.SpringApplication [837] -| Application run failed
org.springframework.beans.factory.BeanCreationException: Error creating bean with name 'springApplicationAdminRegistrar' defined in class path resource [org/springframework/boot/autoconfigure/admin/SpringApplicationAdminJmxAutoConfiguration.class]: Invocation of init method failed; nested exception is javax.management.InstanceAlreadyExistsException: org.springframework.boot:type=Admin,name=SpringApplication
	at org.springframework.beans.factory.support.AbstractAutowireCapableBeanFactory.initializeBean(AbstractAutowireCapableBeanFactory.java:1694)
	at org.springframework.beans.factory.support.AbstractAutowireCapableBeanFactory.doCreateBean(AbstractAutowireCapableBeanFactory.java:573)
	at org.springframework.beans.factory.support.AbstractAutowireCapableBeanFactory.createBean(AbstractAutowireCapableBeanFactory.java:495)
	at org.springframework.beans.factory.support.AbstractBeanFactory.lambda$doGetBean$0(AbstractBeanFactory.java:317)
	at org.springframework.beans.factory.support.DefaultSingletonBeanRegistry.getSingleton(DefaultSingletonBeanRegistry.java:222)
	at org.springframework.beans.factory.support.AbstractBeanFactory.doGetBean(AbstractBeanFactory.java:315)
	at org.springframework.beans.factory.support.AbstractBeanFactory.getBean(AbstractBeanFactory.java:199)
	at org.springframework.beans.factory.support.DefaultListableBeanFactory.preInstantiateSingletons(DefaultListableBeanFactory.java:759)
	at org.springframework.context.support.AbstractApplicationContext.finishBeanFactoryInitialization(AbstractApplicationContext.java:867)
	at org.springframework.context.support.AbstractApplicationContext.refresh(AbstractApplicationContext.java:548)
	at org.springframework.boot.SpringApplication.refresh(SpringApplication.java:754)
	at org.springframework.boot.SpringApplication.refreshContext(SpringApplication.java:386)
	at org.springframework.boot.SpringApplication.run(SpringApplication.java:307)
	at org.springframework.boot.test.context.SpringBootContextLoader.loadContext(SpringBootContextLoader.java:127)
	at org.springframework.test.context.cache.DefaultCacheAwareContextLoaderDelegate.loadContextInternal(DefaultCacheAwareContextLoaderDelegate.java:99)
	at org.springframework.test.context.cache.DefaultCacheAwareContextLoaderDelegate.loadContext(DefaultCacheAwareContextLoaderDelegate.java:117)
	at org.springframework.test.context.support.DefaultTestContext.getApplicationContext(DefaultTestContext.java:108)
	at org.springframework.test.context.support.DependencyInjectionTestExecutionListener.injectDependencies(DependencyInjectionTestExecutionListener.java:117)
	at org.springframework.test.context.support.DependencyInjectionTestExecutionListener.prepareTestInstance(DependencyInjectionTestExecutionListener.java:83)
	at org.springframework.test.context.TestContextManager.prepareTestInstance(TestContextManager.java:246)
	at org.springframework.test.context.testng.AbstractTestNGSpringContextTests.springTestContextPrepareTestInstance(AbstractTestNGSpringContextTests.java:145)
	at sun.reflect.NativeMethodAccessorImpl.invoke0(Native Method)
	at sun.reflect.NativeMethodAccessorImpl.invoke(NativeMethodAccessorImpl.java:62)
	at sun.reflect.DelegatingMethodAccessorImpl.invoke(DelegatingMethodAccessorImpl.java:43)
	at java.lang.reflect.Method.invoke(Method.java:498)
	at org.testng.internal.MethodInvocationHelper.invokeMethod(MethodInvocationHelper.java:108)
	at org.testng.internal.Invoker.invokeConfigurationMethod(Invoker.java:523)
	at org.testng.internal.Invoker.invokeConfigurations(Invoker.java:224)
	at org.testng.internal.Invoker.invokeConfigurations(Invoker.java:146)
	at org.testng.internal.TestMethodWorker.invokeBeforeClassMethods(TestMethodWorker.java:166)
	at org.testng.internal.TestMethodWorker.run(TestMethodWorker.java:105)
	at org.testng.TestRunner.privateRun(TestRunner.java:744)
	at org.testng.TestRunner.run(TestRunner.java:602)
	at org.testng.SuiteRunner.runTest(SuiteRunner.java:380)
	at org.testng.SuiteRunner.runSequentially(SuiteRunner.java:375)
	at org.testng.SuiteRunner.privateRun(SuiteRunner.java:340)
	at org.testng.SuiteRunner.run(SuiteRunner.java:289)
	at org.testng.SuiteRunnerWorker.runSuite(SuiteRunnerWorker.java:52)
	at org.testng.SuiteRunnerWorker.run(SuiteRunnerWorker.java:86)
	at org.testng.TestNG.runSuitesSequentially(TestNG.java:1301)
	at org.testng.TestNG.runSuitesLocally(TestNG.java:1226)
	at org.testng.TestNG.runSuites(TestNG.java:1144)
	at org.testng.TestNG.run(TestNG.java:1115)
	at com.ai.api.support.initTestNG.TestNGAdapter.runTestNG(TestNGAdapter.java:30)
	at com.ai.api.Application.main(Application.java:16)
Caused by: javax.management.InstanceAlreadyExistsException: org.springframework.boot:type=Admin,name=SpringApplication
	at com.sun.jmx.mbeanserver.Repository.addMBean(Repository.java:437)
	at com.sun.jmx.interceptor.DefaultMBeanServerInterceptor.registerWithRepository(DefaultMBeanServerInterceptor.java:1898)
	at com.sun.jmx.interceptor.DefaultMBeanServerInterceptor.registerDynamicMBean(DefaultMBeanServerInterceptor.java:966)
	at com.sun.jmx.interceptor.DefaultMBeanServerInterceptor.registerObject(DefaultMBeanServerInterceptor.java:900)
	at com.sun.jmx.interceptor.DefaultMBeanServerInterceptor.registerMBean(DefaultMBeanServerInterceptor.java:324)
	at com.sun.jmx.mbeanserver.JmxMBeanServer.registerMBean(JmxMBeanServer.java:522)
	at org.springframework.boot.admin.SpringApplicationAdminMXBeanRegistrar.afterPropertiesSet(SpringApplicationAdminMXBeanRegistrar.java:100)
	at org.springframework.beans.factory.support.AbstractAutowireCapableBeanFactory.invokeInitMethods(AbstractAutowireCapableBeanFactory.java:1753)
	at org.springframework.beans.factory.support.AbstractAutowireCapableBeanFactory.initializeBean(AbstractAutowireCapableBeanFactory.java:1690)
	... 44 common frames omitted
2020-04-14 11:40:02.522 |-ERROR [main] org.springframework.test.context.TestContextManager [250] -| Caught exception while allowing TestExecutionListener [org.springframework.test.context.support.DependencyInjectionTestExecutionListener@3c4bc9fc] to prepare test instance [com.ai.api.testsuite.TestSuite@78f9ed3e]
java.lang.IllegalStateException: Failed to load ApplicationContext
	at org.springframework.test.context.cache.DefaultCacheAwareContextLoaderDelegate.loadContext(DefaultCacheAwareContextLoaderDelegate.java:125)
	at org.springframework.test.context.support.DefaultTestContext.getApplicationContext(DefaultTestContext.java:108)
	at org.springframework.test.context.support.DependencyInjectionTestExecutionListener.injectDependencies(DependencyInjectionTestExecutionListener.java:117)
	at org.springframework.test.context.support.DependencyInjectionTestExecutionListener.prepareTestInstance(DependencyInjectionTestExecutionListener.java:83)
	at org.springframework.test.context.TestContextManager.prepareTestInstance(TestContextManager.java:246)
	at org.springframework.test.context.testng.AbstractTestNGSpringContextTests.springTestContextPrepareTestInstance(AbstractTestNGSpringContextTests.java:145)
	at sun.reflect.NativeMethodAccessorImpl.invoke0(Native Method)
	at sun.reflect.NativeMethodAccessorImpl.invoke(NativeMethodAccessorImpl.java:62)
	at sun.reflect.DelegatingMethodAccessorImpl.invoke(DelegatingMethodAccessorImpl.java:43)
	at java.lang.reflect.Method.invoke(Method.java:498)
	at org.testng.internal.MethodInvocationHelper.invokeMethod(MethodInvocationHelper.java:108)
	at org.testng.internal.Invoker.invokeConfigurationMethod(Invoker.java:523)
	at org.testng.internal.Invoker.invokeConfigurations(Invoker.java:224)
	at org.testng.internal.Invoker.invokeConfigurations(Invoker.java:146)
	at org.testng.internal.TestMethodWorker.invokeBeforeClassMethods(TestMethodWorker.java:166)
	at org.testng.internal.TestMethodWorker.run(TestMethodWorker.java:105)
	at org.testng.TestRunner.privateRun(TestRunner.java:744)
	at org.testng.TestRunner.run(TestRunner.java:602)
	at org.testng.SuiteRunner.runTest(SuiteRunner.java:380)
	at org.testng.SuiteRunner.runSequentially(SuiteRunner.java:375)
	at org.testng.SuiteRunner.privateRun(SuiteRunner.java:340)
	at org.testng.SuiteRunner.run(SuiteRunner.java:289)
	at org.testng.SuiteRunnerWorker.runSuite(SuiteRunnerWorker.java:52)
	at org.testng.SuiteRunnerWorker.run(SuiteRunnerWorker.java:86)
	at org.testng.TestNG.runSuitesSequentially(TestNG.java:1301)
	at org.testng.TestNG.runSuitesLocally(TestNG.java:1226)
	at org.testng.TestNG.runSuites(TestNG.java:1144)
	at org.testng.TestNG.run(TestNG.java:1115)
	at com.ai.api.support.initTestNG.TestNGAdapter.runTestNG(TestNGAdapter.java:30)
	at com.ai.api.Application.main(Application.java:16)
Caused by: org.springframework.beans.factory.BeanCreationException: Error creating bean with name 'springApplicationAdminRegistrar' defined in class path resource [org/springframework/boot/autoconfigure/admin/SpringApplicationAdminJmxAutoConfiguration.class]: Invocation of init method failed; nested exception is javax.management.InstanceAlreadyExistsException: org.springframework.boot:type=Admin,name=SpringApplication
	at org.springframework.beans.factory.support.AbstractAutowireCapableBeanFactory.initializeBean(AbstractAutowireCapableBeanFactory.java:1694)
	at org.springframework.beans.factory.support.AbstractAutowireCapableBeanFactory.doCreateBean(AbstractAutowireCapableBeanFactory.java:573)
	at org.springframework.beans.factory.support.AbstractAutowireCapableBeanFactory.createBean(AbstractAutowireCapableBeanFactory.java:495)
	at org.springframework.beans.factory.support.AbstractBeanFactory.lambda$doGetBean$0(AbstractBeanFactory.java:317)
	at org.springframework.beans.factory.support.DefaultSingletonBeanRegistry.getSingleton(DefaultSingletonBeanRegistry.java:222)
	at org.springframework.beans.factory.support.AbstractBeanFactory.doGetBean(AbstractBeanFactory.java:315)
	at org.springframework.beans.factory.support.AbstractBeanFactory.getBean(AbstractBeanFactory.java:199)
	at org.springframework.beans.factory.support.DefaultListableBeanFactory.preInstantiateSingletons(DefaultListableBeanFactory.java:759)
	at org.springframework.context.support.AbstractApplicationContext.finishBeanFactoryInitialization(AbstractApplicationContext.java:867)
	at org.springframework.context.support.AbstractApplicationContext.refresh(AbstractApplicationContext.java:548)
	at org.springframework.boot.SpringApplication.refresh(SpringApplication.java:754)
	at org.springframework.boot.SpringApplication.refreshContext(SpringApplication.java:386)
	at org.springframework.boot.SpringApplication.run(SpringApplication.java:307)
	at org.springframework.boot.test.context.SpringBootContextLoader.loadContext(SpringBootContextLoader.java:127)
	at org.springframework.test.context.cache.DefaultCacheAwareContextLoaderDelegate.loadContextInternal(DefaultCacheAwareContextLoaderDelegate.java:99)
	at org.springframework.test.context.cache.DefaultCacheAwareContextLoaderDelegate.loadContext(DefaultCacheAwareContextLoaderDelegate.java:117)
	... 29 common frames omitted
Caused by: javax.management.InstanceAlreadyExistsException: org.springframework.boot:type=Admin,name=SpringApplication
	at com.sun.jmx.mbeanserver.Repository.addMBean(Repository.java:437)
	at com.sun.jmx.interceptor.DefaultMBeanServerInterceptor.registerWithRepository(DefaultMBeanServerInterceptor.java:1898)
	at com.sun.jmx.interceptor.DefaultMBeanServerInterceptor.registerDynamicMBean(DefaultMBeanServerInterceptor.java:966)
	at com.sun.jmx.interceptor.DefaultMBeanServerInterceptor.registerObject(DefaultMBeanServerInterceptor.java:900)
	at com.sun.jmx.interceptor.DefaultMBeanServerInterceptor.registerMBean(DefaultMBeanServerInterceptor.java:324)
	at com.sun.jmx.mbeanserver.JmxMBeanServer.registerMBean(JmxMBeanServer.java:522)
	at org.springframework.boot.admin.SpringApplicationAdminMXBeanRegistrar.afterPropertiesSet(SpringApplicationAdminMXBeanRegistrar.java:100)
	at org.springframework.beans.factory.support.AbstractAutowireCapableBeanFactory.invokeInitMethods(AbstractAutowireCapableBeanFactory.java:1753)
	at org.springframework.beans.factory.support.AbstractAutowireCapableBeanFactory.initializeBean(AbstractAutowireCapableBeanFactory.java:1690)
	... 44 common frames omitted
2020-04-14 11:40:03.237 |-INFO  [Thread-7] org.springframework.context.annotation.AnnotationConfigApplicationContext [991] -| Closing org.springframework.context.annotation.AnnotationConfigApplicationContext@279fedbd: startup date [Tue Apr 14 11:40:00 CST 2020]; root of context hierarchy
2020-04-14 11:40:03.257 |-INFO  [Thread-7] org.springframework.jmx.export.annotation.AnnotationMBeanExporter [451] -| Unregistering JMX-exposed beans on shutdown
2020-04-14 11:43:11.706 |-INFO  [main] com.ai.api.Application [50] -| Starting Application on bogon with PID 27807 (/Users/macos/Desktop/OldFace/study/api-auto-test/target/classes started by macos in /Users/macos/Desktop/OldFace/study/api-auto-test)
2020-04-14 11:43:11.713 |-INFO  [main] com.ai.api.Application [654] -| No active profile set, falling back to default profiles: default
2020-04-14 11:43:11.806 |-INFO  [main] org.springframework.boot.web.servlet.context.AnnotationConfigServletWebServerApplicationContext [588] -| Refreshing org.springframework.boot.web.servlet.context.AnnotationConfigServletWebServerApplicationContext@399c4be1: startup date [Tue Apr 14 11:43:11 CST 2020]; root of context hierarchy
2020-04-14 11:43:12.529 |-INFO  [main] org.springframework.data.repository.config.RepositoryConfigurationDelegate [172] -| Multiple Spring Data modules found, entering strict repository configuration mode!
2020-04-14 11:43:12.769 |-INFO  [main] org.springframework.beans.factory.annotation.AutowiredAnnotationBeanPostProcessor [153] -| JSR-330 'javax.inject.Inject' annotation found and supported for autowiring
2020-04-14 11:43:13.219 |-INFO  [main] org.springframework.boot.web.embedded.tomcat.TomcatWebServer [91] -| Tomcat initialized with port(s): 8080 (http)
2020-04-14 11:43:13.231 |-INFO  [main] org.apache.coyote.http11.Http11NioProtocol [180] -| Initializing ProtocolHandler ["http-nio-8080"]
2020-04-14 11:43:13.242 |-INFO  [main] org.apache.catalina.core.StandardService [180] -| Starting service [Tomcat]
2020-04-14 11:43:13.242 |-INFO  [main] org.apache.catalina.core.StandardEngine [180] -| Starting Servlet Engine: Apache Tomcat/8.5.34
2020-04-14 11:43:13.246 |-INFO  [localhost-startStop-1] org.apache.catalina.core.AprLifecycleListener [180] -| The APR based Apache Tomcat Native library which allows optimal performance in production environments was not found on the java.library.path: [/Users/macos/Library/Java/Extensions:/Library/Java/Extensions:/Network/Library/Java/Extensions:/System/Library/Java/Extensions:/usr/lib/java:.]
2020-04-14 11:43:13.322 |-INFO  [localhost-startStop-1] org.apache.catalina.core.ContainerBase.[Tomcat].[localhost].[/] [180] -| Initializing Spring embedded WebApplicationContext
2020-04-14 11:43:13.322 |-INFO  [localhost-startStop-1] org.springframework.web.context.ContextLoader [285] -| Root WebApplicationContext: initialization completed in 1516 ms
2020-04-14 11:43:13.376 |-INFO  [localhost-startStop-1] org.springframework.boot.web.servlet.ServletRegistrationBean [187] -| Servlet dispatcherServlet mapped to [/]
2020-04-14 11:43:13.381 |-INFO  [localhost-startStop-1] org.springframework.boot.web.servlet.FilterRegistrationBean [245] -| Mapping filter: 'characterEncodingFilter' to: [/*]
2020-04-14 11:43:13.381 |-INFO  [localhost-startStop-1] org.springframework.boot.web.servlet.FilterRegistrationBean [245] -| Mapping filter: 'hiddenHttpMethodFilter' to: [/*]
2020-04-14 11:43:13.382 |-INFO  [localhost-startStop-1] org.springframework.boot.web.servlet.FilterRegistrationBean [245] -| Mapping filter: 'httpPutFormContentFilter' to: [/*]
2020-04-14 11:43:13.382 |-INFO  [localhost-startStop-1] org.springframework.boot.web.servlet.FilterRegistrationBean [245] -| Mapping filter: 'requestContextFilter' to: [/*]
2020-04-14 11:43:13.586 |-INFO  [main] org.springframework.web.servlet.handler.SimpleUrlHandlerMapping [373] -| Mapped URL path [/**/favicon.ico] onto handler of type [class org.springframework.web.servlet.resource.ResourceHttpRequestHandler]
2020-04-14 11:43:13.874 |-INFO  [main] org.springframework.web.servlet.mvc.method.annotation.RequestMappingHandlerAdapter [588] -| Looking for @ControllerAdvice: org.springframework.boot.web.servlet.context.AnnotationConfigServletWebServerApplicationContext@399c4be1: startup date [Tue Apr 14 11:43:11 CST 2020]; root of context hierarchy
2020-04-14 11:43:13.925 |-INFO  [main] org.springframework.web.servlet.mvc.method.annotation.RequestMappingHandlerMapping [549] -| Mapped "{[/error]}" onto public org.springframework.http.ResponseEntity<java.util.Map<java.lang.String, java.lang.Object>> org.springframework.boot.autoconfigure.web.servlet.error.BasicErrorController.error(javax.servlet.http.HttpServletRequest)
2020-04-14 11:43:13.927 |-INFO  [main] org.springframework.web.servlet.mvc.method.annotation.RequestMappingHandlerMapping [549] -| Mapped "{[/error],produces=[text/html]}" onto public org.springframework.web.servlet.ModelAndView org.springframework.boot.autoconfigure.web.servlet.error.BasicErrorController.errorHtml(javax.servlet.http.HttpServletRequest,javax.servlet.http.HttpServletResponse)
2020-04-14 11:43:13.960 |-INFO  [main] org.springframework.web.servlet.handler.SimpleUrlHandlerMapping [373] -| Mapped URL path [/webjars/**] onto handler of type [class org.springframework.web.servlet.resource.ResourceHttpRequestHandler]
2020-04-14 11:43:13.960 |-INFO  [main] org.springframework.web.servlet.handler.SimpleUrlHandlerMapping [373] -| Mapped URL path [/**] onto handler of type [class org.springframework.web.servlet.resource.ResourceHttpRequestHandler]
2020-04-14 11:43:14.631 |-INFO  [main] org.springframework.jmx.export.annotation.AnnotationMBeanExporter [433] -| Registering beans for JMX exposure on startup
2020-04-14 11:43:14.645 |-INFO  [main] org.apache.coyote.http11.Http11NioProtocol [180] -| Starting ProtocolHandler ["http-nio-8080"]
2020-04-14 11:43:14.660 |-ERROR [main] org.apache.catalina.core.StandardService [182] -| Failed to start connector [Connector[HTTP/1.1-8080]]
org.apache.catalina.LifecycleException: Failed to start component [Connector[HTTP/1.1-8080]]
	at org.apache.catalina.util.LifecycleBase.start(LifecycleBase.java:167)
	at org.apache.catalina.core.StandardService.addConnector(StandardService.java:225)
	at org.springframework.boot.web.embedded.tomcat.TomcatWebServer.addPreviouslyRemovedConnectors(TomcatWebServer.java:261)
	at org.springframework.boot.web.embedded.tomcat.TomcatWebServer.start(TomcatWebServer.java:198)
	at org.springframework.boot.web.servlet.context.ServletWebServerApplicationContext.startWebServer(ServletWebServerApplicationContext.java:300)
	at org.springframework.boot.web.servlet.context.ServletWebServerApplicationContext.finishRefresh(ServletWebServerApplicationContext.java:162)
	at org.springframework.context.support.AbstractApplicationContext.refresh(AbstractApplicationContext.java:551)
	at org.springframework.boot.web.servlet.context.ServletWebServerApplicationContext.refresh(ServletWebServerApplicationContext.java:140)
	at org.springframework.boot.SpringApplication.refresh(SpringApplication.java:754)
	at org.springframework.boot.SpringApplication.refreshContext(SpringApplication.java:386)
	at org.springframework.boot.SpringApplication.run(SpringApplication.java:307)
	at org.springframework.boot.SpringApplication.run(SpringApplication.java:1242)
	at org.springframework.boot.SpringApplication.run(SpringApplication.java:1230)
	at com.ai.api.Application.main(Application.java:15)
Caused by: org.apache.catalina.LifecycleException: Protocol handler start failed
	at org.apache.catalina.connector.Connector.startInternal(Connector.java:1020)
	at org.apache.catalina.util.LifecycleBase.start(LifecycleBase.java:150)
	... 13 common frames omitted
Caused by: java.net.BindException: Address already in use
	at sun.nio.ch.Net.bind0(Native Method)
	at sun.nio.ch.Net.bind(Net.java:433)
	at sun.nio.ch.Net.bind(Net.java:425)
	at sun.nio.ch.ServerSocketChannelImpl.bind(ServerSocketChannelImpl.java:223)
	at sun.nio.ch.ServerSocketAdaptor.bind(ServerSocketAdaptor.java:74)
	at org.apache.tomcat.util.net.NioEndpoint.bind(NioEndpoint.java:219)
	at org.apache.tomcat.util.net.AbstractEndpoint.start(AbstractEndpoint.java:1151)
	at org.apache.coyote.AbstractProtocol.start(AbstractProtocol.java:591)
	at org.apache.catalina.connector.Connector.startInternal(Connector.java:1018)
	... 14 common frames omitted
2020-04-14 11:43:14.664 |-INFO  [main] org.apache.coyote.http11.Http11NioProtocol [180] -| Pausing ProtocolHandler ["http-nio-8080"]
2020-04-14 11:43:14.664 |-INFO  [main] org.apache.catalina.core.StandardService [180] -| Stopping service [Tomcat]
2020-04-14 11:43:14.672 |-INFO  [main] org.apache.catalina.util.LifecycleBase [180] -| The stop() method was called on component [StandardServer[-1]] after stop() had already been called. The second call will be ignored.
2020-04-14 11:43:14.673 |-INFO  [main] org.apache.coyote.http11.Http11NioProtocol [180] -| Stopping ProtocolHandler ["http-nio-8080"]
2020-04-14 11:43:14.673 |-INFO  [main] org.apache.coyote.http11.Http11NioProtocol [180] -| Destroying ProtocolHandler ["http-nio-8080"]
2020-04-14 11:43:14.675 |-INFO  [main] org.springframework.boot.autoconfigure.logging.ConditionEvaluationReportLoggingListener [142] -| 

Error starting ApplicationContext. To display the conditions report re-run your application with 'debug' enabled.
2020-04-14 11:43:14.680 |-ERROR [main] org.springframework.boot.diagnostics.LoggingFailureAnalysisReporter [42] -| 

***************************
APPLICATION FAILED TO START
***************************

Description:

The Tomcat connector configured to listen on port 8080 failed to start. The port may already be in use or the connector may be misconfigured.

Action:

Verify the connector's configuration, identify and stop any process that's listening on port 8080, or configure this application to listen on another port.

2020-04-14 11:43:14.681 |-INFO  [main] org.springframework.boot.web.servlet.context.AnnotationConfigServletWebServerApplicationContext [991] -| Closing org.springframework.boot.web.servlet.context.AnnotationConfigServletWebServerApplicationContext@399c4be1: startup date [Tue Apr 14 11:43:11 CST 2020]; root of context hierarchy
2020-04-14 11:43:14.696 |-INFO  [main] org.springframework.jmx.export.annotation.AnnotationMBeanExporter [451] -| Unregistering JMX-exposed beans on shutdown
2020-04-14 11:44:05.475 |-INFO  [main] com.ai.api.Application [50] -| Starting Application on bogon with PID 27825 (/Users/macos/Desktop/OldFace/study/api-auto-test/target/classes started by macos in /Users/macos/Desktop/OldFace/study/api-auto-test)
2020-04-14 11:44:05.484 |-INFO  [main] com.ai.api.Application [654] -| No active profile set, falling back to default profiles: default
2020-04-14 11:44:05.547 |-INFO  [main] org.springframework.context.annotation.AnnotationConfigApplicationContext [588] -| Refreshing org.springframework.context.annotation.AnnotationConfigApplicationContext@7a8c8dcf: startup date [Tue Apr 14 11:44:05 CST 2020]; root of context hierarchy
2020-04-14 11:44:06.257 |-INFO  [main] org.springframework.data.repository.config.RepositoryConfigurationDelegate [172] -| Multiple Spring Data modules found, entering strict repository configuration mode!
2020-04-14 11:44:06.461 |-INFO  [main] org.springframework.beans.factory.annotation.AutowiredAnnotationBeanPostProcessor [153] -| JSR-330 'javax.inject.Inject' annotation found and supported for autowiring
2020-04-14 11:44:07.050 |-INFO  [main] org.springframework.jmx.export.annotation.AnnotationMBeanExporter [433] -| Registering beans for JMX exposure on startup
2020-04-14 11:44:07.074 |-INFO  [main] com.ai.api.Application [59] -| Started Application in 2.224 seconds (JVM running for 3.859)
2020-04-14 11:44:07.077 |-INFO  [Thread-7] org.springframework.context.annotation.AnnotationConfigApplicationContext [991] -| Closing org.springframework.context.annotation.AnnotationConfigApplicationContext@7a8c8dcf: startup date [Tue Apr 14 11:44:05 CST 2020]; root of context hierarchy
2020-04-14 11:44:07.092 |-INFO  [Thread-7] org.springframework.jmx.export.annotation.AnnotationMBeanExporter [451] -| Unregistering JMX-exposed beans on shutdown
2020-04-14 11:46:44.106 |-INFO  [main] com.ai.api.Application [50] -| Starting Application on bogon with PID 27846 (/Users/macos/Desktop/OldFace/study/api-auto-test/target/classes started by macos in /Users/macos/Desktop/OldFace/study/api-auto-test)
2020-04-14 11:46:44.112 |-INFO  [main] com.ai.api.Application [654] -| No active profile set, falling back to default profiles: default
2020-04-14 11:46:44.171 |-INFO  [main] org.springframework.context.annotation.AnnotationConfigApplicationContext [588] -| Refreshing org.springframework.context.annotation.AnnotationConfigApplicationContext@279fedbd: startup date [Tue Apr 14 11:46:44 CST 2020]; root of context hierarchy
2020-04-14 11:46:44.880 |-INFO  [main] org.springframework.data.repository.config.RepositoryConfigurationDelegate [172] -| Multiple Spring Data modules found, entering strict repository configuration mode!
2020-04-14 11:46:45.046 |-INFO  [main] org.springframework.beans.factory.annotation.AutowiredAnnotationBeanPostProcessor [153] -| JSR-330 'javax.inject.Inject' annotation found and supported for autowiring
2020-04-14 11:46:45.731 |-INFO  [main] org.springframework.jmx.export.annotation.AnnotationMBeanExporter [433] -| Registering beans for JMX exposure on startup
2020-04-14 11:46:45.749 |-INFO  [main] com.ai.api.Application [59] -| Started Application in 2.47 seconds (JVM running for 3.368)
2020-04-14 11:46:45.752 |-INFO  [Thread-7] org.springframework.context.annotation.AnnotationConfigApplicationContext [991] -| Closing org.springframework.context.annotation.AnnotationConfigApplicationContext@279fedbd: startup date [Tue Apr 14 11:46:44 CST 2020]; root of context hierarchy
2020-04-14 11:46:45.768 |-INFO  [Thread-7] org.springframework.jmx.export.annotation.AnnotationMBeanExporter [451] -| Unregistering JMX-exposed beans on shutdown
2020-04-14 11:48:06.002 |-INFO  [main] com.ai.api.Application [50] -| Starting Application on bogon with PID 27852 (/Users/macos/Desktop/OldFace/study/api-auto-test/target/classes started by macos in /Users/macos/Desktop/OldFace/study/api-auto-test)
2020-04-14 11:48:06.007 |-INFO  [main] com.ai.api.Application [654] -| No active profile set, falling back to default profiles: default
2020-04-14 11:48:06.048 |-INFO  [main] org.springframework.context.annotation.AnnotationConfigApplicationContext [588] -| Refreshing org.springframework.context.annotation.AnnotationConfigApplicationContext@7a8c8dcf: startup date [Tue Apr 14 11:48:06 CST 2020]; root of context hierarchy
2020-04-14 11:48:06.704 |-INFO  [main] org.springframework.data.repository.config.RepositoryConfigurationDelegate [172] -| Multiple Spring Data modules found, entering strict repository configuration mode!
2020-04-14 11:48:06.862 |-INFO  [main] org.springframework.beans.factory.annotation.AutowiredAnnotationBeanPostProcessor [153] -| JSR-330 'javax.inject.Inject' annotation found and supported for autowiring
2020-04-14 11:48:07.495 |-INFO  [main] org.springframework.jmx.export.annotation.AnnotationMBeanExporter [433] -| Registering beans for JMX exposure on startup
2020-04-14 11:48:07.514 |-INFO  [main] com.ai.api.Application [59] -| Started Application in 2.186 seconds (JVM running for 3.685)
2020-04-14 11:48:07.571 |-INFO  [main] org.springframework.boot.test.context.SpringBootTestContextBootstrapper [308] -| Neither @ContextConfiguration nor @ContextHierarchy found for test class [com.ai.api.testsuite.TestSuite], using SpringBootContextLoader
2020-04-14 11:48:07.572 |-INFO  [main] org.springframework.test.context.support.AbstractContextLoader [264] -| Could not detect default resource locations for test class [com.ai.api.testsuite.TestSuite]: no resource found for suffixes {-context.xml, Context.groovy}.
2020-04-14 11:48:07.595 |-INFO  [main] org.springframework.boot.test.context.SpringBootTestContextBootstrapper [177] -| Using TestExecutionListeners: [org.springframework.test.context.web.ServletTestExecutionListener@5a4ed68f, org.springframework.test.context.support.DirtiesContextBeforeModesTestExecutionListener@367795c7, org.springframework.test.context.support.DependencyInjectionTestExecutionListener@d2387c8, org.springframework.test.context.support.DirtiesContextTestExecutionListener@3956b302]
2020-04-14 11:48:07.651 |-INFO  [main] com.ai.api.testsuite.TestSuite [50] -| Starting TestSuite on bogon with PID 27852 (/Users/macos/Desktop/OldFace/study/api-auto-test/target/classes started by macos in /Users/macos/Desktop/OldFace/study/api-auto-test)
2020-04-14 11:48:07.651 |-INFO  [main] com.ai.api.testsuite.TestSuite [654] -| No active profile set, falling back to default profiles: default
2020-04-14 11:48:07.654 |-INFO  [main] org.springframework.context.annotation.AnnotationConfigApplicationContext [588] -| Refreshing org.springframework.context.annotation.AnnotationConfigApplicationContext@2f4919b0: startup date [Tue Apr 14 11:48:07 CST 2020]; root of context hierarchy
2020-04-14 11:48:07.844 |-INFO  [main] org.springframework.data.repository.config.RepositoryConfigurationDelegate [172] -| Multiple Spring Data modules found, entering strict repository configuration mode!
2020-04-14 11:48:07.898 |-INFO  [main] org.springframework.beans.factory.annotation.AutowiredAnnotationBeanPostProcessor [153] -| JSR-330 'javax.inject.Inject' annotation found and supported for autowiring
2020-04-14 11:48:07.947 |-WARN  [main] org.springframework.context.annotation.AnnotationConfigApplicationContext [556] -| Exception encountered during context initialization - cancelling refresh attempt: org.springframework.beans.factory.BeanCreationException: Error creating bean with name 'springApplicationAdminRegistrar' defined in class path resource [org/springframework/boot/autoconfigure/admin/SpringApplicationAdminJmxAutoConfiguration.class]: Invocation of init method failed; nested exception is javax.management.InstanceAlreadyExistsException: org.springframework.boot:type=Admin,name=SpringApplication
2020-04-14 11:48:07.951 |-INFO  [main] org.springframework.boot.autoconfigure.logging.ConditionEvaluationReportLoggingListener [142] -| 

Error starting ApplicationContext. To display the conditions report re-run your application with 'debug' enabled.
2020-04-14 11:48:07.959 |-ERROR [main] org.springframework.boot.SpringApplication [837] -| Application run failed
org.springframework.beans.factory.BeanCreationException: Error creating bean with name 'springApplicationAdminRegistrar' defined in class path resource [org/springframework/boot/autoconfigure/admin/SpringApplicationAdminJmxAutoConfiguration.class]: Invocation of init method failed; nested exception is javax.management.InstanceAlreadyExistsException: org.springframework.boot:type=Admin,name=SpringApplication
	at org.springframework.beans.factory.support.AbstractAutowireCapableBeanFactory.initializeBean(AbstractAutowireCapableBeanFactory.java:1694)
	at org.springframework.beans.factory.support.AbstractAutowireCapableBeanFactory.doCreateBean(AbstractAutowireCapableBeanFactory.java:573)
	at org.springframework.beans.factory.support.AbstractAutowireCapableBeanFactory.createBean(AbstractAutowireCapableBeanFactory.java:495)
	at org.springframework.beans.factory.support.AbstractBeanFactory.lambda$doGetBean$0(AbstractBeanFactory.java:317)
	at org.springframework.beans.factory.support.DefaultSingletonBeanRegistry.getSingleton(DefaultSingletonBeanRegistry.java:222)
	at org.springframework.beans.factory.support.AbstractBeanFactory.doGetBean(AbstractBeanFactory.java:315)
	at org.springframework.beans.factory.support.AbstractBeanFactory.getBean(AbstractBeanFactory.java:199)
	at org.springframework.beans.factory.support.DefaultListableBeanFactory.preInstantiateSingletons(DefaultListableBeanFactory.java:759)
	at org.springframework.context.support.AbstractApplicationContext.finishBeanFactoryInitialization(AbstractApplicationContext.java:867)
	at org.springframework.context.support.AbstractApplicationContext.refresh(AbstractApplicationContext.java:548)
	at org.springframework.boot.SpringApplication.refresh(SpringApplication.java:754)
	at org.springframework.boot.SpringApplication.refreshContext(SpringApplication.java:386)
	at org.springframework.boot.SpringApplication.run(SpringApplication.java:307)
	at org.springframework.boot.test.context.SpringBootContextLoader.loadContext(SpringBootContextLoader.java:127)
	at org.springframework.test.context.cache.DefaultCacheAwareContextLoaderDelegate.loadContextInternal(DefaultCacheAwareContextLoaderDelegate.java:99)
	at org.springframework.test.context.cache.DefaultCacheAwareContextLoaderDelegate.loadContext(DefaultCacheAwareContextLoaderDelegate.java:117)
	at org.springframework.test.context.support.DefaultTestContext.getApplicationContext(DefaultTestContext.java:108)
	at org.springframework.test.context.support.DependencyInjectionTestExecutionListener.injectDependencies(DependencyInjectionTestExecutionListener.java:117)
	at org.springframework.test.context.support.DependencyInjectionTestExecutionListener.prepareTestInstance(DependencyInjectionTestExecutionListener.java:83)
	at org.springframework.test.context.TestContextManager.prepareTestInstance(TestContextManager.java:246)
	at org.springframework.test.context.testng.AbstractTestNGSpringContextTests.springTestContextPrepareTestInstance(AbstractTestNGSpringContextTests.java:145)
	at sun.reflect.NativeMethodAccessorImpl.invoke0(Native Method)
	at sun.reflect.NativeMethodAccessorImpl.invoke(NativeMethodAccessorImpl.java:62)
	at sun.reflect.DelegatingMethodAccessorImpl.invoke(DelegatingMethodAccessorImpl.java:43)
	at java.lang.reflect.Method.invoke(Method.java:498)
	at org.testng.internal.MethodInvocationHelper.invokeMethod(MethodInvocationHelper.java:108)
	at org.testng.internal.Invoker.invokeConfigurationMethod(Invoker.java:523)
	at org.testng.internal.Invoker.invokeConfigurations(Invoker.java:224)
	at org.testng.internal.Invoker.invokeConfigurations(Invoker.java:146)
	at org.testng.internal.TestMethodWorker.invokeBeforeClassMethods(TestMethodWorker.java:166)
	at org.testng.internal.TestMethodWorker.run(TestMethodWorker.java:105)
	at org.testng.TestRunner.privateRun(TestRunner.java:744)
	at org.testng.TestRunner.run(TestRunner.java:602)
	at org.testng.SuiteRunner.runTest(SuiteRunner.java:380)
	at org.testng.SuiteRunner.runSequentially(SuiteRunner.java:375)
	at org.testng.SuiteRunner.privateRun(SuiteRunner.java:340)
	at org.testng.SuiteRunner.run(SuiteRunner.java:289)
	at org.testng.SuiteRunnerWorker.runSuite(SuiteRunnerWorker.java:52)
	at org.testng.SuiteRunnerWorker.run(SuiteRunnerWorker.java:86)
	at org.testng.TestNG.runSuitesSequentially(TestNG.java:1301)
	at org.testng.TestNG.runSuitesLocally(TestNG.java:1226)
	at org.testng.TestNG.runSuites(TestNG.java:1144)
	at org.testng.TestNG.run(TestNG.java:1115)
	at com.ai.api.support.initTestNG.TestNGAdapter.runTestNG(TestNGAdapter.java:30)
	at com.ai.api.Application.main(Application.java:18)
Caused by: javax.management.InstanceAlreadyExistsException: org.springframework.boot:type=Admin,name=SpringApplication
	at com.sun.jmx.mbeanserver.Repository.addMBean(Repository.java:437)
	at com.sun.jmx.interceptor.DefaultMBeanServerInterceptor.registerWithRepository(DefaultMBeanServerInterceptor.java:1898)
	at com.sun.jmx.interceptor.DefaultMBeanServerInterceptor.registerDynamicMBean(DefaultMBeanServerInterceptor.java:966)
	at com.sun.jmx.interceptor.DefaultMBeanServerInterceptor.registerObject(DefaultMBeanServerInterceptor.java:900)
	at com.sun.jmx.interceptor.DefaultMBeanServerInterceptor.registerMBean(DefaultMBeanServerInterceptor.java:324)
	at com.sun.jmx.mbeanserver.JmxMBeanServer.registerMBean(JmxMBeanServer.java:522)
	at org.springframework.boot.admin.SpringApplicationAdminMXBeanRegistrar.afterPropertiesSet(SpringApplicationAdminMXBeanRegistrar.java:100)
	at org.springframework.beans.factory.support.AbstractAutowireCapableBeanFactory.invokeInitMethods(AbstractAutowireCapableBeanFactory.java:1753)
	at org.springframework.beans.factory.support.AbstractAutowireCapableBeanFactory.initializeBean(AbstractAutowireCapableBeanFactory.java:1690)
	... 44 common frames omitted
2020-04-14 11:48:07.960 |-ERROR [main] org.springframework.test.context.TestContextManager [250] -| Caught exception while allowing TestExecutionListener [org.springframework.test.context.support.DependencyInjectionTestExecutionListener@d2387c8] to prepare test instance [com.ai.api.testsuite.TestSuite@65e7f52a]
java.lang.IllegalStateException: Failed to load ApplicationContext
	at org.springframework.test.context.cache.DefaultCacheAwareContextLoaderDelegate.loadContext(DefaultCacheAwareContextLoaderDelegate.java:125)
	at org.springframework.test.context.support.DefaultTestContext.getApplicationContext(DefaultTestContext.java:108)
	at org.springframework.test.context.support.DependencyInjectionTestExecutionListener.injectDependencies(DependencyInjectionTestExecutionListener.java:117)
	at org.springframework.test.context.support.DependencyInjectionTestExecutionListener.prepareTestInstance(DependencyInjectionTestExecutionListener.java:83)
	at org.springframework.test.context.TestContextManager.prepareTestInstance(TestContextManager.java:246)
	at org.springframework.test.context.testng.AbstractTestNGSpringContextTests.springTestContextPrepareTestInstance(AbstractTestNGSpringContextTests.java:145)
	at sun.reflect.NativeMethodAccessorImpl.invoke0(Native Method)
	at sun.reflect.NativeMethodAccessorImpl.invoke(NativeMethodAccessorImpl.java:62)
	at sun.reflect.DelegatingMethodAccessorImpl.invoke(DelegatingMethodAccessorImpl.java:43)
	at java.lang.reflect.Method.invoke(Method.java:498)
	at org.testng.internal.MethodInvocationHelper.invokeMethod(MethodInvocationHelper.java:108)
	at org.testng.internal.Invoker.invokeConfigurationMethod(Invoker.java:523)
	at org.testng.internal.Invoker.invokeConfigurations(Invoker.java:224)
	at org.testng.internal.Invoker.invokeConfigurations(Invoker.java:146)
	at org.testng.internal.TestMethodWorker.invokeBeforeClassMethods(TestMethodWorker.java:166)
	at org.testng.internal.TestMethodWorker.run(TestMethodWorker.java:105)
	at org.testng.TestRunner.privateRun(TestRunner.java:744)
	at org.testng.TestRunner.run(TestRunner.java:602)
	at org.testng.SuiteRunner.runTest(SuiteRunner.java:380)
	at org.testng.SuiteRunner.runSequentially(SuiteRunner.java:375)
	at org.testng.SuiteRunner.privateRun(SuiteRunner.java:340)
	at org.testng.SuiteRunner.run(SuiteRunner.java:289)
	at org.testng.SuiteRunnerWorker.runSuite(SuiteRunnerWorker.java:52)
	at org.testng.SuiteRunnerWorker.run(SuiteRunnerWorker.java:86)
	at org.testng.TestNG.runSuitesSequentially(TestNG.java:1301)
	at org.testng.TestNG.runSuitesLocally(TestNG.java:1226)
	at org.testng.TestNG.runSuites(TestNG.java:1144)
	at org.testng.TestNG.run(TestNG.java:1115)
	at com.ai.api.support.initTestNG.TestNGAdapter.runTestNG(TestNGAdapter.java:30)
	at com.ai.api.Application.main(Application.java:18)
Caused by: org.springframework.beans.factory.BeanCreationException: Error creating bean with name 'springApplicationAdminRegistrar' defined in class path resource [org/springframework/boot/autoconfigure/admin/SpringApplicationAdminJmxAutoConfiguration.class]: Invocation of init method failed; nested exception is javax.management.InstanceAlreadyExistsException: org.springframework.boot:type=Admin,name=SpringApplication
	at org.springframework.beans.factory.support.AbstractAutowireCapableBeanFactory.initializeBean(AbstractAutowireCapableBeanFactory.java:1694)
	at org.springframework.beans.factory.support.AbstractAutowireCapableBeanFactory.doCreateBean(AbstractAutowireCapableBeanFactory.java:573)
	at org.springframework.beans.factory.support.AbstractAutowireCapableBeanFactory.createBean(AbstractAutowireCapableBeanFactory.java:495)
	at org.springframework.beans.factory.support.AbstractBeanFactory.lambda$doGetBean$0(AbstractBeanFactory.java:317)
	at org.springframework.beans.factory.support.DefaultSingletonBeanRegistry.getSingleton(DefaultSingletonBeanRegistry.java:222)
	at org.springframework.beans.factory.support.AbstractBeanFactory.doGetBean(AbstractBeanFactory.java:315)
	at org.springframework.beans.factory.support.AbstractBeanFactory.getBean(AbstractBeanFactory.java:199)
	at org.springframework.beans.factory.support.DefaultListableBeanFactory.preInstantiateSingletons(DefaultListableBeanFactory.java:759)
	at org.springframework.context.support.AbstractApplicationContext.finishBeanFactoryInitialization(AbstractApplicationContext.java:867)
	at org.springframework.context.support.AbstractApplicationContext.refresh(AbstractApplicationContext.java:548)
	at org.springframework.boot.SpringApplication.refresh(SpringApplication.java:754)
	at org.springframework.boot.SpringApplication.refreshContext(SpringApplication.java:386)
	at org.springframework.boot.SpringApplication.run(SpringApplication.java:307)
	at org.springframework.boot.test.context.SpringBootContextLoader.loadContext(SpringBootContextLoader.java:127)
	at org.springframework.test.context.cache.DefaultCacheAwareContextLoaderDelegate.loadContextInternal(DefaultCacheAwareContextLoaderDelegate.java:99)
	at org.springframework.test.context.cache.DefaultCacheAwareContextLoaderDelegate.loadContext(DefaultCacheAwareContextLoaderDelegate.java:117)
	... 29 common frames omitted
Caused by: javax.management.InstanceAlreadyExistsException: org.springframework.boot:type=Admin,name=SpringApplication
	at com.sun.jmx.mbeanserver.Repository.addMBean(Repository.java:437)
	at com.sun.jmx.interceptor.DefaultMBeanServerInterceptor.registerWithRepository(DefaultMBeanServerInterceptor.java:1898)
	at com.sun.jmx.interceptor.DefaultMBeanServerInterceptor.registerDynamicMBean(DefaultMBeanServerInterceptor.java:966)
	at com.sun.jmx.interceptor.DefaultMBeanServerInterceptor.registerObject(DefaultMBeanServerInterceptor.java:900)
	at com.sun.jmx.interceptor.DefaultMBeanServerInterceptor.registerMBean(DefaultMBeanServerInterceptor.java:324)
	at com.sun.jmx.mbeanserver.JmxMBeanServer.registerMBean(JmxMBeanServer.java:522)
	at org.springframework.boot.admin.SpringApplicationAdminMXBeanRegistrar.afterPropertiesSet(SpringApplicationAdminMXBeanRegistrar.java:100)
	at org.springframework.beans.factory.support.AbstractAutowireCapableBeanFactory.invokeInitMethods(AbstractAutowireCapableBeanFactory.java:1753)
	at org.springframework.beans.factory.support.AbstractAutowireCapableBeanFactory.initializeBean(AbstractAutowireCapableBeanFactory.java:1690)
	... 44 common frames omitted
2020-04-14 11:48:08.684 |-INFO  [Thread-7] org.springframework.context.annotation.AnnotationConfigApplicationContext [991] -| Closing org.springframework.context.annotation.AnnotationConfigApplicationContext@7a8c8dcf: startup date [Tue Apr 14 11:48:06 CST 2020]; root of context hierarchy
2020-04-14 11:48:08.705 |-INFO  [Thread-7] org.springframework.jmx.export.annotation.AnnotationMBeanExporter [451] -| Unregistering JMX-exposed beans on shutdown
2020-04-14 11:49:25.456 |-INFO  [main] com.ai.api.Application [50] -| Starting Application on bogon with PID 27857 (/Users/macos/Desktop/OldFace/study/api-auto-test/target/classes started by macos in /Users/macos/Desktop/OldFace/study/api-auto-test)
2020-04-14 11:49:25.467 |-INFO  [main] com.ai.api.Application [654] -| No active profile set, falling back to default profiles: default
2020-04-14 11:49:25.517 |-INFO  [main] org.springframework.context.annotation.AnnotationConfigApplicationContext [588] -| Refreshing org.springframework.context.annotation.AnnotationConfigApplicationContext@752325ad: startup date [Tue Apr 14 11:49:25 CST 2020]; root of context hierarchy
2020-04-14 11:49:26.177 |-INFO  [main] org.springframework.data.repository.config.RepositoryConfigurationDelegate [172] -| Multiple Spring Data modules found, entering strict repository configuration mode!
2020-04-14 11:49:26.322 |-INFO  [main] org.springframework.beans.factory.annotation.AutowiredAnnotationBeanPostProcessor [153] -| JSR-330 'javax.inject.Inject' annotation found and supported for autowiring
2020-04-14 11:49:26.443 |-INFO  [main] org.springframework.boot.test.context.SpringBootTestContextBootstrapper [308] -| Neither @ContextConfiguration nor @ContextHierarchy found for test class [com.ai.api.testsuite.TestSuite], using SpringBootContextLoader
2020-04-14 11:49:26.444 |-INFO  [main] org.springframework.test.context.support.AbstractContextLoader [264] -| Could not detect default resource locations for test class [com.ai.api.testsuite.TestSuite]: no resource found for suffixes {-context.xml, Context.groovy}.
2020-04-14 11:49:26.473 |-INFO  [main] org.springframework.boot.test.context.SpringBootTestContextBootstrapper [177] -| Using TestExecutionListeners: [org.springframework.test.context.web.ServletTestExecutionListener@788fcafb, org.springframework.test.context.support.DirtiesContextBeforeModesTestExecutionListener@4febb875, org.springframework.test.context.support.DependencyInjectionTestExecutionListener@25e2a451, org.springframework.test.context.support.DirtiesContextTestExecutionListener@1698ee84]
2020-04-14 11:49:26.998 |-INFO  [main] org.springframework.jmx.export.annotation.AnnotationMBeanExporter [433] -| Registering beans for JMX exposure on startup
2020-04-14 11:49:27.013 |-INFO  [main] com.ai.api.Application [59] -| Started Application in 2.507 seconds (JVM running for 3.557)
2020-04-14 11:49:27.051 |-INFO  [main] org.springframework.boot.test.context.SpringBootTestContextBootstrapper [308] -| Neither @ContextConfiguration nor @ContextHierarchy found for test class [com.ai.api.testsuite.TestSuite], using SpringBootContextLoader
2020-04-14 11:49:27.052 |-INFO  [main] org.springframework.test.context.support.AbstractContextLoader [264] -| Could not detect default resource locations for test class [com.ai.api.testsuite.TestSuite]: no resource found for suffixes {-context.xml, Context.groovy}.
2020-04-14 11:49:27.057 |-INFO  [main] org.springframework.boot.test.context.SpringBootTestContextBootstrapper [177] -| Using TestExecutionListeners: [org.springframework.test.context.web.ServletTestExecutionListener@107e5441, org.springframework.test.context.support.DirtiesContextBeforeModesTestExecutionListener@4aeaadc1, org.springframework.test.context.support.DependencyInjectionTestExecutionListener@263558c9, org.springframework.test.context.support.DirtiesContextTestExecutionListener@1f14f20c]
2020-04-14 11:49:27.119 |-INFO  [main] com.ai.api.testsuite.TestSuite [50] -| Starting TestSuite on bogon with PID 27857 (/Users/macos/Desktop/OldFace/study/api-auto-test/target/classes started by macos in /Users/macos/Desktop/OldFace/study/api-auto-test)
2020-04-14 11:49:27.120 |-INFO  [main] com.ai.api.testsuite.TestSuite [654] -| No active profile set, falling back to default profiles: default
2020-04-14 11:49:27.123 |-INFO  [main] org.springframework.context.annotation.AnnotationConfigApplicationContext [588] -| Refreshing org.springframework.context.annotation.AnnotationConfigApplicationContext@3c2772d1: startup date [Tue Apr 14 11:49:27 CST 2020]; root of context hierarchy
2020-04-14 11:49:27.235 |-INFO  [main] org.springframework.data.repository.config.RepositoryConfigurationDelegate [172] -| Multiple Spring Data modules found, entering strict repository configuration mode!
2020-04-14 11:49:27.340 |-INFO  [main] org.springframework.beans.factory.annotation.AutowiredAnnotationBeanPostProcessor [153] -| JSR-330 'javax.inject.Inject' annotation found and supported for autowiring
2020-04-14 11:49:27.382 |-INFO  [main] org.springframework.boot.test.context.SpringBootTestContextBootstrapper [308] -| Neither @ContextConfiguration nor @ContextHierarchy found for test class [com.ai.api.testsuite.TestSuite], using SpringBootContextLoader
2020-04-14 11:49:27.383 |-INFO  [main] org.springframework.test.context.support.AbstractContextLoader [264] -| Could not detect default resource locations for test class [com.ai.api.testsuite.TestSuite]: no resource found for suffixes {-context.xml, Context.groovy}.
2020-04-14 11:49:27.387 |-INFO  [main] org.springframework.boot.test.context.SpringBootTestContextBootstrapper [177] -| Using TestExecutionListeners: [org.springframework.test.context.web.ServletTestExecutionListener@68809cc7, org.springframework.test.context.support.DirtiesContextBeforeModesTestExecutionListener@703feacd, org.springframework.test.context.support.DependencyInjectionTestExecutionListener@7051777c, org.springframework.test.context.support.DirtiesContextTestExecutionListener@3241713e]
2020-04-14 11:49:27.400 |-WARN  [main] org.springframework.context.annotation.AnnotationConfigApplicationContext [556] -| Exception encountered during context initialization - cancelling refresh attempt: org.springframework.beans.factory.BeanCreationException: Error creating bean with name 'springApplicationAdminRegistrar' defined in class path resource [org/springframework/boot/autoconfigure/admin/SpringApplicationAdminJmxAutoConfiguration.class]: Invocation of init method failed; nested exception is javax.management.InstanceAlreadyExistsException: org.springframework.boot:type=Admin,name=SpringApplication
2020-04-14 11:49:27.403 |-INFO  [main] org.springframework.boot.autoconfigure.logging.ConditionEvaluationReportLoggingListener [142] -| 

Error starting ApplicationContext. To display the conditions report re-run your application with 'debug' enabled.
2020-04-14 11:49:27.410 |-ERROR [main] org.springframework.boot.SpringApplication [837] -| Application run failed
org.springframework.beans.factory.BeanCreationException: Error creating bean with name 'springApplicationAdminRegistrar' defined in class path resource [org/springframework/boot/autoconfigure/admin/SpringApplicationAdminJmxAutoConfiguration.class]: Invocation of init method failed; nested exception is javax.management.InstanceAlreadyExistsException: org.springframework.boot:type=Admin,name=SpringApplication
	at org.springframework.beans.factory.support.AbstractAutowireCapableBeanFactory.initializeBean(AbstractAutowireCapableBeanFactory.java:1694)
	at org.springframework.beans.factory.support.AbstractAutowireCapableBeanFactory.doCreateBean(AbstractAutowireCapableBeanFactory.java:573)
	at org.springframework.beans.factory.support.AbstractAutowireCapableBeanFactory.createBean(AbstractAutowireCapableBeanFactory.java:495)
	at org.springframework.beans.factory.support.AbstractBeanFactory.lambda$doGetBean$0(AbstractBeanFactory.java:317)
	at org.springframework.beans.factory.support.DefaultSingletonBeanRegistry.getSingleton(DefaultSingletonBeanRegistry.java:222)
	at org.springframework.beans.factory.support.AbstractBeanFactory.doGetBean(AbstractBeanFactory.java:315)
	at org.springframework.beans.factory.support.AbstractBeanFactory.getBean(AbstractBeanFactory.java:199)
	at org.springframework.beans.factory.support.DefaultListableBeanFactory.preInstantiateSingletons(DefaultListableBeanFactory.java:759)
	at org.springframework.context.support.AbstractApplicationContext.finishBeanFactoryInitialization(AbstractApplicationContext.java:867)
	at org.springframework.context.support.AbstractApplicationContext.refresh(AbstractApplicationContext.java:548)
	at org.springframework.boot.SpringApplication.refresh(SpringApplication.java:754)
	at org.springframework.boot.SpringApplication.refreshContext(SpringApplication.java:386)
	at org.springframework.boot.SpringApplication.run(SpringApplication.java:307)
	at org.springframework.boot.test.context.SpringBootContextLoader.loadContext(SpringBootContextLoader.java:127)
	at org.springframework.test.context.cache.DefaultCacheAwareContextLoaderDelegate.loadContextInternal(DefaultCacheAwareContextLoaderDelegate.java:99)
	at org.springframework.test.context.cache.DefaultCacheAwareContextLoaderDelegate.loadContext(DefaultCacheAwareContextLoaderDelegate.java:117)
	at org.springframework.test.context.support.DefaultTestContext.getApplicationContext(DefaultTestContext.java:108)
	at org.springframework.test.context.support.DependencyInjectionTestExecutionListener.injectDependencies(DependencyInjectionTestExecutionListener.java:117)
	at org.springframework.test.context.support.DependencyInjectionTestExecutionListener.prepareTestInstance(DependencyInjectionTestExecutionListener.java:83)
	at org.springframework.test.context.TestContextManager.prepareTestInstance(TestContextManager.java:246)
	at org.springframework.test.context.testng.AbstractTestNGSpringContextTests.springTestContextPrepareTestInstance(AbstractTestNGSpringContextTests.java:145)
	at sun.reflect.NativeMethodAccessorImpl.invoke0(Native Method)
	at sun.reflect.NativeMethodAccessorImpl.invoke(NativeMethodAccessorImpl.java:62)
	at sun.reflect.DelegatingMethodAccessorImpl.invoke(DelegatingMethodAccessorImpl.java:43)
	at java.lang.reflect.Method.invoke(Method.java:498)
	at org.testng.internal.MethodInvocationHelper.invokeMethod(MethodInvocationHelper.java:108)
	at org.testng.internal.Invoker.invokeConfigurationMethod(Invoker.java:523)
	at org.testng.internal.Invoker.invokeConfigurations(Invoker.java:224)
	at org.testng.internal.Invoker.invokeConfigurations(Invoker.java:146)
	at org.testng.internal.TestMethodWorker.invokeBeforeClassMethods(TestMethodWorker.java:166)
	at org.testng.internal.TestMethodWorker.run(TestMethodWorker.java:105)
	at org.testng.TestRunner.privateRun(TestRunner.java:744)
	at org.testng.TestRunner.run(TestRunner.java:602)
	at org.testng.SuiteRunner.runTest(SuiteRunner.java:380)
	at org.testng.SuiteRunner.runSequentially(SuiteRunner.java:375)
	at org.testng.SuiteRunner.privateRun(SuiteRunner.java:340)
	at org.testng.SuiteRunner.run(SuiteRunner.java:289)
	at org.testng.SuiteRunnerWorker.runSuite(SuiteRunnerWorker.java:52)
	at org.testng.SuiteRunnerWorker.run(SuiteRunnerWorker.java:86)
	at org.testng.TestNG.runSuitesSequentially(TestNG.java:1301)
	at org.testng.TestNG.runSuitesLocally(TestNG.java:1226)
	at org.testng.TestNG.runSuites(TestNG.java:1144)
	at org.testng.TestNG.run(TestNG.java:1115)
	at com.ai.api.support.initTestNG.TestNGAdapter.runTestNG(TestNGAdapter.java:30)
	at com.ai.api.Application.main(Application.java:18)
Caused by: javax.management.InstanceAlreadyExistsException: org.springframework.boot:type=Admin,name=SpringApplication
	at com.sun.jmx.mbeanserver.Repository.addMBean(Repository.java:437)
	at com.sun.jmx.interceptor.DefaultMBeanServerInterceptor.registerWithRepository(DefaultMBeanServerInterceptor.java:1898)
	at com.sun.jmx.interceptor.DefaultMBeanServerInterceptor.registerDynamicMBean(DefaultMBeanServerInterceptor.java:966)
	at com.sun.jmx.interceptor.DefaultMBeanServerInterceptor.registerObject(DefaultMBeanServerInterceptor.java:900)
	at com.sun.jmx.interceptor.DefaultMBeanServerInterceptor.registerMBean(DefaultMBeanServerInterceptor.java:324)
	at com.sun.jmx.mbeanserver.JmxMBeanServer.registerMBean(JmxMBeanServer.java:522)
	at org.springframework.boot.admin.SpringApplicationAdminMXBeanRegistrar.afterPropertiesSet(SpringApplicationAdminMXBeanRegistrar.java:100)
	at org.springframework.beans.factory.support.AbstractAutowireCapableBeanFactory.invokeInitMethods(AbstractAutowireCapableBeanFactory.java:1753)
	at org.springframework.beans.factory.support.AbstractAutowireCapableBeanFactory.initializeBean(AbstractAutowireCapableBeanFactory.java:1690)
	... 44 common frames omitted
2020-04-14 11:49:27.412 |-ERROR [main] org.springframework.test.context.TestContextManager [250] -| Caught exception while allowing TestExecutionListener [org.springframework.test.context.support.DependencyInjectionTestExecutionListener@263558c9] to prepare test instance [com.ai.api.testsuite.TestSuite@6a9287b1]
java.lang.IllegalStateException: Failed to load ApplicationContext
	at org.springframework.test.context.cache.DefaultCacheAwareContextLoaderDelegate.loadContext(DefaultCacheAwareContextLoaderDelegate.java:125)
	at org.springframework.test.context.support.DefaultTestContext.getApplicationContext(DefaultTestContext.java:108)
	at org.springframework.test.context.support.DependencyInjectionTestExecutionListener.injectDependencies(DependencyInjectionTestExecutionListener.java:117)
	at org.springframework.test.context.support.DependencyInjectionTestExecutionListener.prepareTestInstance(DependencyInjectionTestExecutionListener.java:83)
	at org.springframework.test.context.TestContextManager.prepareTestInstance(TestContextManager.java:246)
	at org.springframework.test.context.testng.AbstractTestNGSpringContextTests.springTestContextPrepareTestInstance(AbstractTestNGSpringContextTests.java:145)
	at sun.reflect.NativeMethodAccessorImpl.invoke0(Native Method)
	at sun.reflect.NativeMethodAccessorImpl.invoke(NativeMethodAccessorImpl.java:62)
	at sun.reflect.DelegatingMethodAccessorImpl.invoke(DelegatingMethodAccessorImpl.java:43)
	at java.lang.reflect.Method.invoke(Method.java:498)
	at org.testng.internal.MethodInvocationHelper.invokeMethod(MethodInvocationHelper.java:108)
	at org.testng.internal.Invoker.invokeConfigurationMethod(Invoker.java:523)
	at org.testng.internal.Invoker.invokeConfigurations(Invoker.java:224)
	at org.testng.internal.Invoker.invokeConfigurations(Invoker.java:146)
	at org.testng.internal.TestMethodWorker.invokeBeforeClassMethods(TestMethodWorker.java:166)
	at org.testng.internal.TestMethodWorker.run(TestMethodWorker.java:105)
	at org.testng.TestRunner.privateRun(TestRunner.java:744)
	at org.testng.TestRunner.run(TestRunner.java:602)
	at org.testng.SuiteRunner.runTest(SuiteRunner.java:380)
	at org.testng.SuiteRunner.runSequentially(SuiteRunner.java:375)
	at org.testng.SuiteRunner.privateRun(SuiteRunner.java:340)
	at org.testng.SuiteRunner.run(SuiteRunner.java:289)
	at org.testng.SuiteRunnerWorker.runSuite(SuiteRunnerWorker.java:52)
	at org.testng.SuiteRunnerWorker.run(SuiteRunnerWorker.java:86)
	at org.testng.TestNG.runSuitesSequentially(TestNG.java:1301)
	at org.testng.TestNG.runSuitesLocally(TestNG.java:1226)
	at org.testng.TestNG.runSuites(TestNG.java:1144)
	at org.testng.TestNG.run(TestNG.java:1115)
	at com.ai.api.support.initTestNG.TestNGAdapter.runTestNG(TestNGAdapter.java:30)
	at com.ai.api.Application.main(Application.java:18)
Caused by: org.springframework.beans.factory.BeanCreationException: Error creating bean with name 'springApplicationAdminRegistrar' defined in class path resource [org/springframework/boot/autoconfigure/admin/SpringApplicationAdminJmxAutoConfiguration.class]: Invocation of init method failed; nested exception is javax.management.InstanceAlreadyExistsException: org.springframework.boot:type=Admin,name=SpringApplication
	at org.springframework.beans.factory.support.AbstractAutowireCapableBeanFactory.initializeBean(AbstractAutowireCapableBeanFactory.java:1694)
	at org.springframework.beans.factory.support.AbstractAutowireCapableBeanFactory.doCreateBean(AbstractAutowireCapableBeanFactory.java:573)
	at org.springframework.beans.factory.support.AbstractAutowireCapableBeanFactory.createBean(AbstractAutowireCapableBeanFactory.java:495)
	at org.springframework.beans.factory.support.AbstractBeanFactory.lambda$doGetBean$0(AbstractBeanFactory.java:317)
	at org.springframework.beans.factory.support.DefaultSingletonBeanRegistry.getSingleton(DefaultSingletonBeanRegistry.java:222)
	at org.springframework.beans.factory.support.AbstractBeanFactory.doGetBean(AbstractBeanFactory.java:315)
	at org.springframework.beans.factory.support.AbstractBeanFactory.getBean(AbstractBeanFactory.java:199)
	at org.springframework.beans.factory.support.DefaultListableBeanFactory.preInstantiateSingletons(DefaultListableBeanFactory.java:759)
	at org.springframework.context.support.AbstractApplicationContext.finishBeanFactoryInitialization(AbstractApplicationContext.java:867)
	at org.springframework.context.support.AbstractApplicationContext.refresh(AbstractApplicationContext.java:548)
	at org.springframework.boot.SpringApplication.refresh(SpringApplication.java:754)
	at org.springframework.boot.SpringApplication.refreshContext(SpringApplication.java:386)
	at org.springframework.boot.SpringApplication.run(SpringApplication.java:307)
	at org.springframework.boot.test.context.SpringBootContextLoader.loadContext(SpringBootContextLoader.java:127)
	at org.springframework.test.context.cache.DefaultCacheAwareContextLoaderDelegate.loadContextInternal(DefaultCacheAwareContextLoaderDelegate.java:99)
	at org.springframework.test.context.cache.DefaultCacheAwareContextLoaderDelegate.loadContext(DefaultCacheAwareContextLoaderDelegate.java:117)
	... 29 common frames omitted
Caused by: javax.management.InstanceAlreadyExistsException: org.springframework.boot:type=Admin,name=SpringApplication
	at com.sun.jmx.mbeanserver.Repository.addMBean(Repository.java:437)
	at com.sun.jmx.interceptor.DefaultMBeanServerInterceptor.registerWithRepository(DefaultMBeanServerInterceptor.java:1898)
	at com.sun.jmx.interceptor.DefaultMBeanServerInterceptor.registerDynamicMBean(DefaultMBeanServerInterceptor.java:966)
	at com.sun.jmx.interceptor.DefaultMBeanServerInterceptor.registerObject(DefaultMBeanServerInterceptor.java:900)
	at com.sun.jmx.interceptor.DefaultMBeanServerInterceptor.registerMBean(DefaultMBeanServerInterceptor.java:324)
	at com.sun.jmx.mbeanserver.JmxMBeanServer.registerMBean(JmxMBeanServer.java:522)
	at org.springframework.boot.admin.SpringApplicationAdminMXBeanRegistrar.afterPropertiesSet(SpringApplicationAdminMXBeanRegistrar.java:100)
	at org.springframework.beans.factory.support.AbstractAutowireCapableBeanFactory.invokeInitMethods(AbstractAutowireCapableBeanFactory.java:1753)
	at org.springframework.beans.factory.support.AbstractAutowireCapableBeanFactory.initializeBean(AbstractAutowireCapableBeanFactory.java:1690)
	... 44 common frames omitted
2020-04-14 11:49:28.250 |-INFO  [Thread-7] org.springframework.context.annotation.AnnotationConfigApplicationContext [991] -| Closing org.springframework.context.annotation.AnnotationConfigApplicationContext@752325ad: startup date [Tue Apr 14 11:49:25 CST 2020]; root of context hierarchy
2020-04-14 11:49:28.295 |-INFO  [Thread-7] org.springframework.jmx.export.annotation.AnnotationMBeanExporter [451] -| Unregistering JMX-exposed beans on shutdown
2020-04-14 11:51:22.517 |-INFO  [main] com.ai.api.Application [50] -| Starting Application on bogon with PID 27870 (/Users/macos/Desktop/OldFace/study/api-auto-test/target/classes started by macos in /Users/macos/Desktop/OldFace/study/api-auto-test)
2020-04-14 11:51:22.524 |-INFO  [main] com.ai.api.Application [654] -| No active profile set, falling back to default profiles: default
2020-04-14 11:51:22.598 |-INFO  [main] org.springframework.context.annotation.AnnotationConfigApplicationContext [588] -| Refreshing org.springframework.context.annotation.AnnotationConfigApplicationContext@cd1d761: startup date [Tue Apr 14 11:51:22 CST 2020]; root of context hierarchy
2020-04-14 11:51:23.473 |-INFO  [main] org.springframework.data.repository.config.RepositoryConfigurationDelegate [172] -| Multiple Spring Data modules found, entering strict repository configuration mode!
2020-04-14 11:51:23.663 |-INFO  [main] org.springframework.beans.factory.annotation.AutowiredAnnotationBeanPostProcessor [153] -| JSR-330 'javax.inject.Inject' annotation found and supported for autowiring
2020-04-14 11:51:23.860 |-INFO  [main] org.springframework.boot.test.context.SpringBootTestContextBootstrapper [308] -| Neither @ContextConfiguration nor @ContextHierarchy found for test class [com.ai.api.testsuite.TestSuite], using SpringBootContextLoader
2020-04-14 11:51:23.862 |-INFO  [main] org.springframework.test.context.support.AbstractContextLoader [264] -| Could not detect default resource locations for test class [com.ai.api.testsuite.TestSuite]: no resource found for suffixes {-context.xml, Context.groovy}.
2020-04-14 11:51:23.910 |-INFO  [main] org.springframework.boot.test.context.SpringBootTestContextBootstrapper [177] -| Using TestExecutionListeners: [org.springframework.test.context.web.ServletTestExecutionListener@62e6a3ec, org.springframework.test.context.support.DirtiesContextBeforeModesTestExecutionListener@5754de72, org.springframework.test.context.support.DependencyInjectionTestExecutionListener@31ee96f4, org.springframework.test.context.support.DirtiesContextTestExecutionListener@320494b6]
2020-04-14 11:51:24.624 |-INFO  [main] org.springframework.jmx.export.annotation.AnnotationMBeanExporter [433] -| Registering beans for JMX exposure on startup
2020-04-14 11:51:24.644 |-INFO  [main] com.ai.api.Application [59] -| Started Application in 3.055 seconds (JVM running for 4.787)
2020-04-14 11:52:31.197 |-INFO  [main] org.springframework.boot.test.context.SpringBootTestContextBootstrapper [308] -| Neither @ContextConfiguration nor @ContextHierarchy found for test class [com.ai.api.testsuite.TestSuite], using SpringBootContextLoader
2020-04-14 11:52:31.215 |-INFO  [main] org.springframework.test.context.support.AbstractContextLoader [264] -| Could not detect default resource locations for test class [com.ai.api.testsuite.TestSuite]: no resource found for suffixes {-context.xml, Context.groovy}.
2020-04-14 11:52:31.280 |-INFO  [main] org.springframework.boot.test.context.SpringBootTestContextBootstrapper [177] -| Using TestExecutionListeners: [org.springframework.test.context.web.ServletTestExecutionListener@58472096, org.springframework.test.context.support.DirtiesContextBeforeModesTestExecutionListener@a92be4f, org.springframework.test.context.support.DependencyInjectionTestExecutionListener@53e800f9, org.springframework.test.context.support.DirtiesContextTestExecutionListener@337bbfdf]
2020-04-14 11:52:32.156 |-INFO  [main] com.ai.api.testsuite.TestSuite [50] -| Starting TestSuite on bogon with PID 27870 (/Users/macos/Desktop/OldFace/study/api-auto-test/target/classes started by macos in /Users/macos/Desktop/OldFace/study/api-auto-test)
2020-04-14 11:52:32.163 |-INFO  [main] com.ai.api.testsuite.TestSuite [654] -| No active profile set, falling back to default profiles: default
2020-04-14 11:52:32.192 |-INFO  [main] org.springframework.context.annotation.AnnotationConfigApplicationContext [588] -| Refreshing org.springframework.context.annotation.AnnotationConfigApplicationContext@2b6fcb9f: startup date [Tue Apr 14 11:52:32 CST 2020]; root of context hierarchy
2020-04-14 11:52:33.544 |-INFO  [main] org.springframework.data.repository.config.RepositoryConfigurationDelegate [172] -| Multiple Spring Data modules found, entering strict repository configuration mode!
2020-04-14 11:52:33.941 |-INFO  [main] org.springframework.beans.factory.annotation.AutowiredAnnotationBeanPostProcessor [153] -| JSR-330 'javax.inject.Inject' annotation found and supported for autowiring
2020-04-14 11:52:34.640 |-INFO  [main] org.springframework.boot.test.context.SpringBootTestContextBootstrapper [308] -| Neither @ContextConfiguration nor @ContextHierarchy found for test class [com.ai.api.testsuite.TestSuite], using SpringBootContextLoader
2020-04-14 11:52:34.649 |-INFO  [main] org.springframework.test.context.support.AbstractContextLoader [264] -| Could not detect default resource locations for test class [com.ai.api.testsuite.TestSuite]: no resource found for suffixes {-context.xml, Context.groovy}.
2020-04-14 11:52:34.709 |-INFO  [main] org.springframework.boot.test.context.SpringBootTestContextBootstrapper [177] -| Using TestExecutionListeners: [org.springframework.test.context.web.ServletTestExecutionListener@dd71b20, org.springframework.test.context.support.DirtiesContextBeforeModesTestExecutionListener@767f6ee7, org.springframework.test.context.support.DependencyInjectionTestExecutionListener@7b6c6e70, org.springframework.test.context.support.DirtiesContextTestExecutionListener@f324455]
2020-04-14 11:52:34.875 |-WARN  [main] org.springframework.context.annotation.AnnotationConfigApplicationContext [556] -| Exception encountered during context initialization - cancelling refresh attempt: org.springframework.beans.factory.BeanCreationException: Error creating bean with name 'springApplicationAdminRegistrar' defined in class path resource [org/springframework/boot/autoconfigure/admin/SpringApplicationAdminJmxAutoConfiguration.class]: Invocation of init method failed; nested exception is javax.management.InstanceAlreadyExistsException: org.springframework.boot:type=Admin,name=SpringApplication
2020-04-14 11:52:34.934 |-INFO  [main] org.springframework.boot.autoconfigure.logging.ConditionEvaluationReportLoggingListener [142] -| 

Error starting ApplicationContext. To display the conditions report re-run your application with 'debug' enabled.
2020-04-14 11:52:35.004 |-ERROR [main] org.springframework.boot.SpringApplication [837] -| Application run failed
org.springframework.beans.factory.BeanCreationException: Error creating bean with name 'springApplicationAdminRegistrar' defined in class path resource [org/springframework/boot/autoconfigure/admin/SpringApplicationAdminJmxAutoConfiguration.class]: Invocation of init method failed; nested exception is javax.management.InstanceAlreadyExistsException: org.springframework.boot:type=Admin,name=SpringApplication
	at org.springframework.beans.factory.support.AbstractAutowireCapableBeanFactory.initializeBean(AbstractAutowireCapableBeanFactory.java:1694)
	at org.springframework.beans.factory.support.AbstractAutowireCapableBeanFactory.doCreateBean(AbstractAutowireCapableBeanFactory.java:573)
	at org.springframework.beans.factory.support.AbstractAutowireCapableBeanFactory.createBean(AbstractAutowireCapableBeanFactory.java:495)
	at org.springframework.beans.factory.support.AbstractBeanFactory.lambda$doGetBean$0(AbstractBeanFactory.java:317)
	at org.springframework.beans.factory.support.DefaultSingletonBeanRegistry.getSingleton(DefaultSingletonBeanRegistry.java:222)
	at org.springframework.beans.factory.support.AbstractBeanFactory.doGetBean(AbstractBeanFactory.java:315)
	at org.springframework.beans.factory.support.AbstractBeanFactory.getBean(AbstractBeanFactory.java:199)
	at org.springframework.beans.factory.support.DefaultListableBeanFactory.preInstantiateSingletons(DefaultListableBeanFactory.java:759)
	at org.springframework.context.support.AbstractApplicationContext.finishBeanFactoryInitialization(AbstractApplicationContext.java:867)
	at org.springframework.context.support.AbstractApplicationContext.refresh(AbstractApplicationContext.java:548)
	at org.springframework.boot.SpringApplication.refresh(SpringApplication.java:754)
	at org.springframework.boot.SpringApplication.refreshContext(SpringApplication.java:386)
	at org.springframework.boot.SpringApplication.run(SpringApplication.java:307)
	at org.springframework.boot.test.context.SpringBootContextLoader.loadContext(SpringBootContextLoader.java:127)
	at org.springframework.test.context.cache.DefaultCacheAwareContextLoaderDelegate.loadContextInternal(DefaultCacheAwareContextLoaderDelegate.java:99)
	at org.springframework.test.context.cache.DefaultCacheAwareContextLoaderDelegate.loadContext(DefaultCacheAwareContextLoaderDelegate.java:117)
	at org.springframework.test.context.support.DefaultTestContext.getApplicationContext(DefaultTestContext.java:108)
	at org.springframework.test.context.support.DependencyInjectionTestExecutionListener.injectDependencies(DependencyInjectionTestExecutionListener.java:117)
	at org.springframework.test.context.support.DependencyInjectionTestExecutionListener.prepareTestInstance(DependencyInjectionTestExecutionListener.java:83)
	at org.springframework.test.context.TestContextManager.prepareTestInstance(TestContextManager.java:246)
	at org.springframework.test.context.testng.AbstractTestNGSpringContextTests.springTestContextPrepareTestInstance(AbstractTestNGSpringContextTests.java:145)
	at sun.reflect.NativeMethodAccessorImpl.invoke0(Native Method)
	at sun.reflect.NativeMethodAccessorImpl.invoke(NativeMethodAccessorImpl.java:62)
	at sun.reflect.DelegatingMethodAccessorImpl.invoke(DelegatingMethodAccessorImpl.java:43)
	at java.lang.reflect.Method.invoke(Method.java:498)
	at org.testng.internal.MethodInvocationHelper.invokeMethod(MethodInvocationHelper.java:108)
	at org.testng.internal.Invoker.invokeConfigurationMethod(Invoker.java:523)
	at org.testng.internal.Invoker.invokeConfigurations(Invoker.java:224)
	at org.testng.internal.Invoker.invokeConfigurations(Invoker.java:146)
	at org.testng.internal.TestMethodWorker.invokeBeforeClassMethods(TestMethodWorker.java:166)
	at org.testng.internal.TestMethodWorker.run(TestMethodWorker.java:105)
	at org.testng.TestRunner.privateRun(TestRunner.java:744)
	at org.testng.TestRunner.run(TestRunner.java:602)
	at org.testng.SuiteRunner.runTest(SuiteRunner.java:380)
	at org.testng.SuiteRunner.runSequentially(SuiteRunner.java:375)
	at org.testng.SuiteRunner.privateRun(SuiteRunner.java:340)
	at org.testng.SuiteRunner.run(SuiteRunner.java:289)
	at org.testng.SuiteRunnerWorker.runSuite(SuiteRunnerWorker.java:52)
	at org.testng.SuiteRunnerWorker.run(SuiteRunnerWorker.java:86)
	at org.testng.TestNG.runSuitesSequentially(TestNG.java:1301)
	at org.testng.TestNG.runSuitesLocally(TestNG.java:1226)
	at org.testng.TestNG.runSuites(TestNG.java:1144)
	at org.testng.TestNG.run(TestNG.java:1115)
	at com.ai.api.support.initTestNG.TestNGAdapter.runTestNG(TestNGAdapter.java:30)
	at com.ai.api.Application.main(Application.java:19)
Caused by: javax.management.InstanceAlreadyExistsException: org.springframework.boot:type=Admin,name=SpringApplication
	at com.sun.jmx.mbeanserver.Repository.addMBean(Repository.java:437)
	at com.sun.jmx.interceptor.DefaultMBeanServerInterceptor.registerWithRepository(DefaultMBeanServerInterceptor.java:1898)
	at com.sun.jmx.interceptor.DefaultMBeanServerInterceptor.registerDynamicMBean(DefaultMBeanServerInterceptor.java:966)
	at com.sun.jmx.interceptor.DefaultMBeanServerInterceptor.registerObject(DefaultMBeanServerInterceptor.java:900)
	at com.sun.jmx.interceptor.DefaultMBeanServerInterceptor.registerMBean(DefaultMBeanServerInterceptor.java:324)
	at com.sun.jmx.mbeanserver.JmxMBeanServer.registerMBean(JmxMBeanServer.java:522)
	at org.springframework.boot.admin.SpringApplicationAdminMXBeanRegistrar.afterPropertiesSet(SpringApplicationAdminMXBeanRegistrar.java:100)
	at org.springframework.beans.factory.support.AbstractAutowireCapableBeanFactory.invokeInitMethods(AbstractAutowireCapableBeanFactory.java:1753)
	at org.springframework.beans.factory.support.AbstractAutowireCapableBeanFactory.initializeBean(AbstractAutowireCapableBeanFactory.java:1690)
	... 44 common frames omitted
2020-04-14 11:52:35.012 |-ERROR [main] org.springframework.test.context.TestContextManager [250] -| Caught exception while allowing TestExecutionListener [org.springframework.test.context.support.DependencyInjectionTestExecutionListener@53e800f9] to prepare test instance [com.ai.api.testsuite.TestSuite@12e0f1cb]
java.lang.IllegalStateException: Failed to load ApplicationContext
	at org.springframework.test.context.cache.DefaultCacheAwareContextLoaderDelegate.loadContext(DefaultCacheAwareContextLoaderDelegate.java:125)
	at org.springframework.test.context.support.DefaultTestContext.getApplicationContext(DefaultTestContext.java:108)
	at org.springframework.test.context.support.DependencyInjectionTestExecutionListener.injectDependencies(DependencyInjectionTestExecutionListener.java:117)
	at org.springframework.test.context.support.DependencyInjectionTestExecutionListener.prepareTestInstance(DependencyInjectionTestExecutionListener.java:83)
	at org.springframework.test.context.TestContextManager.prepareTestInstance(TestContextManager.java:246)
	at org.springframework.test.context.testng.AbstractTestNGSpringContextTests.springTestContextPrepareTestInstance(AbstractTestNGSpringContextTests.java:145)
	at sun.reflect.NativeMethodAccessorImpl.invoke0(Native Method)
	at sun.reflect.NativeMethodAccessorImpl.invoke(NativeMethodAccessorImpl.java:62)
	at sun.reflect.DelegatingMethodAccessorImpl.invoke(DelegatingMethodAccessorImpl.java:43)
	at java.lang.reflect.Method.invoke(Method.java:498)
	at org.testng.internal.MethodInvocationHelper.invokeMethod(MethodInvocationHelper.java:108)
	at org.testng.internal.Invoker.invokeConfigurationMethod(Invoker.java:523)
	at org.testng.internal.Invoker.invokeConfigurations(Invoker.java:224)
	at org.testng.internal.Invoker.invokeConfigurations(Invoker.java:146)
	at org.testng.internal.TestMethodWorker.invokeBeforeClassMethods(TestMethodWorker.java:166)
	at org.testng.internal.TestMethodWorker.run(TestMethodWorker.java:105)
	at org.testng.TestRunner.privateRun(TestRunner.java:744)
	at org.testng.TestRunner.run(TestRunner.java:602)
	at org.testng.SuiteRunner.runTest(SuiteRunner.java:380)
	at org.testng.SuiteRunner.runSequentially(SuiteRunner.java:375)
	at org.testng.SuiteRunner.privateRun(SuiteRunner.java:340)
	at org.testng.SuiteRunner.run(SuiteRunner.java:289)
	at org.testng.SuiteRunnerWorker.runSuite(SuiteRunnerWorker.java:52)
	at org.testng.SuiteRunnerWorker.run(SuiteRunnerWorker.java:86)
	at org.testng.TestNG.runSuitesSequentially(TestNG.java:1301)
	at org.testng.TestNG.runSuitesLocally(TestNG.java:1226)
	at org.testng.TestNG.runSuites(TestNG.java:1144)
	at org.testng.TestNG.run(TestNG.java:1115)
	at com.ai.api.support.initTestNG.TestNGAdapter.runTestNG(TestNGAdapter.java:30)
	at com.ai.api.Application.main(Application.java:19)
Caused by: org.springframework.beans.factory.BeanCreationException: Error creating bean with name 'springApplicationAdminRegistrar' defined in class path resource [org/springframework/boot/autoconfigure/admin/SpringApplicationAdminJmxAutoConfiguration.class]: Invocation of init method failed; nested exception is javax.management.InstanceAlreadyExistsException: org.springframework.boot:type=Admin,name=SpringApplication
	at org.springframework.beans.factory.support.AbstractAutowireCapableBeanFactory.initializeBean(AbstractAutowireCapableBeanFactory.java:1694)
	at org.springframework.beans.factory.support.AbstractAutowireCapableBeanFactory.doCreateBean(AbstractAutowireCapableBeanFactory.java:573)
	at org.springframework.beans.factory.support.AbstractAutowireCapableBeanFactory.createBean(AbstractAutowireCapableBeanFactory.java:495)
	at org.springframework.beans.factory.support.AbstractBeanFactory.lambda$doGetBean$0(AbstractBeanFactory.java:317)
	at org.springframework.beans.factory.support.DefaultSingletonBeanRegistry.getSingleton(DefaultSingletonBeanRegistry.java:222)
	at org.springframework.beans.factory.support.AbstractBeanFactory.doGetBean(AbstractBeanFactory.java:315)
	at org.springframework.beans.factory.support.AbstractBeanFactory.getBean(AbstractBeanFactory.java:199)
	at org.springframework.beans.factory.support.DefaultListableBeanFactory.preInstantiateSingletons(DefaultListableBeanFactory.java:759)
	at org.springframework.context.support.AbstractApplicationContext.finishBeanFactoryInitialization(AbstractApplicationContext.java:867)
	at org.springframework.context.support.AbstractApplicationContext.refresh(AbstractApplicationContext.java:548)
	at org.springframework.boot.SpringApplication.refresh(SpringApplication.java:754)
	at org.springframework.boot.SpringApplication.refreshContext(SpringApplication.java:386)
	at org.springframework.boot.SpringApplication.run(SpringApplication.java:307)
	at org.springframework.boot.test.context.SpringBootContextLoader.loadContext(SpringBootContextLoader.java:127)
	at org.springframework.test.context.cache.DefaultCacheAwareContextLoaderDelegate.loadContextInternal(DefaultCacheAwareContextLoaderDelegate.java:99)
	at org.springframework.test.context.cache.DefaultCacheAwareContextLoaderDelegate.loadContext(DefaultCacheAwareContextLoaderDelegate.java:117)
	... 29 common frames omitted
Caused by: javax.management.InstanceAlreadyExistsException: org.springframework.boot:type=Admin,name=SpringApplication
	at com.sun.jmx.mbeanserver.Repository.addMBean(Repository.java:437)
	at com.sun.jmx.interceptor.DefaultMBeanServerInterceptor.registerWithRepository(DefaultMBeanServerInterceptor.java:1898)
	at com.sun.jmx.interceptor.DefaultMBeanServerInterceptor.registerDynamicMBean(DefaultMBeanServerInterceptor.java:966)
	at com.sun.jmx.interceptor.DefaultMBeanServerInterceptor.registerObject(DefaultMBeanServerInterceptor.java:900)
	at com.sun.jmx.interceptor.DefaultMBeanServerInterceptor.registerMBean(DefaultMBeanServerInterceptor.java:324)
	at com.sun.jmx.mbeanserver.JmxMBeanServer.registerMBean(JmxMBeanServer.java:522)
	at org.springframework.boot.admin.SpringApplicationAdminMXBeanRegistrar.afterPropertiesSet(SpringApplicationAdminMXBeanRegistrar.java:100)
	at org.springframework.beans.factory.support.AbstractAutowireCapableBeanFactory.invokeInitMethods(AbstractAutowireCapableBeanFactory.java:1753)
	at org.springframework.beans.factory.support.AbstractAutowireCapableBeanFactory.initializeBean(AbstractAutowireCapableBeanFactory.java:1690)
	... 44 common frames omitted
2020-04-14 11:54:56.757 |-INFO  [Thread-9] org.springframework.context.annotation.AnnotationConfigApplicationContext [991] -| Closing org.springframework.context.annotation.AnnotationConfigApplicationContext@cd1d761: startup date [Tue Apr 14 11:51:22 CST 2020]; root of context hierarchy
2020-04-14 11:54:56.799 |-INFO  [Thread-9] org.springframework.jmx.export.annotation.AnnotationMBeanExporter [451] -| Unregistering JMX-exposed beans on shutdown
2020-04-14 11:55:14.451 |-INFO  [main] com.ai.api.testsuite.TestSuite [50] -| Starting TestSuite on bogon with PID 27888 (/Users/macos/Desktop/OldFace/study/api-auto-test/target/classes started by macos in /Users/macos/Desktop/OldFace/study/api-auto-test)
2020-04-14 11:55:14.453 |-INFO  [main] com.ai.api.testsuite.TestSuite [654] -| No active profile set, falling back to default profiles: default
2020-04-14 11:55:14.473 |-INFO  [main] org.springframework.context.annotation.AnnotationConfigApplicationContext [588] -| Refreshing org.springframework.context.annotation.AnnotationConfigApplicationContext@4f4c4b1a: startup date [Tue Apr 14 11:55:14 CST 2020]; root of context hierarchy
2020-04-14 11:55:14.975 |-INFO  [main] org.springframework.data.repository.config.RepositoryConfigurationDelegate [172] -| Multiple Spring Data modules found, entering strict repository configuration mode!
2020-04-14 11:55:15.235 |-INFO  [main] org.springframework.beans.factory.annotation.AutowiredAnnotationBeanPostProcessor [153] -| JSR-330 'javax.inject.Inject' annotation found and supported for autowiring
2020-04-14 11:55:15.394 |-INFO  [main] org.springframework.boot.test.context.SpringBootTestContextBootstrapper [308] -| Neither @ContextConfiguration nor @ContextHierarchy found for test class [com.ai.api.testsuite.TestSuite], using SpringBootContextLoader
2020-04-14 11:55:15.396 |-INFO  [main] org.springframework.test.context.support.AbstractContextLoader [264] -| Could not detect default resource locations for test class [com.ai.api.testsuite.TestSuite]: no resource found for suffixes {-context.xml, Context.groovy}.
2020-04-14 11:55:15.404 |-INFO  [main] org.springframework.boot.test.context.SpringBootTestContextBootstrapper [177] -| Using TestExecutionListeners: [org.springframework.test.context.support.DirtiesContextBeforeModesTestExecutionListener@2970a5bc, org.springframework.test.context.support.DependencyInjectionTestExecutionListener@50305a, org.springframework.test.context.support.DirtiesContextTestExecutionListener@72efb5c1]
2020-04-14 11:55:16.291 |-INFO  [main] com.ai.api.testsuite.TestSuite [59] -| Started TestSuite in 2.804 seconds (JVM running for 4.608)
2020-04-14 11:55:16.961 |-INFO  [main] com.ai.api.testcase.TC01_test [36] -| 地址d
2020-04-14 11:55:17.019 |-INFO  [main] com.ai.api.testcase.TC01_test [40] -| 实际000000
2020-04-14 11:55:17.019 |-INFO  [main] com.ai.api.testcase.TC01_test [42] -| 期望000000
2020-04-14 11:55:17.021 |-INFO  [main] com.ai.api.support.dataDriver.Check [15] -| 期望值=000000, 实际值=000000
2020-04-14 11:55:17.022 |-INFO  [main] com.ai.api.support.dataDriver.Check [20] -| 期望值=通过, 实际值=通过
2020-04-14 11:55:17.024 |-INFO  [main] com.ai.api.testcase.TC01_test [36] -| 地址d
2020-04-14 11:55:17.024 |-INFO  [main] com.ai.api.testcase.TC01_test [40] -| 实际000000
2020-04-14 11:55:17.024 |-INFO  [main] com.ai.api.testcase.TC01_test [42] -| 期望000000
2020-04-14 11:55:17.024 |-INFO  [main] com.ai.api.support.dataDriver.Check [15] -| 期望值=000000, 实际值=000000
2020-04-14 11:55:17.025 |-INFO  [main] com.ai.api.support.dataDriver.Check [20] -| 期望值=不通过, 实际值=通过
2020-04-14 11:55:17.026 |-INFO  [main] com.ai.api.testcase.TC01_test [36] -| 地址d
2020-04-14 11:55:17.027 |-INFO  [main] com.ai.api.testcase.TC01_test [40] -| 实际000000
2020-04-14 11:55:17.027 |-INFO  [main] com.ai.api.testcase.TC01_test [42] -| 期望000000
2020-04-14 11:55:17.027 |-INFO  [main] com.ai.api.support.dataDriver.Check [15] -| 期望值=000000, 实际值=000000
2020-04-14 11:55:17.028 |-INFO  [main] com.ai.api.support.dataDriver.Check [20] -| 期望值=不通过, 实际值=通过
2020-04-14 11:55:17.117 |-INFO  [Thread-2] org.springframework.context.annotation.AnnotationConfigApplicationContext [991] -| Closing org.springframework.context.annotation.AnnotationConfigApplicationContext@4f4c4b1a: startup date [Tue Apr 14 11:55:14 CST 2020]; root of context hierarchy
2020-04-14 12:44:20.210 |-INFO  [com.ai.api.testsuite.BaseSuite.main()] com.ai.api.testsuite.TestSuite [50] -| Starting TestSuite on bogon with PID 28503 (/Users/macos/Desktop/OldFace/study/api-auto-test/target/classes started by macos in /Users/macos/Desktop/OldFace/study/api-auto-test)
2020-04-14 12:44:20.214 |-INFO  [com.ai.api.testsuite.BaseSuite.main()] com.ai.api.testsuite.TestSuite [654] -| No active profile set, falling back to default profiles: default
2020-04-14 12:44:20.252 |-INFO  [com.ai.api.testsuite.BaseSuite.main()] org.springframework.context.annotation.AnnotationConfigApplicationContext [588] -| Refreshing org.springframework.context.annotation.AnnotationConfigApplicationContext@14bb51d1: startup date [Tue Apr 14 12:44:20 CST 2020]; root of context hierarchy
2020-04-14 12:44:20.882 |-INFO  [com.ai.api.testsuite.BaseSuite.main()] org.springframework.data.repository.config.RepositoryConfigurationDelegate [172] -| Multiple Spring Data modules found, entering strict repository configuration mode!
2020-04-14 12:44:21.202 |-INFO  [com.ai.api.testsuite.BaseSuite.main()] org.springframework.beans.factory.annotation.AutowiredAnnotationBeanPostProcessor [153] -| JSR-330 'javax.inject.Inject' annotation found and supported for autowiring
2020-04-14 12:44:21.401 |-INFO  [com.ai.api.testsuite.BaseSuite.main()] org.springframework.boot.test.context.SpringBootTestContextBootstrapper [308] -| Neither @ContextConfiguration nor @ContextHierarchy found for test class [com.ai.api.testsuite.TestSuite], using SpringBootContextLoader
2020-04-14 12:44:21.402 |-INFO  [com.ai.api.testsuite.BaseSuite.main()] org.springframework.test.context.support.AbstractContextLoader [264] -| Could not detect default resource locations for test class [com.ai.api.testsuite.TestSuite]: no resource found for suffixes {-context.xml, Context.groovy}.
2020-04-14 12:44:21.440 |-INFO  [com.ai.api.testsuite.BaseSuite.main()] org.springframework.boot.test.context.SpringBootTestContextBootstrapper [177] -| Using TestExecutionListeners: [org.springframework.test.context.support.DirtiesContextBeforeModesTestExecutionListener@61ba62f7, org.springframework.test.context.support.DependencyInjectionTestExecutionListener@7299b3e9, org.springframework.test.context.support.DirtiesContextTestExecutionListener@40ad602e]
2020-04-14 12:44:22.391 |-INFO  [com.ai.api.testsuite.BaseSuite.main()] com.ai.api.testsuite.TestSuite [59] -| Started TestSuite in 3.029 seconds (JVM running for 29.56)
2020-04-14 12:44:23.145 |-INFO  [com.ai.api.testsuite.BaseSuite.main()] com.ai.api.testcase.TC01_test [36] -| 地址d
2020-04-14 12:44:23.281 |-INFO  [com.ai.api.testsuite.BaseSuite.main()] com.ai.api.testcase.TC01_test [40] -| 实际000000
2020-04-14 12:44:23.282 |-INFO  [com.ai.api.testsuite.BaseSuite.main()] com.ai.api.testcase.TC01_test [42] -| 期望000000
2020-04-14 12:44:23.283 |-INFO  [com.ai.api.testsuite.BaseSuite.main()] com.ai.api.support.dataDriver.Check [15] -| 期望值=000000, 实际值=000000
2020-04-14 12:44:23.285 |-INFO  [com.ai.api.testsuite.BaseSuite.main()] com.ai.api.support.dataDriver.Check [20] -| 期望值=通过, 实际值=通过
2020-04-14 12:44:23.287 |-INFO  [com.ai.api.testsuite.BaseSuite.main()] com.ai.api.testcase.TC01_test [36] -| 地址d
2020-04-14 12:44:23.289 |-INFO  [com.ai.api.testsuite.BaseSuite.main()] com.ai.api.testcase.TC01_test [40] -| 实际000000
2020-04-14 12:44:23.291 |-INFO  [com.ai.api.testsuite.BaseSuite.main()] com.ai.api.testcase.TC01_test [42] -| 期望000000
2020-04-14 12:44:23.291 |-INFO  [com.ai.api.testsuite.BaseSuite.main()] com.ai.api.support.dataDriver.Check [15] -| 期望值=000000, 实际值=000000
2020-04-14 12:44:23.292 |-INFO  [com.ai.api.testsuite.BaseSuite.main()] com.ai.api.support.dataDriver.Check [20] -| 期望值=不通过, 实际值=通过
2020-04-14 12:44:23.295 |-INFO  [com.ai.api.testsuite.BaseSuite.main()] com.ai.api.testcase.TC01_test [36] -| 地址d
2020-04-14 12:44:23.296 |-INFO  [com.ai.api.testsuite.BaseSuite.main()] com.ai.api.testcase.TC01_test [40] -| 实际000000
2020-04-14 12:44:23.298 |-INFO  [com.ai.api.testsuite.BaseSuite.main()] com.ai.api.testcase.TC01_test [42] -| 期望000000
2020-04-14 12:44:23.299 |-INFO  [com.ai.api.testsuite.BaseSuite.main()] com.ai.api.support.dataDriver.Check [15] -| 期望值=000000, 实际值=000000
2020-04-14 12:44:23.301 |-INFO  [com.ai.api.testsuite.BaseSuite.main()] com.ai.api.support.dataDriver.Check [20] -| 期望值=不通过, 实际值=通过
2020-04-14 12:57:29.680 |-INFO  [com.ai.api.testsuite.BaseSuite.main()] com.ai.api.testsuite.TestSuite [50] -| Starting TestSuite on bogon with PID 28701 (/Users/macos/Desktop/OldFace/study/api-auto-test/target/classes started by macos in /Users/macos/Desktop/OldFace/study/api-auto-test)
2020-04-14 12:57:29.684 |-INFO  [com.ai.api.testsuite.BaseSuite.main()] com.ai.api.testsuite.TestSuite [654] -| No active profile set, falling back to default profiles: default
2020-04-14 12:57:29.863 |-INFO  [com.ai.api.testsuite.BaseSuite.main()] org.springframework.context.annotation.AnnotationConfigApplicationContext [588] -| Refreshing org.springframework.context.annotation.AnnotationConfigApplicationContext@5aa08e97: startup date [Tue Apr 14 12:57:29 CST 2020]; root of context hierarchy
2020-04-14 12:57:31.656 |-INFO  [com.ai.api.testsuite.BaseSuite.main()] org.springframework.data.repository.config.RepositoryConfigurationDelegate [172] -| Multiple Spring Data modules found, entering strict repository configuration mode!
2020-04-14 12:57:32.135 |-INFO  [com.ai.api.testsuite.BaseSuite.main()] org.springframework.beans.factory.annotation.AutowiredAnnotationBeanPostProcessor [153] -| JSR-330 'javax.inject.Inject' annotation found and supported for autowiring
2020-04-14 12:57:32.395 |-INFO  [com.ai.api.testsuite.BaseSuite.main()] org.springframework.boot.test.context.SpringBootTestContextBootstrapper [308] -| Neither @ContextConfiguration nor @ContextHierarchy found for test class [com.ai.api.testsuite.TestSuite], using SpringBootContextLoader
2020-04-14 12:57:32.397 |-INFO  [com.ai.api.testsuite.BaseSuite.main()] org.springframework.test.context.support.AbstractContextLoader [264] -| Could not detect default resource locations for test class [com.ai.api.testsuite.TestSuite]: no resource found for suffixes {-context.xml, Context.groovy}.
2020-04-14 12:57:33.007 |-INFO  [com.ai.api.testsuite.BaseSuite.main()] org.springframework.boot.test.context.SpringBootTestContextBootstrapper [177] -| Using TestExecutionListeners: [org.springframework.test.context.support.DirtiesContextBeforeModesTestExecutionListener@5e1ac082, org.springframework.test.context.support.DependencyInjectionTestExecutionListener@3ee9487e, org.springframework.test.context.support.DirtiesContextTestExecutionListener@9654776]
2020-04-14 12:57:34.853 |-INFO  [com.ai.api.testsuite.BaseSuite.main()] com.ai.api.testsuite.TestSuite [59] -| Started TestSuite in 7.408 seconds (JVM running for 23.602)
2020-04-14 12:57:35.884 |-INFO  [com.ai.api.testsuite.BaseSuite.main()] com.ai.api.testcase.TC01_test [36] -| 地址d
2020-04-14 12:57:36.013 |-INFO  [com.ai.api.testsuite.BaseSuite.main()] com.ai.api.testcase.TC01_test [40] -| 实际000000
2020-04-14 12:57:36.014 |-INFO  [com.ai.api.testsuite.BaseSuite.main()] com.ai.api.testcase.TC01_test [42] -| 期望000000
2020-04-14 12:57:36.017 |-INFO  [com.ai.api.testsuite.BaseSuite.main()] com.ai.api.support.dataDriver.Check [15] -| 期望值=000000, 实际值=000000
2020-04-14 12:57:37.666 |-INFO  [com.ai.api.testsuite.BaseSuite.main()] com.ai.api.support.dataDriver.Check [20] -| 期望值=通过, 实际值=通过
2020-04-14 12:57:37.674 |-INFO  [com.ai.api.testsuite.BaseSuite.main()] com.ai.api.testcase.TC01_test [36] -| 地址d
2020-04-14 12:57:37.705 |-INFO  [com.ai.api.testsuite.BaseSuite.main()] com.ai.api.testcase.TC01_test [40] -| 实际000000
2020-04-14 12:57:37.706 |-INFO  [com.ai.api.testsuite.BaseSuite.main()] com.ai.api.testcase.TC01_test [42] -| 期望000000
2020-04-14 12:57:37.706 |-INFO  [com.ai.api.testsuite.BaseSuite.main()] com.ai.api.support.dataDriver.Check [15] -| 期望值=000000, 实际值=000000
2020-04-14 12:57:37.706 |-INFO  [com.ai.api.testsuite.BaseSuite.main()] com.ai.api.support.dataDriver.Check [20] -| 期望值=不通过, 实际值=通过
2020-04-14 12:57:37.717 |-INFO  [com.ai.api.testsuite.BaseSuite.main()] com.ai.api.testcase.TC01_test [36] -| 地址d
2020-04-14 12:57:37.717 |-INFO  [com.ai.api.testsuite.BaseSuite.main()] com.ai.api.testcase.TC01_test [40] -| 实际000000
2020-04-14 12:57:37.718 |-INFO  [com.ai.api.testsuite.BaseSuite.main()] com.ai.api.testcase.TC01_test [42] -| 期望000000
2020-04-14 12:57:37.718 |-INFO  [com.ai.api.testsuite.BaseSuite.main()] com.ai.api.support.dataDriver.Check [15] -| 期望值=000000, 实际值=000000
2020-04-14 12:57:37.718 |-INFO  [com.ai.api.testsuite.BaseSuite.main()] com.ai.api.support.dataDriver.Check [20] -| 期望值=不通过, 实际值=通过
2020-04-14 12:57:56.231 |-INFO  [com.ai.api.testsuite.BaseSuite.main()] com.ai.api.testsuite.TestSuite [50] -| Starting TestSuite on bogon with PID 28738 (/Users/macos/Desktop/OldFace/study/api-auto-test/target/classes started by macos in /Users/macos/Desktop/OldFace/study/api-auto-test)
2020-04-14 12:57:56.234 |-INFO  [com.ai.api.testsuite.BaseSuite.main()] com.ai.api.testsuite.TestSuite [654] -| No active profile set, falling back to default profiles: default
2020-04-14 12:57:56.256 |-INFO  [com.ai.api.testsuite.BaseSuite.main()] org.springframework.context.annotation.AnnotationConfigApplicationContext [588] -| Refreshing org.springframework.context.annotation.AnnotationConfigApplicationContext@1cd59e20: startup date [Tue Apr 14 12:57:56 CST 2020]; root of context hierarchy
2020-04-14 12:57:57.059 |-INFO  [com.ai.api.testsuite.BaseSuite.main()] org.springframework.data.repository.config.RepositoryConfigurationDelegate [172] -| Multiple Spring Data modules found, entering strict repository configuration mode!
2020-04-14 12:57:57.308 |-INFO  [com.ai.api.testsuite.BaseSuite.main()] org.springframework.beans.factory.annotation.AutowiredAnnotationBeanPostProcessor [153] -| JSR-330 'javax.inject.Inject' annotation found and supported for autowiring
2020-04-14 12:57:57.487 |-INFO  [com.ai.api.testsuite.BaseSuite.main()] org.springframework.boot.test.context.SpringBootTestContextBootstrapper [308] -| Neither @ContextConfiguration nor @ContextHierarchy found for test class [com.ai.api.testsuite.TestSuite], using SpringBootContextLoader
2020-04-14 12:57:57.488 |-INFO  [com.ai.api.testsuite.BaseSuite.main()] org.springframework.test.context.support.AbstractContextLoader [264] -| Could not detect default resource locations for test class [com.ai.api.testsuite.TestSuite]: no resource found for suffixes {-context.xml, Context.groovy}.
2020-04-14 12:57:57.498 |-INFO  [com.ai.api.testsuite.BaseSuite.main()] org.springframework.boot.test.context.SpringBootTestContextBootstrapper [177] -| Using TestExecutionListeners: [org.springframework.test.context.support.DirtiesContextBeforeModesTestExecutionListener@628aa92a, org.springframework.test.context.support.DependencyInjectionTestExecutionListener@2be43098, org.springframework.test.context.support.DirtiesContextTestExecutionListener@4bed59f8]
2020-04-14 12:57:58.530 |-INFO  [com.ai.api.testsuite.BaseSuite.main()] com.ai.api.testsuite.TestSuite [59] -| Started TestSuite in 3.299 seconds (JVM running for 9.25)
2020-04-14 12:57:59.262 |-INFO  [com.ai.api.testsuite.BaseSuite.main()] com.ai.api.testcase.TC01_test [36] -| 地址d
2020-04-14 12:57:59.376 |-INFO  [com.ai.api.testsuite.BaseSuite.main()] com.ai.api.testcase.TC01_test [40] -| 实际000000
2020-04-14 12:57:59.378 |-INFO  [com.ai.api.testsuite.BaseSuite.main()] com.ai.api.testcase.TC01_test [42] -| 期望000000
2020-04-14 12:57:59.383 |-INFO  [com.ai.api.testsuite.BaseSuite.main()] com.ai.api.support.dataDriver.Check [15] -| 期望值=000000, 实际值=000000
2020-04-14 12:57:59.387 |-INFO  [com.ai.api.testsuite.BaseSuite.main()] com.ai.api.support.dataDriver.Check [20] -| 期望值=通过, 实际值=通过
2020-04-14 12:57:59.392 |-INFO  [com.ai.api.testsuite.BaseSuite.main()] com.ai.api.testcase.TC01_test [36] -| 地址d
2020-04-14 12:57:59.395 |-INFO  [com.ai.api.testsuite.BaseSuite.main()] com.ai.api.testcase.TC01_test [40] -| 实际000000
2020-04-14 12:57:59.396 |-INFO  [com.ai.api.testsuite.BaseSuite.main()] com.ai.api.testcase.TC01_test [42] -| 期望000000
2020-04-14 12:57:59.397 |-INFO  [com.ai.api.testsuite.BaseSuite.main()] com.ai.api.support.dataDriver.Check [15] -| 期望值=000000, 实际值=000000
2020-04-14 12:57:59.397 |-INFO  [com.ai.api.testsuite.BaseSuite.main()] com.ai.api.support.dataDriver.Check [20] -| 期望值=不通过, 实际值=通过
2020-04-14 12:57:59.399 |-INFO  [com.ai.api.testsuite.BaseSuite.main()] com.ai.api.testcase.TC01_test [36] -| 地址d
2020-04-14 12:57:59.399 |-INFO  [com.ai.api.testsuite.BaseSuite.main()] com.ai.api.testcase.TC01_test [40] -| 实际000000
2020-04-14 12:57:59.400 |-INFO  [com.ai.api.testsuite.BaseSuite.main()] com.ai.api.testcase.TC01_test [42] -| 期望000000
2020-04-14 12:57:59.400 |-INFO  [com.ai.api.testsuite.BaseSuite.main()] com.ai.api.support.dataDriver.Check [15] -| 期望值=000000, 实际值=000000
2020-04-14 12:57:59.404 |-INFO  [com.ai.api.testsuite.BaseSuite.main()] com.ai.api.support.dataDriver.Check [20] -| 期望值=不通过, 实际值=通过
2020-04-14 12:58:41.184 |-INFO  [main] com.ai.api.testsuite.TestSuite [50] -| Starting TestSuite on bogon with PID 28771 (/Users/macos/Desktop/OldFace/study/api-auto-test/target/classes started by macos in /Users/macos/Desktop/OldFace/study/api-auto-test)
2020-04-14 12:58:41.189 |-INFO  [main] com.ai.api.testsuite.TestSuite [654] -| No active profile set, falling back to default profiles: default
2020-04-14 12:58:41.328 |-INFO  [main] org.springframework.context.annotation.AnnotationConfigApplicationContext [588] -| Refreshing org.springframework.context.annotation.AnnotationConfigApplicationContext@432038ec: startup date [Tue Apr 14 12:58:41 CST 2020]; root of context hierarchy
2020-04-14 12:58:42.194 |-INFO  [main] org.springframework.data.repository.config.RepositoryConfigurationDelegate [172] -| Multiple Spring Data modules found, entering strict repository configuration mode!
2020-04-14 12:58:42.577 |-INFO  [main] org.springframework.beans.factory.annotation.AutowiredAnnotationBeanPostProcessor [153] -| JSR-330 'javax.inject.Inject' annotation found and supported for autowiring
2020-04-14 12:58:42.769 |-INFO  [main] org.springframework.boot.test.context.SpringBootTestContextBootstrapper [308] -| Neither @ContextConfiguration nor @ContextHierarchy found for test class [com.ai.api.testsuite.TestSuite], using SpringBootContextLoader
2020-04-14 12:58:42.770 |-INFO  [main] org.springframework.test.context.support.AbstractContextLoader [264] -| Could not detect default resource locations for test class [com.ai.api.testsuite.TestSuite]: no resource found for suffixes {-context.xml, Context.groovy}.
2020-04-14 12:58:42.780 |-INFO  [main] org.springframework.boot.test.context.SpringBootTestContextBootstrapper [177] -| Using TestExecutionListeners: [org.springframework.test.context.support.DirtiesContextBeforeModesTestExecutionListener@79c4715d, org.springframework.test.context.support.DependencyInjectionTestExecutionListener@5aa360ea, org.springframework.test.context.support.DirtiesContextTestExecutionListener@6548bb7d]
2020-04-14 12:58:44.157 |-INFO  [main] com.ai.api.testsuite.TestSuite [59] -| Started TestSuite in 4.2 seconds (JVM running for 6.804)
2020-04-14 12:58:45.187 |-INFO  [main] com.ai.api.testcase.TC01_test [36] -| 地址d
2020-04-14 12:58:45.268 |-INFO  [main] com.ai.api.testcase.TC01_test [40] -| 实际000000
2020-04-14 12:58:45.269 |-INFO  [main] com.ai.api.testcase.TC01_test [42] -| 期望000000
2020-04-14 12:58:45.271 |-INFO  [main] com.ai.api.support.dataDriver.Check [15] -| 期望值=000000, 实际值=000000
2020-04-14 12:58:45.273 |-INFO  [main] com.ai.api.support.dataDriver.Check [20] -| 期望值=通过, 实际值=通过
2020-04-14 12:58:45.274 |-INFO  [main] com.ai.api.testcase.TC01_test [36] -| 地址d
2020-04-14 12:58:45.275 |-INFO  [main] com.ai.api.testcase.TC01_test [40] -| 实际000000
2020-04-14 12:58:45.276 |-INFO  [main] com.ai.api.testcase.TC01_test [42] -| 期望000000
2020-04-14 12:58:45.277 |-INFO  [main] com.ai.api.support.dataDriver.Check [15] -| 期望值=000000, 实际值=000000
2020-04-14 12:58:45.277 |-INFO  [main] com.ai.api.support.dataDriver.Check [20] -| 期望值=不通过, 实际值=通过
2020-04-14 12:58:45.282 |-INFO  [main] com.ai.api.testcase.TC01_test [36] -| 地址d
2020-04-14 12:58:45.283 |-INFO  [main] com.ai.api.testcase.TC01_test [40] -| 实际000000
2020-04-14 12:58:45.283 |-INFO  [main] com.ai.api.testcase.TC01_test [42] -| 期望000000
2020-04-14 12:58:45.283 |-INFO  [main] com.ai.api.support.dataDriver.Check [15] -| 期望值=000000, 实际值=000000
2020-04-14 12:58:45.284 |-INFO  [main] com.ai.api.support.dataDriver.Check [20] -| 期望值=不通过, 实际值=通过
2020-04-14 12:58:45.630 |-INFO  [Thread-2] org.springframework.context.annotation.AnnotationConfigApplicationContext [991] -| Closing org.springframework.context.annotation.AnnotationConfigApplicationContext@432038ec: startup date [Tue Apr 14 12:58:41 CST 2020]; root of context hierarchy
2020-04-14 13:17:59.901 |-INFO  [com.ai.api.testsuite.BaseSuite.main()] com.ai.api.testsuite.TestSuite [50] -| Starting TestSuite on bogon with PID 29028 (/Users/macos/Desktop/OldFace/study/api-auto-test/target/classes started by macos in /Users/macos/Desktop/OldFace/study/api-auto-test)
2020-04-14 13:17:59.905 |-INFO  [com.ai.api.testsuite.BaseSuite.main()] com.ai.api.testsuite.TestSuite [654] -| No active profile set, falling back to default profiles: default
2020-04-14 13:17:59.952 |-INFO  [com.ai.api.testsuite.BaseSuite.main()] org.springframework.context.annotation.AnnotationConfigApplicationContext [588] -| Refreshing org.springframework.context.annotation.AnnotationConfigApplicationContext@1fa71d3a: startup date [Tue Apr 14 13:17:59 CST 2020]; root of context hierarchy
2020-04-14 13:18:00.543 |-INFO  [com.ai.api.testsuite.BaseSuite.main()] org.springframework.data.repository.config.RepositoryConfigurationDelegate [172] -| Multiple Spring Data modules found, entering strict repository configuration mode!
2020-04-14 13:18:00.809 |-INFO  [com.ai.api.testsuite.BaseSuite.main()] org.springframework.beans.factory.annotation.AutowiredAnnotationBeanPostProcessor [153] -| JSR-330 'javax.inject.Inject' annotation found and supported for autowiring
2020-04-14 13:18:00.958 |-INFO  [com.ai.api.testsuite.BaseSuite.main()] org.springframework.boot.test.context.SpringBootTestContextBootstrapper [308] -| Neither @ContextConfiguration nor @ContextHierarchy found for test class [com.ai.api.testsuite.TestSuite], using SpringBootContextLoader
2020-04-14 13:18:00.960 |-INFO  [com.ai.api.testsuite.BaseSuite.main()] org.springframework.test.context.support.AbstractContextLoader [264] -| Could not detect default resource locations for test class [com.ai.api.testsuite.TestSuite]: no resource found for suffixes {-context.xml, Context.groovy}.
2020-04-14 13:18:00.973 |-INFO  [com.ai.api.testsuite.BaseSuite.main()] org.springframework.boot.test.context.SpringBootTestContextBootstrapper [177] -| Using TestExecutionListeners: [org.springframework.test.context.support.DirtiesContextBeforeModesTestExecutionListener@1161e1c6, org.springframework.test.context.support.DependencyInjectionTestExecutionListener@10800772, org.springframework.test.context.support.DirtiesContextTestExecutionListener@60b98247]
2020-04-14 13:18:01.943 |-INFO  [com.ai.api.testsuite.BaseSuite.main()] com.ai.api.testsuite.TestSuite [59] -| Started TestSuite in 2.966 seconds (JVM running for 9.336)
2020-04-14 13:18:02.663 |-INFO  [com.ai.api.testsuite.BaseSuite.main()] com.ai.api.testcase.TC01_test [36] -| 地址d
2020-04-14 13:18:02.759 |-INFO  [com.ai.api.testsuite.BaseSuite.main()] com.ai.api.testcase.TC01_test [40] -| 实际000000
2020-04-14 13:18:02.760 |-INFO  [com.ai.api.testsuite.BaseSuite.main()] com.ai.api.testcase.TC01_test [42] -| 期望000000
2020-04-14 13:18:02.762 |-INFO  [com.ai.api.testsuite.BaseSuite.main()] com.ai.api.support.dataDriver.Check [15] -| 期望值=000000, 实际值=000000
2020-04-14 13:18:02.765 |-INFO  [com.ai.api.testsuite.BaseSuite.main()] com.ai.api.support.dataDriver.Check [20] -| 期望值=通过, 实际值=通过
2020-04-14 13:18:02.767 |-INFO  [com.ai.api.testsuite.BaseSuite.main()] com.ai.api.testcase.TC01_test [36] -| 地址d
2020-04-14 13:18:02.767 |-INFO  [com.ai.api.testsuite.BaseSuite.main()] com.ai.api.testcase.TC01_test [40] -| 实际000000
2020-04-14 13:18:02.768 |-INFO  [com.ai.api.testsuite.BaseSuite.main()] com.ai.api.testcase.TC01_test [42] -| 期望000000
2020-04-14 13:18:02.768 |-INFO  [com.ai.api.testsuite.BaseSuite.main()] com.ai.api.support.dataDriver.Check [15] -| 期望值=000000, 实际值=000000
2020-04-14 13:18:02.768 |-INFO  [com.ai.api.testsuite.BaseSuite.main()] com.ai.api.support.dataDriver.Check [20] -| 期望值=不通过, 实际值=通过
2020-04-14 13:18:02.772 |-INFO  [com.ai.api.testsuite.BaseSuite.main()] com.ai.api.testcase.TC01_test [36] -| 地址d
2020-04-14 13:18:02.773 |-INFO  [com.ai.api.testsuite.BaseSuite.main()] com.ai.api.testcase.TC01_test [40] -| 实际000000
2020-04-14 13:18:02.773 |-INFO  [com.ai.api.testsuite.BaseSuite.main()] com.ai.api.testcase.TC01_test [42] -| 期望000000
2020-04-14 13:18:02.773 |-INFO  [com.ai.api.testsuite.BaseSuite.main()] com.ai.api.support.dataDriver.Check [15] -| 期望值=000000, 实际值=000000
2020-04-14 13:18:02.774 |-INFO  [com.ai.api.testsuite.BaseSuite.main()] com.ai.api.support.dataDriver.Check [20] -| 期望值=不通过, 实际值=通过
2020-04-14 13:19:56.533 |-INFO  [com.ai.api.testsuite.BaseSuite.main()] com.ai.api.testsuite.TestSuite [50] -| Starting TestSuite on bogon with PID 29066 (/Users/macos/Desktop/OldFace/study/api-auto-test/target/classes started by macos in /Users/macos/Desktop/OldFace/study/api-auto-test)
2020-04-14 13:19:56.537 |-INFO  [com.ai.api.testsuite.BaseSuite.main()] com.ai.api.testsuite.TestSuite [654] -| No active profile set, falling back to default profiles: default
2020-04-14 13:19:56.575 |-INFO  [com.ai.api.testsuite.BaseSuite.main()] org.springframework.context.annotation.AnnotationConfigApplicationContext [588] -| Refreshing org.springframework.context.annotation.AnnotationConfigApplicationContext@1cd59e20: startup date [Tue Apr 14 13:19:56 CST 2020]; root of context hierarchy
2020-04-14 13:19:57.339 |-INFO  [com.ai.api.testsuite.BaseSuite.main()] org.springframework.data.repository.config.RepositoryConfigurationDelegate [172] -| Multiple Spring Data modules found, entering strict repository configuration mode!
2020-04-14 13:19:57.576 |-INFO  [com.ai.api.testsuite.BaseSuite.main()] org.springframework.beans.factory.annotation.AutowiredAnnotationBeanPostProcessor [153] -| JSR-330 'javax.inject.Inject' annotation found and supported for autowiring
2020-04-14 13:19:57.712 |-INFO  [com.ai.api.testsuite.BaseSuite.main()] org.springframework.boot.test.context.SpringBootTestContextBootstrapper [308] -| Neither @ContextConfiguration nor @ContextHierarchy found for test class [com.ai.api.testsuite.TestSuite], using SpringBootContextLoader
2020-04-14 13:19:57.714 |-INFO  [com.ai.api.testsuite.BaseSuite.main()] org.springframework.test.context.support.AbstractContextLoader [264] -| Could not detect default resource locations for test class [com.ai.api.testsuite.TestSuite]: no resource found for suffixes {-context.xml, Context.groovy}.
2020-04-14 13:19:57.720 |-INFO  [com.ai.api.testsuite.BaseSuite.main()] org.springframework.boot.test.context.SpringBootTestContextBootstrapper [177] -| Using TestExecutionListeners: [org.springframework.test.context.support.DirtiesContextBeforeModesTestExecutionListener@6e8b0641, org.springframework.test.context.support.DependencyInjectionTestExecutionListener@64619bf8, org.springframework.test.context.support.DirtiesContextTestExecutionListener@45e23c15]
2020-04-14 13:19:58.538 |-INFO  [com.ai.api.testsuite.BaseSuite.main()] com.ai.api.testsuite.TestSuite [59] -| Started TestSuite in 2.704 seconds (JVM running for 7.938)
2020-04-14 13:19:59.276 |-INFO  [com.ai.api.testsuite.BaseSuite.main()] com.ai.api.testcase.TC01_test [36] -| 地址d
2020-04-14 13:19:59.378 |-INFO  [com.ai.api.testsuite.BaseSuite.main()] com.ai.api.testcase.TC01_test [40] -| 实际000000
2020-04-14 13:19:59.378 |-INFO  [com.ai.api.testsuite.BaseSuite.main()] com.ai.api.testcase.TC01_test [42] -| 期望000000
2020-04-14 13:19:59.379 |-INFO  [com.ai.api.testsuite.BaseSuite.main()] com.ai.api.support.dataDriver.Check [15] -| 期望值=000000, 实际值=000000
2020-04-14 13:19:59.382 |-INFO  [com.ai.api.testsuite.BaseSuite.main()] com.ai.api.support.dataDriver.Check [20] -| 期望值=通过, 实际值=通过
2020-04-14 13:19:59.383 |-INFO  [com.ai.api.testsuite.BaseSuite.main()] com.ai.api.testcase.TC01_test [36] -| 地址d
2020-04-14 13:19:59.383 |-INFO  [com.ai.api.testsuite.BaseSuite.main()] com.ai.api.testcase.TC01_test [40] -| 实际000000
2020-04-14 13:19:59.384 |-INFO  [com.ai.api.testsuite.BaseSuite.main()] com.ai.api.testcase.TC01_test [42] -| 期望000000
2020-04-14 13:19:59.384 |-INFO  [com.ai.api.testsuite.BaseSuite.main()] com.ai.api.support.dataDriver.Check [15] -| 期望值=000000, 实际值=000000
2020-04-14 13:19:59.384 |-INFO  [com.ai.api.testsuite.BaseSuite.main()] com.ai.api.support.dataDriver.Check [20] -| 期望值=不通过, 实际值=通过
2020-04-14 13:19:59.386 |-INFO  [com.ai.api.testsuite.BaseSuite.main()] com.ai.api.testcase.TC01_test [36] -| 地址d
2020-04-14 13:19:59.387 |-INFO  [com.ai.api.testsuite.BaseSuite.main()] com.ai.api.testcase.TC01_test [40] -| 实际000000
2020-04-14 13:19:59.387 |-INFO  [com.ai.api.testsuite.BaseSuite.main()] com.ai.api.testcase.TC01_test [42] -| 期望000000
2020-04-14 13:19:59.387 |-INFO  [com.ai.api.testsuite.BaseSuite.main()] com.ai.api.support.dataDriver.Check [15] -| 期望值=000000, 实际值=000000
2020-04-14 13:19:59.388 |-INFO  [com.ai.api.testsuite.BaseSuite.main()] com.ai.api.support.dataDriver.Check [20] -| 期望值=不通过, 实际值=通过
2020-04-15 11:55:06.757 |-INFO  [TestNG-test=Command line test-1] com.ai.api.testsuite.TestSuite [50] -| Starting TestSuite on OldFaceLee.local with PID 30603 (/Users/macos/Desktop/OldFace/study/api-auto-test/target/classes started by macos in /Users/macos/Desktop/OldFace/study/api-auto-test)
2020-04-15 11:55:06.760 |-INFO  [TestNG-test=Command line test-1] com.ai.api.testsuite.TestSuite [654] -| No active profile set, falling back to default profiles: default
2020-04-15 11:55:06.784 |-INFO  [TestNG-test=Command line test-1] org.springframework.context.annotation.AnnotationConfigApplicationContext [588] -| Refreshing org.springframework.context.annotation.AnnotationConfigApplicationContext@556c1a62: startup date [Wed Apr 15 11:55:06 CST 2020]; root of context hierarchy
2020-04-15 11:55:07.473 |-INFO  [TestNG-test=Command line test-1] org.springframework.data.repository.config.RepositoryConfigurationDelegate [172] -| Multiple Spring Data modules found, entering strict repository configuration mode!
2020-04-15 11:55:07.800 |-INFO  [TestNG-test=Command line test-1] org.springframework.beans.factory.annotation.AutowiredAnnotationBeanPostProcessor [153] -| JSR-330 'javax.inject.Inject' annotation found and supported for autowiring
2020-04-15 11:55:07.959 |-INFO  [TestNG-test=Command line test-1] org.springframework.boot.test.context.SpringBootTestContextBootstrapper [308] -| Neither @ContextConfiguration nor @ContextHierarchy found for test class [com.ai.api.testsuite.TestSuite], using SpringBootContextLoader
2020-04-15 11:55:07.961 |-INFO  [TestNG-test=Command line test-1] org.springframework.test.context.support.AbstractContextLoader [264] -| Could not detect default resource locations for test class [com.ai.api.testsuite.TestSuite]: no resource found for suffixes {-context.xml, Context.groovy}.
2020-04-15 11:55:07.967 |-INFO  [TestNG-test=Command line test-1] org.springframework.boot.test.context.SpringBootTestContextBootstrapper [177] -| Using TestExecutionListeners: [org.springframework.test.context.support.DirtiesContextBeforeModesTestExecutionListener@151f9bfb, org.springframework.test.context.support.DependencyInjectionTestExecutionListener@1bc7d402, org.springframework.test.context.support.DirtiesContextTestExecutionListener@6d4fa58a]
2020-04-15 11:55:08.953 |-INFO  [TestNG-test=Command line test-1] com.ai.api.testsuite.TestSuite [59] -| Started TestSuite in 3.153 seconds (JVM running for 6.111)
2020-04-15 11:55:09.034 |-INFO  [TestNG-test=Command line test-1] com.ai.api.testcase.TC01_test [36] -| 地址d
2020-04-15 11:55:09.139 |-INFO  [TestNG-test=Command line test-1] com.ai.api.testcase.TC01_test [40] -| 实际000000
2020-04-15 11:55:09.140 |-INFO  [TestNG-test=Command line test-2] com.ai.api.support.dataDriver.Check [15] -| 期望值=000000, 实际值=000000
2020-04-15 11:55:09.140 |-INFO  [TestNG-test=Command line test-1] com.ai.api.testcase.TC01_test [42] -| 期望000000
2020-04-15 11:55:09.142 |-INFO  [TestNG-test=Command line test-1] com.ai.api.support.dataDriver.Check [15] -| 期望值=000000, 实际值=000000
2020-04-15 11:55:09.143 |-INFO  [TestNG-test=Command line test-1] com.ai.api.support.dataDriver.Check [20] -| 期望值=通过, 实际值=通过
2020-04-15 11:55:09.148 |-INFO  [TestNG-test=Command line test-1] com.ai.api.testcase.TC01_test [36] -| 地址d
2020-04-15 11:55:09.149 |-INFO  [TestNG-test=Command line test-1] com.ai.api.testcase.TC01_test [40] -| 实际000000
2020-04-15 11:55:09.150 |-INFO  [TestNG-test=Command line test-1] com.ai.api.testcase.TC01_test [42] -| 期望000000
2020-04-15 11:55:09.150 |-INFO  [TestNG-test=Command line test-1] com.ai.api.support.dataDriver.Check [15] -| 期望值=000000, 实际值=000000
2020-04-15 11:55:09.150 |-INFO  [TestNG-test=Command line test-1] com.ai.api.support.dataDriver.Check [20] -| 期望值=不通过, 实际值=通过
2020-04-15 11:55:09.155 |-INFO  [TestNG-test=Command line test-1] com.ai.api.testcase.TC01_test [36] -| 地址d
2020-04-15 11:55:09.156 |-INFO  [TestNG-test=Command line test-1] com.ai.api.testcase.TC01_test [40] -| 实际000000
2020-04-15 11:55:09.156 |-INFO  [TestNG-test=Command line test-1] com.ai.api.testcase.TC01_test [42] -| 期望000000
2020-04-15 11:55:09.156 |-INFO  [TestNG-test=Command line test-1] com.ai.api.support.dataDriver.Check [15] -| 期望值=000000, 实际值=000000
2020-04-15 11:55:09.157 |-INFO  [TestNG-test=Command line test-1] com.ai.api.support.dataDriver.Check [20] -| 期望值=不通过, 实际值=通过
2020-04-15 11:55:09.329 |-INFO  [Thread-2] org.springframework.context.annotation.AnnotationConfigApplicationContext [991] -| Closing org.springframework.context.annotation.AnnotationConfigApplicationContext@556c1a62: startup date [Wed Apr 15 11:55:06 CST 2020]; root of context hierarchy
2020-04-15 11:58:49.781 |-INFO  [TestNG-test=Command line test-1] com.ai.api.testsuite.TestSuite [50] -| Starting TestSuite on OldFaceLee.local with PID 30625 (/Users/macos/Desktop/OldFace/study/api-auto-test/target/classes started by macos in /Users/macos/Desktop/OldFace/study/api-auto-test)
2020-04-15 11:58:49.784 |-INFO  [TestNG-test=Command line test-1] com.ai.api.testsuite.TestSuite [654] -| No active profile set, falling back to default profiles: default
2020-04-15 11:58:49.806 |-INFO  [TestNG-test=Command line test-1] org.springframework.context.annotation.AnnotationConfigApplicationContext [588] -| Refreshing org.springframework.context.annotation.AnnotationConfigApplicationContext@3d715a55: startup date [Wed Apr 15 11:58:49 CST 2020]; root of context hierarchy
2020-04-15 11:58:50.575 |-INFO  [TestNG-test=Command line test-1] org.springframework.data.repository.config.RepositoryConfigurationDelegate [172] -| Multiple Spring Data modules found, entering strict repository configuration mode!
2020-04-15 11:58:50.939 |-INFO  [TestNG-test=Command line test-1] org.springframework.beans.factory.annotation.AutowiredAnnotationBeanPostProcessor [153] -| JSR-330 'javax.inject.Inject' annotation found and supported for autowiring
2020-04-15 11:58:51.239 |-INFO  [TestNG-test=Command line test-1] org.springframework.boot.test.context.SpringBootTestContextBootstrapper [308] -| Neither @ContextConfiguration nor @ContextHierarchy found for test class [com.ai.api.testsuite.TestSuite], using SpringBootContextLoader
2020-04-15 11:58:51.240 |-INFO  [TestNG-test=Command line test-1] org.springframework.test.context.support.AbstractContextLoader [264] -| Could not detect default resource locations for test class [com.ai.api.testsuite.TestSuite]: no resource found for suffixes {-context.xml, Context.groovy}.
2020-04-15 11:58:51.247 |-INFO  [TestNG-test=Command line test-1] org.springframework.boot.test.context.SpringBootTestContextBootstrapper [177] -| Using TestExecutionListeners: [org.springframework.test.context.support.DirtiesContextBeforeModesTestExecutionListener@68951f11, org.springframework.test.context.support.DependencyInjectionTestExecutionListener@7c1a4287, org.springframework.test.context.support.DirtiesContextTestExecutionListener@409df41d]
2020-04-15 11:58:52.198 |-INFO  [TestNG-test=Command line test-1] com.ai.api.testsuite.TestSuite [59] -| Started TestSuite in 3.183 seconds (JVM running for 6.1)
2020-04-15 11:58:52.297 |-INFO  [TestNG-test=Command line test-1] com.ai.api.testcase.TC01_test [36] -| 地址d
2020-04-15 11:58:52.350 |-INFO  [TestNG-test=Command line test-1] com.ai.api.testcase.TC01_test [40] -| 实际000000
2020-04-15 11:58:52.350 |-INFO  [TestNG-test=Command line test-2] com.ai.api.support.dataDriver.Check [15] -| 期望值=000000, 实际值=000000
2020-04-15 11:58:52.351 |-INFO  [TestNG-test=Command line test-1] com.ai.api.testcase.TC01_test [42] -| 期望000000
2020-04-15 11:58:52.352 |-INFO  [TestNG-test=Command line test-1] com.ai.api.support.dataDriver.Check [15] -| 期望值=000000, 实际值=000000
2020-04-15 11:58:52.353 |-INFO  [TestNG-test=Command line test-1] com.ai.api.support.dataDriver.Check [20] -| 期望值=通过, 实际值=通过
2020-04-15 11:58:52.354 |-INFO  [TestNG-test=Command line test-1] com.ai.api.testcase.TC01_test [36] -| 地址d
2020-04-15 11:58:52.354 |-INFO  [TestNG-test=Command line test-1] com.ai.api.testcase.TC01_test [40] -| 实际000000
2020-04-15 11:58:52.354 |-INFO  [TestNG-test=Command line test-1] com.ai.api.testcase.TC01_test [42] -| 期望000000
2020-04-15 11:58:52.355 |-INFO  [TestNG-test=Command line test-1] com.ai.api.support.dataDriver.Check [15] -| 期望值=000000, 实际值=000000
2020-04-15 11:58:52.355 |-INFO  [TestNG-test=Command line test-1] com.ai.api.support.dataDriver.Check [20] -| 期望值=不通过, 实际值=通过
2020-04-15 11:58:52.356 |-INFO  [TestNG-test=Command line test-1] com.ai.api.testcase.TC01_test [36] -| 地址d
2020-04-15 11:58:52.357 |-INFO  [TestNG-test=Command line test-1] com.ai.api.testcase.TC01_test [40] -| 实际000000
2020-04-15 11:58:52.357 |-INFO  [TestNG-test=Command line test-1] com.ai.api.testcase.TC01_test [42] -| 期望000000
2020-04-15 11:58:52.357 |-INFO  [TestNG-test=Command line test-1] com.ai.api.support.dataDriver.Check [15] -| 期望值=000000, 实际值=000000
2020-04-15 11:58:52.357 |-INFO  [TestNG-test=Command line test-1] com.ai.api.support.dataDriver.Check [20] -| 期望值=不通过, 实际值=通过
2020-04-15 11:58:52.468 |-INFO  [Thread-2] org.springframework.context.annotation.AnnotationConfigApplicationContext [991] -| Closing org.springframework.context.annotation.AnnotationConfigApplicationContext@3d715a55: startup date [Wed Apr 15 11:58:49 CST 2020]; root of context hierarchy
2020-04-15 12:01:47.833 |-INFO  [TestNG-test=Command line test-1] com.ai.api.testsuite.TestSuite [50] -| Starting TestSuite on OldFaceLee.local with PID 30635 (/Users/macos/Desktop/OldFace/study/api-auto-test/target/classes started by macos in /Users/macos/Desktop/OldFace/study/api-auto-test)
2020-04-15 12:01:47.836 |-INFO  [TestNG-test=Command line test-1] com.ai.api.testsuite.TestSuite [654] -| No active profile set, falling back to default profiles: default
2020-04-15 12:01:47.856 |-INFO  [TestNG-test=Command line test-1] org.springframework.context.annotation.AnnotationConfigApplicationContext [588] -| Refreshing org.springframework.context.annotation.AnnotationConfigApplicationContext@5c995ea1: startup date [Wed Apr 15 12:01:47 CST 2020]; root of context hierarchy
2020-04-15 12:01:48.601 |-INFO  [TestNG-test=Command line test-1] org.springframework.data.repository.config.RepositoryConfigurationDelegate [172] -| Multiple Spring Data modules found, entering strict repository configuration mode!
2020-04-15 12:01:48.931 |-INFO  [TestNG-test=Command line test-1] org.springframework.beans.factory.annotation.AutowiredAnnotationBeanPostProcessor [153] -| JSR-330 'javax.inject.Inject' annotation found and supported for autowiring
2020-04-15 12:01:49.121 |-INFO  [TestNG-test=Command line test-1] org.springframework.boot.test.context.SpringBootTestContextBootstrapper [308] -| Neither @ContextConfiguration nor @ContextHierarchy found for test class [com.ai.api.testsuite.TestSuite], using SpringBootContextLoader
2020-04-15 12:01:49.123 |-INFO  [TestNG-test=Command line test-1] org.springframework.test.context.support.AbstractContextLoader [264] -| Could not detect default resource locations for test class [com.ai.api.testsuite.TestSuite]: no resource found for suffixes {-context.xml, Context.groovy}.
2020-04-15 12:01:49.133 |-INFO  [TestNG-test=Command line test-1] org.springframework.boot.test.context.SpringBootTestContextBootstrapper [177] -| Using TestExecutionListeners: [org.springframework.test.context.support.DirtiesContextBeforeModesTestExecutionListener@4f8581e7, org.springframework.test.context.support.DependencyInjectionTestExecutionListener@47148215, org.springframework.test.context.support.DirtiesContextTestExecutionListener@6a627ded]
2020-04-15 12:01:50.217 |-INFO  [TestNG-test=Command line test-1] com.ai.api.testsuite.TestSuite [59] -| Started TestSuite in 3.266 seconds (JVM running for 6.203)
2020-04-15 12:01:50.304 |-INFO  [TestNG-test=Command line test-2] com.ai.api.testcase.TC02_test [31] -| TestNG-test=Command line test-2tc02线程
2020-04-15 12:01:50.306 |-INFO  [TestNG-test=Command line test-1] com.ai.api.testcase.TC01_test [35] -| TestNG-test=Command line test-1tc01线程
2020-04-15 12:01:50.307 |-INFO  [TestNG-test=Command line test-1] com.ai.api.testcase.TC01_test [37] -| 地址d
2020-04-15 12:01:50.307 |-INFO  [TestNG-test=Command line test-2] com.ai.api.testcase.TC02_test [31] -| TestNG-test=Command line test-2tc02线程
2020-04-15 12:01:50.308 |-INFO  [TestNG-test=Command line test-2] com.ai.api.testcase.TC02_test [31] -| TestNG-test=Command line test-2tc02线程
2020-04-15 12:01:50.364 |-INFO  [TestNG-test=Command line test-1] com.ai.api.testcase.TC01_test [41] -| 实际000000
2020-04-15 12:01:50.364 |-INFO  [TestNG-test=Command line test-2] com.ai.api.support.dataDriver.Check [15] -| 期望值=000000, 实际值=000000
2020-04-15 12:01:50.364 |-INFO  [TestNG-test=Command line test-1] com.ai.api.testcase.TC01_test [43] -| 期望000000
2020-04-15 12:01:50.366 |-INFO  [TestNG-test=Command line test-1] com.ai.api.support.dataDriver.Check [15] -| 期望值=000000, 实际值=000000
2020-04-15 12:01:50.366 |-INFO  [TestNG-test=Command line test-1] com.ai.api.support.dataDriver.Check [20] -| 期望值=通过, 实际值=通过
2020-04-15 12:01:50.369 |-INFO  [TestNG-test=Command line test-1] com.ai.api.testcase.TC01_test [35] -| TestNG-test=Command line test-1tc01线程
2020-04-15 12:01:50.370 |-INFO  [TestNG-test=Command line test-1] com.ai.api.testcase.TC01_test [37] -| 地址d
2020-04-15 12:01:50.370 |-INFO  [TestNG-test=Command line test-1] com.ai.api.testcase.TC01_test [41] -| 实际000000
2020-04-15 12:01:50.370 |-INFO  [TestNG-test=Command line test-1] com.ai.api.testcase.TC01_test [43] -| 期望000000
2020-04-15 12:01:50.370 |-INFO  [TestNG-test=Command line test-1] com.ai.api.support.dataDriver.Check [15] -| 期望值=000000, 实际值=000000
2020-04-15 12:01:50.370 |-INFO  [TestNG-test=Command line test-1] com.ai.api.support.dataDriver.Check [20] -| 期望值=不通过, 实际值=通过
2020-04-15 12:01:50.372 |-INFO  [TestNG-test=Command line test-1] com.ai.api.testcase.TC01_test [35] -| TestNG-test=Command line test-1tc01线程
2020-04-15 12:01:50.372 |-INFO  [TestNG-test=Command line test-1] com.ai.api.testcase.TC01_test [37] -| 地址d
2020-04-15 12:01:50.372 |-INFO  [TestNG-test=Command line test-1] com.ai.api.testcase.TC01_test [41] -| 实际000000
2020-04-15 12:01:50.372 |-INFO  [TestNG-test=Command line test-1] com.ai.api.testcase.TC01_test [43] -| 期望000000
2020-04-15 12:01:50.372 |-INFO  [TestNG-test=Command line test-1] com.ai.api.support.dataDriver.Check [15] -| 期望值=000000, 实际值=000000
2020-04-15 12:01:50.373 |-INFO  [TestNG-test=Command line test-1] com.ai.api.support.dataDriver.Check [20] -| 期望值=不通过, 实际值=通过
2020-04-15 12:01:50.598 |-INFO  [Thread-2] org.springframework.context.annotation.AnnotationConfigApplicationContext [991] -| Closing org.springframework.context.annotation.AnnotationConfigApplicationContext@5c995ea1: startup date [Wed Apr 15 12:01:47 CST 2020]; root of context hierarchy
2020-04-15 13:09:53.583 |-INFO  [TestNG-test=Command line test-1] com.ai.api.testsuite.TestSuite [50] -| Starting TestSuite on OldFaceLee.local with PID 31172 (/Users/macos/Desktop/OldFace/study/api-auto-test/target/classes started by macos in /Users/macos/Desktop/OldFace/study/api-auto-test)
2020-04-15 13:09:53.588 |-INFO  [TestNG-test=Command line test-1] com.ai.api.testsuite.TestSuite [654] -| No active profile set, falling back to default profiles: default
2020-04-15 13:09:53.622 |-INFO  [TestNG-test=Command line test-1] org.springframework.context.annotation.AnnotationConfigApplicationContext [588] -| Refreshing org.springframework.context.annotation.AnnotationConfigApplicationContext@ed7fc05: startup date [Wed Apr 15 13:09:53 CST 2020]; root of context hierarchy
2020-04-15 13:09:54.215 |-INFO  [TestNG-test=Command line test-1] org.springframework.data.repository.config.RepositoryConfigurationDelegate [172] -| Multiple Spring Data modules found, entering strict repository configuration mode!
2020-04-15 13:09:54.518 |-INFO  [TestNG-test=Command line test-1] org.springframework.beans.factory.annotation.AutowiredAnnotationBeanPostProcessor [153] -| JSR-330 'javax.inject.Inject' annotation found and supported for autowiring
2020-04-15 13:09:54.821 |-INFO  [TestNG-test=Command line test-1] org.springframework.boot.test.context.SpringBootTestContextBootstrapper [308] -| Neither @ContextConfiguration nor @ContextHierarchy found for test class [com.ai.api.testsuite.TestSuite], using SpringBootContextLoader
2020-04-15 13:09:54.823 |-INFO  [TestNG-test=Command line test-1] org.springframework.test.context.support.AbstractContextLoader [264] -| Could not detect default resource locations for test class [com.ai.api.testsuite.TestSuite]: no resource found for suffixes {-context.xml, Context.groovy}.
2020-04-15 13:09:54.834 |-INFO  [TestNG-test=Command line test-1] org.springframework.boot.test.context.SpringBootTestContextBootstrapper [177] -| Using TestExecutionListeners: [org.springframework.test.context.support.DirtiesContextBeforeModesTestExecutionListener@4ed8d842, org.springframework.test.context.support.DependencyInjectionTestExecutionListener@5fd784a5, org.springframework.test.context.support.DirtiesContextTestExecutionListener@33883f6]
2020-04-15 13:09:56.167 |-INFO  [TestNG-test=Command line test-1] org.springframework.ui.freemarker.SpringTemplateLoader [62] -| SpringTemplateLoader for FreeMarker: using resource loader [org.springframework.context.annotation.AnnotationConfigApplicationContext@ed7fc05: startup date [Wed Apr 15 13:09:53 CST 2020]; root of context hierarchy] and template loader path [classpath:/templates/]
2020-04-15 13:09:56.172 |-WARN  [TestNG-test=Command line test-1] org.springframework.boot.autoconfigure.freemarker.FreeMarkerAutoConfiguration [70] -| Cannot find template location(s): [classpath:/templates/] (please add some templates, check your FreeMarker configuration, or set spring.freemarker.checkTemplateLocation=false)
2020-04-15 13:09:56.898 |-INFO  [TestNG-test=Command line test-1] org.mongodb.driver.cluster [71] -| Cluster created with settings {hosts=[localhost:27017], mode=SINGLE, requiredClusterType=UNKNOWN, serverSelectionTimeout='30000 ms', maxWaitQueueSize=500}
2020-04-15 13:09:57.047 |-INFO  [cluster-ClusterId{value='5e9697244d123b79c43454c9', description='null'}-localhost:27017] org.mongodb.driver.cluster [76] -| Exception in monitor thread while connecting to server localhost:27017
com.mongodb.MongoSocketOpenException: Exception opening socket
	at com.mongodb.connection.SocketStream.open(SocketStream.java:62)
	at com.mongodb.connection.InternalStreamConnection.open(InternalStreamConnection.java:126)
	at com.mongodb.connection.DefaultServerMonitor$ServerMonitorRunnable.run(DefaultServerMonitor.java:114)
	at java.lang.Thread.run(Thread.java:745)
Caused by: java.net.ConnectException: Connection refused (Connection refused)
	at java.net.PlainSocketImpl.socketConnect(Native Method)
	at java.net.AbstractPlainSocketImpl.doConnect(AbstractPlainSocketImpl.java:350)
	at java.net.AbstractPlainSocketImpl.connectToAddress(AbstractPlainSocketImpl.java:206)
	at java.net.AbstractPlainSocketImpl.connect(AbstractPlainSocketImpl.java:188)
	at java.net.SocksSocketImpl.connect(SocksSocketImpl.java:392)
	at java.net.Socket.connect(Socket.java:589)
	at com.mongodb.connection.SocketStreamHelper.initialize(SocketStreamHelper.java:59)
	at com.mongodb.connection.SocketStream.open(SocketStream.java:57)
	... 3 common frames omitted
2020-04-15 13:09:57.375 |-INFO  [TestNG-test=Command line test-1] com.ai.api.testsuite.TestSuite [59] -| Started TestSuite in 4.586 seconds (JVM running for 15.427)
2020-04-15 13:09:57.494 |-INFO  [TestNG-test=Command line test-2] com.ai.api.testcase.TC02_test [31] -| TestNG-test=Command line test-2tc02线程
2020-04-15 13:09:57.497 |-INFO  [TestNG-test=Command line test-1] com.ai.api.testcase.TC01_test [35] -| TestNG-test=Command line test-1tc01线程
2020-04-15 13:09:57.497 |-INFO  [TestNG-test=Command line test-2] com.ai.api.testcase.TC02_test [31] -| TestNG-test=Command line test-2tc02线程
2020-04-15 13:09:57.497 |-INFO  [TestNG-test=Command line test-1] com.ai.api.testcase.TC01_test [37] -| 地址d
2020-04-15 13:09:57.499 |-INFO  [TestNG-test=Command line test-2] com.ai.api.testcase.TC02_test [31] -| TestNG-test=Command line test-2tc02线程
2020-04-15 13:09:57.602 |-INFO  [TestNG-test=Command line test-1] com.ai.api.testcase.TC01_test [41] -| 实际000000
2020-04-15 13:09:57.602 |-INFO  [TestNG-test=Command line test-1] com.ai.api.testcase.TC01_test [43] -| 期望000000
2020-04-15 13:09:57.602 |-INFO  [TestNG-test=Command line test-2] com.ai.api.support.dataDriver.Check [15] -| 期望值=000000, 实际值=000000
2020-04-15 13:09:57.603 |-INFO  [TestNG-test=Command line test-1] com.ai.api.support.dataDriver.Check [15] -| 期望值=000000, 实际值=000000
2020-04-15 13:09:57.605 |-INFO  [TestNG-test=Command line test-1] com.ai.api.support.dataDriver.Check [20] -| 期望值=通过, 实际值=通过
2020-04-15 13:09:57.608 |-INFO  [TestNG-test=Command line test-1] com.ai.api.testcase.TC01_test [35] -| TestNG-test=Command line test-1tc01线程
2020-04-15 13:09:57.609 |-INFO  [TestNG-test=Command line test-1] com.ai.api.testcase.TC01_test [37] -| 地址d
2020-04-15 13:09:57.610 |-INFO  [TestNG-test=Command line test-1] com.ai.api.testcase.TC01_test [41] -| 实际000000
2020-04-15 13:09:57.610 |-INFO  [TestNG-test=Command line test-1] com.ai.api.testcase.TC01_test [43] -| 期望000000
2020-04-15 13:09:57.610 |-INFO  [TestNG-test=Command line test-1] com.ai.api.support.dataDriver.Check [15] -| 期望值=000000, 实际值=000000
2020-04-15 13:09:57.610 |-INFO  [TestNG-test=Command line test-1] com.ai.api.support.dataDriver.Check [20] -| 期望值=不通过, 实际值=通过
2020-04-15 13:09:57.613 |-INFO  [TestNG-test=Command line test-1] com.ai.api.testcase.TC01_test [35] -| TestNG-test=Command line test-1tc01线程
2020-04-15 13:09:57.614 |-INFO  [TestNG-test=Command line test-1] com.ai.api.testcase.TC01_test [37] -| 地址d
2020-04-15 13:09:57.615 |-INFO  [TestNG-test=Command line test-1] com.ai.api.testcase.TC01_test [41] -| 实际000000
2020-04-15 13:09:57.615 |-INFO  [TestNG-test=Command line test-1] com.ai.api.testcase.TC01_test [43] -| 期望000000
2020-04-15 13:09:57.615 |-INFO  [TestNG-test=Command line test-1] com.ai.api.support.dataDriver.Check [15] -| 期望值=000000, 实际值=000000
2020-04-15 13:09:57.615 |-INFO  [TestNG-test=Command line test-1] com.ai.api.support.dataDriver.Check [20] -| 期望值=不通过, 实际值=通过
2020-04-15 13:10:13.459 |-INFO  [Thread-7] org.springframework.context.annotation.AnnotationConfigApplicationContext [991] -| Closing org.springframework.context.annotation.AnnotationConfigApplicationContext@ed7fc05: startup date [Wed Apr 15 13:09:53 CST 2020]; root of context hierarchy
2020-04-16 10:24:28.169 |-INFO  [main] com.ai.api.testsuite.TestSuite [50] -| Starting TestSuite on localhost with PID 33916 (/Users/macos/Desktop/OldFace/study/api-auto-test/target/classes started by macos in /Users/macos/Desktop/OldFace/study/api-auto-test)
2020-04-16 10:24:28.172 |-INFO  [main] com.ai.api.testsuite.TestSuite [654] -| No active profile set, falling back to default profiles: default
2020-04-16 10:24:28.214 |-INFO  [main] org.springframework.context.annotation.AnnotationConfigApplicationContext [588] -| Refreshing org.springframework.context.annotation.AnnotationConfigApplicationContext@1fc32e4f: startup date [Thu Apr 16 10:24:28 CST 2020]; root of context hierarchy
2020-04-16 10:24:29.442 |-INFO  [main] org.springframework.data.repository.config.RepositoryConfigurationDelegate [172] -| Multiple Spring Data modules found, entering strict repository configuration mode!
2020-04-16 10:24:30.111 |-INFO  [main] org.springframework.beans.factory.annotation.AutowiredAnnotationBeanPostProcessor [153] -| JSR-330 'javax.inject.Inject' annotation found and supported for autowiring
2020-04-16 10:24:30.400 |-INFO  [main] com.alibaba.druid.spring.boot.autoconfigure.DruidDataSourceAutoConfigure [56] -| Init DruidDataSource
2020-04-16 10:24:30.566 |-WARN  [main] org.springframework.context.annotation.AnnotationConfigApplicationContext [556] -| Exception encountered during context initialization - cancelling refresh attempt: org.springframework.beans.factory.UnsatisfiedDependencyException: Error creating bean with name 'JDBCOperatorImpl' defined in file [/Users/macos/Desktop/OldFace/study/api-auto-test/target/classes/com/ai/api/support/database/JDBCOperatorImpl.class]: Unsatisfied dependency expressed through constructor parameter 0; nested exception is org.springframework.beans.factory.BeanCreationException: Error creating bean with name 'dataSource' defined in class path resource [com/alibaba/druid/spring/boot/autoconfigure/DruidDataSourceAutoConfigure.class]: Invocation of init method failed; nested exception is org.springframework.boot.autoconfigure.jdbc.DataSourceProperties$DataSourceBeanCreationException: Failed to determine a suitable driver class
2020-04-16 10:24:30.577 |-INFO  [main] org.springframework.boot.autoconfigure.logging.ConditionEvaluationReportLoggingListener [142] -| 

Error starting ApplicationContext. To display the conditions report re-run your application with 'debug' enabled.
2020-04-16 10:24:30.582 |-ERROR [main] org.springframework.boot.diagnostics.LoggingFailureAnalysisReporter [42] -| 

***************************
APPLICATION FAILED TO START
***************************

Description:

Failed to configure a DataSource: 'url' attribute is not specified and no embedded datasource could be configured.

Reason: Failed to determine a suitable driver class


Action:

Consider the following:
	If you want an embedded database (H2, HSQL or Derby), please put it on the classpath.
	If you have database settings to be loaded from a particular profile you may need to activate it (no profiles are currently active).

2020-04-16 10:24:30.588 |-ERROR [main] org.springframework.test.context.TestContextManager [250] -| Caught exception while allowing TestExecutionListener [org.springframework.test.context.support.DependencyInjectionTestExecutionListener@23348b5d] to prepare test instance [com.ai.api.testsuite.TestSuite@1190200a]
java.lang.IllegalStateException: Failed to load ApplicationContext
	at org.springframework.test.context.cache.DefaultCacheAwareContextLoaderDelegate.loadContext(DefaultCacheAwareContextLoaderDelegate.java:125)
	at org.springframework.test.context.support.DefaultTestContext.getApplicationContext(DefaultTestContext.java:108)
	at org.springframework.test.context.support.DependencyInjectionTestExecutionListener.injectDependencies(DependencyInjectionTestExecutionListener.java:117)
	at org.springframework.test.context.support.DependencyInjectionTestExecutionListener.prepareTestInstance(DependencyInjectionTestExecutionListener.java:83)
	at org.springframework.test.context.TestContextManager.prepareTestInstance(TestContextManager.java:246)
	at org.springframework.test.context.testng.AbstractTestNGSpringContextTests.springTestContextPrepareTestInstance(AbstractTestNGSpringContextTests.java:145)
	at sun.reflect.NativeMethodAccessorImpl.invoke0(Native Method)
	at sun.reflect.NativeMethodAccessorImpl.invoke(NativeMethodAccessorImpl.java:62)
	at sun.reflect.DelegatingMethodAccessorImpl.invoke(DelegatingMethodAccessorImpl.java:43)
	at java.lang.reflect.Method.invoke(Method.java:498)
	at org.testng.internal.MethodInvocationHelper.invokeMethod(MethodInvocationHelper.java:108)
	at org.testng.internal.Invoker.invokeConfigurationMethod(Invoker.java:523)
	at org.testng.internal.Invoker.invokeConfigurations(Invoker.java:224)
	at org.testng.internal.Invoker.invokeConfigurations(Invoker.java:146)
	at org.testng.internal.TestMethodWorker.invokeBeforeClassMethods(TestMethodWorker.java:166)
	at org.testng.internal.TestMethodWorker.run(TestMethodWorker.java:105)
	at org.testng.TestRunner.privateRun(TestRunner.java:744)
	at org.testng.TestRunner.run(TestRunner.java:602)
	at org.testng.SuiteRunner.runTest(SuiteRunner.java:380)
	at org.testng.SuiteRunner.runSequentially(SuiteRunner.java:375)
	at org.testng.SuiteRunner.privateRun(SuiteRunner.java:340)
	at org.testng.SuiteRunner.run(SuiteRunner.java:289)
	at org.testng.SuiteRunnerWorker.runSuite(SuiteRunnerWorker.java:52)
	at org.testng.SuiteRunnerWorker.run(SuiteRunnerWorker.java:86)
	at org.testng.TestNG.runSuitesSequentially(TestNG.java:1301)
	at org.testng.TestNG.runSuitesLocally(TestNG.java:1226)
	at org.testng.TestNG.runSuites(TestNG.java:1144)
	at org.testng.TestNG.run(TestNG.java:1115)
	at org.testng.IDEARemoteTestNG.run(IDEARemoteTestNG.java:73)
	at org.testng.RemoteTestNGStarter.main(RemoteTestNGStarter.java:123)
Caused by: org.springframework.beans.factory.UnsatisfiedDependencyException: Error creating bean with name 'JDBCOperatorImpl' defined in file [/Users/macos/Desktop/OldFace/study/api-auto-test/target/classes/com/ai/api/support/database/JDBCOperatorImpl.class]: Unsatisfied dependency expressed through constructor parameter 0; nested exception is org.springframework.beans.factory.BeanCreationException: Error creating bean with name 'dataSource' defined in class path resource [com/alibaba/druid/spring/boot/autoconfigure/DruidDataSourceAutoConfigure.class]: Invocation of init method failed; nested exception is org.springframework.boot.autoconfigure.jdbc.DataSourceProperties$DataSourceBeanCreationException: Failed to determine a suitable driver class
	at org.springframework.beans.factory.support.ConstructorResolver.createArgumentArray(ConstructorResolver.java:733)
	at org.springframework.beans.factory.support.ConstructorResolver.autowireConstructor(ConstructorResolver.java:198)
	at org.springframework.beans.factory.support.AbstractAutowireCapableBeanFactory.autowireConstructor(AbstractAutowireCapableBeanFactory.java:1266)
	at org.springframework.beans.factory.support.AbstractAutowireCapableBeanFactory.createBeanInstance(AbstractAutowireCapableBeanFactory.java:1123)
	at org.springframework.beans.factory.support.AbstractAutowireCapableBeanFactory.doCreateBean(AbstractAutowireCapableBeanFactory.java:535)
	at org.springframework.beans.factory.support.AbstractAutowireCapableBeanFactory.createBean(AbstractAutowireCapableBeanFactory.java:495)
	at org.springframework.beans.factory.support.AbstractBeanFactory.lambda$doGetBean$0(AbstractBeanFactory.java:317)
	at org.springframework.beans.factory.support.DefaultSingletonBeanRegistry.getSingleton(DefaultSingletonBeanRegistry.java:222)
	at org.springframework.beans.factory.support.AbstractBeanFactory.doGetBean(AbstractBeanFactory.java:315)
	at org.springframework.beans.factory.support.AbstractBeanFactory.getBean(AbstractBeanFactory.java:199)
	at org.springframework.beans.factory.support.DefaultListableBeanFactory.preInstantiateSingletons(DefaultListableBeanFactory.java:759)
	at org.springframework.context.support.AbstractApplicationContext.finishBeanFactoryInitialization(AbstractApplicationContext.java:867)
	at org.springframework.context.support.AbstractApplicationContext.refresh(AbstractApplicationContext.java:548)
	at org.springframework.boot.SpringApplication.refresh(SpringApplication.java:754)
	at org.springframework.boot.SpringApplication.refreshContext(SpringApplication.java:386)
	at org.springframework.boot.SpringApplication.run(SpringApplication.java:307)
	at org.springframework.boot.test.context.SpringBootContextLoader.loadContext(SpringBootContextLoader.java:127)
	at org.springframework.test.context.cache.DefaultCacheAwareContextLoaderDelegate.loadContextInternal(DefaultCacheAwareContextLoaderDelegate.java:99)
	at org.springframework.test.context.cache.DefaultCacheAwareContextLoaderDelegate.loadContext(DefaultCacheAwareContextLoaderDelegate.java:117)
	... 29 common frames omitted
Caused by: org.springframework.beans.factory.BeanCreationException: Error creating bean with name 'dataSource' defined in class path resource [com/alibaba/druid/spring/boot/autoconfigure/DruidDataSourceAutoConfigure.class]: Invocation of init method failed; nested exception is org.springframework.boot.autoconfigure.jdbc.DataSourceProperties$DataSourceBeanCreationException: Failed to determine a suitable driver class
	at org.springframework.beans.factory.support.AbstractAutowireCapableBeanFactory.initializeBean(AbstractAutowireCapableBeanFactory.java:1694)
	at org.springframework.beans.factory.support.AbstractAutowireCapableBeanFactory.doCreateBean(AbstractAutowireCapableBeanFactory.java:573)
	at org.springframework.beans.factory.support.AbstractAutowireCapableBeanFactory.createBean(AbstractAutowireCapableBeanFactory.java:495)
	at org.springframework.beans.factory.support.AbstractBeanFactory.lambda$doGetBean$0(AbstractBeanFactory.java:317)
	at org.springframework.beans.factory.support.DefaultSingletonBeanRegistry.getSingleton(DefaultSingletonBeanRegistry.java:222)
	at org.springframework.beans.factory.support.AbstractBeanFactory.doGetBean(AbstractBeanFactory.java:315)
	at org.springframework.beans.factory.support.AbstractBeanFactory.getBean(AbstractBeanFactory.java:199)
	at org.springframework.beans.factory.config.DependencyDescriptor.resolveCandidate(DependencyDescriptor.java:251)
	at org.springframework.beans.factory.support.DefaultListableBeanFactory.doResolveDependency(DefaultListableBeanFactory.java:1135)
	at org.springframework.beans.factory.support.DefaultListableBeanFactory.resolveDependency(DefaultListableBeanFactory.java:1062)
	at org.springframework.beans.factory.support.ConstructorResolver.resolveAutowiredArgument(ConstructorResolver.java:819)
	at org.springframework.beans.factory.support.ConstructorResolver.createArgumentArray(ConstructorResolver.java:725)
	... 47 common frames omitted
Caused by: org.springframework.boot.autoconfigure.jdbc.DataSourceProperties$DataSourceBeanCreationException: Failed to determine a suitable driver class
	at org.springframework.boot.autoconfigure.jdbc.DataSourceProperties.determineDriverClassName(DataSourceProperties.java:236)
	at org.springframework.boot.autoconfigure.jdbc.DataSourceProperties.determineUsername(DataSourceProperties.java:333)
	at com.alibaba.druid.spring.boot.autoconfigure.DruidDataSourceWrapper.afterPropertiesSet(DruidDataSourceWrapper.java:40)
	at org.springframework.beans.factory.support.AbstractAutowireCapableBeanFactory.invokeInitMethods(AbstractAutowireCapableBeanFactory.java:1753)
	at org.springframework.beans.factory.support.AbstractAutowireCapableBeanFactory.initializeBean(AbstractAutowireCapableBeanFactory.java:1690)
	... 58 common frames omitted
2020-04-16 10:29:20.486 |-INFO  [main] com.ai.api.testsuite.TestSuite [50] -| Starting TestSuite on localhost with PID 33948 (/Users/macos/Desktop/OldFace/study/api-auto-test/target/classes started by macos in /Users/macos/Desktop/OldFace/study/api-auto-test)
2020-04-16 10:29:20.491 |-INFO  [main] com.ai.api.testsuite.TestSuite [654] -| No active profile set, falling back to default profiles: default
2020-04-16 10:29:20.621 |-INFO  [main] org.springframework.context.annotation.AnnotationConfigApplicationContext [588] -| Refreshing org.springframework.context.annotation.AnnotationConfigApplicationContext@74589991: startup date [Thu Apr 16 10:29:20 CST 2020]; root of context hierarchy
2020-04-16 10:29:21.725 |-INFO  [main] org.springframework.data.repository.config.RepositoryConfigurationDelegate [172] -| Multiple Spring Data modules found, entering strict repository configuration mode!
2020-04-16 10:29:22.347 |-INFO  [main] org.springframework.beans.factory.annotation.AutowiredAnnotationBeanPostProcessor [153] -| JSR-330 'javax.inject.Inject' annotation found and supported for autowiring
2020-04-16 10:29:22.697 |-INFO  [main] com.alibaba.druid.spring.boot.autoconfigure.DruidDataSourceAutoConfigure [56] -| Init DruidDataSource
2020-04-16 10:29:22.811 |-WARN  [main] org.springframework.context.annotation.AnnotationConfigApplicationContext [556] -| Exception encountered during context initialization - cancelling refresh attempt: org.springframework.beans.factory.UnsatisfiedDependencyException: Error creating bean with name 'JDBCOperatorImpl' defined in file [/Users/macos/Desktop/OldFace/study/api-auto-test/target/classes/com/ai/api/support/database/JDBCOperatorImpl.class]: Unsatisfied dependency expressed through constructor parameter 0; nested exception is org.springframework.beans.factory.BeanCreationException: Error creating bean with name 'dataSource' defined in class path resource [com/alibaba/druid/spring/boot/autoconfigure/DruidDataSourceAutoConfigure.class]: Invocation of init method failed; nested exception is org.springframework.boot.autoconfigure.jdbc.DataSourceProperties$DataSourceBeanCreationException: Failed to determine a suitable driver class
2020-04-16 10:29:22.824 |-INFO  [main] org.springframework.boot.autoconfigure.logging.ConditionEvaluationReportLoggingListener [142] -| 

Error starting ApplicationContext. To display the conditions report re-run your application with 'debug' enabled.
2020-04-16 10:29:22.828 |-ERROR [main] org.springframework.boot.diagnostics.LoggingFailureAnalysisReporter [42] -| 

***************************
APPLICATION FAILED TO START
***************************

Description:

Failed to configure a DataSource: 'url' attribute is not specified and no embedded datasource could be configured.

Reason: Failed to determine a suitable driver class


Action:

Consider the following:
	If you want an embedded database (H2, HSQL or Derby), please put it on the classpath.
	If you have database settings to be loaded from a particular profile you may need to activate it (no profiles are currently active).

2020-04-16 10:29:22.832 |-ERROR [main] org.springframework.test.context.TestContextManager [250] -| Caught exception while allowing TestExecutionListener [org.springframework.test.context.support.DependencyInjectionTestExecutionListener@55b0dcab] to prepare test instance [com.ai.api.testsuite.TestSuite@33c911a1]
java.lang.IllegalStateException: Failed to load ApplicationContext
	at org.springframework.test.context.cache.DefaultCacheAwareContextLoaderDelegate.loadContext(DefaultCacheAwareContextLoaderDelegate.java:125)
	at org.springframework.test.context.support.DefaultTestContext.getApplicationContext(DefaultTestContext.java:108)
	at org.springframework.test.context.support.DependencyInjectionTestExecutionListener.injectDependencies(DependencyInjectionTestExecutionListener.java:117)
	at org.springframework.test.context.support.DependencyInjectionTestExecutionListener.prepareTestInstance(DependencyInjectionTestExecutionListener.java:83)
	at org.springframework.test.context.TestContextManager.prepareTestInstance(TestContextManager.java:246)
	at org.springframework.test.context.testng.AbstractTestNGSpringContextTests.springTestContextPrepareTestInstance(AbstractTestNGSpringContextTests.java:145)
	at sun.reflect.NativeMethodAccessorImpl.invoke0(Native Method)
	at sun.reflect.NativeMethodAccessorImpl.invoke(NativeMethodAccessorImpl.java:62)
	at sun.reflect.DelegatingMethodAccessorImpl.invoke(DelegatingMethodAccessorImpl.java:43)
	at java.lang.reflect.Method.invoke(Method.java:498)
	at org.testng.internal.MethodInvocationHelper.invokeMethod(MethodInvocationHelper.java:108)
	at org.testng.internal.Invoker.invokeConfigurationMethod(Invoker.java:523)
	at org.testng.internal.Invoker.invokeConfigurations(Invoker.java:224)
	at org.testng.internal.Invoker.invokeConfigurations(Invoker.java:146)
	at org.testng.internal.TestMethodWorker.invokeBeforeClassMethods(TestMethodWorker.java:166)
	at org.testng.internal.TestMethodWorker.run(TestMethodWorker.java:105)
	at org.testng.TestRunner.privateRun(TestRunner.java:744)
	at org.testng.TestRunner.run(TestRunner.java:602)
	at org.testng.SuiteRunner.runTest(SuiteRunner.java:380)
	at org.testng.SuiteRunner.runSequentially(SuiteRunner.java:375)
	at org.testng.SuiteRunner.privateRun(SuiteRunner.java:340)
	at org.testng.SuiteRunner.run(SuiteRunner.java:289)
	at org.testng.SuiteRunnerWorker.runSuite(SuiteRunnerWorker.java:52)
	at org.testng.SuiteRunnerWorker.run(SuiteRunnerWorker.java:86)
	at org.testng.TestNG.runSuitesSequentially(TestNG.java:1301)
	at org.testng.TestNG.runSuitesLocally(TestNG.java:1226)
	at org.testng.TestNG.runSuites(TestNG.java:1144)
	at org.testng.TestNG.run(TestNG.java:1115)
	at org.testng.IDEARemoteTestNG.run(IDEARemoteTestNG.java:73)
	at org.testng.RemoteTestNGStarter.main(RemoteTestNGStarter.java:123)
Caused by: org.springframework.beans.factory.UnsatisfiedDependencyException: Error creating bean with name 'JDBCOperatorImpl' defined in file [/Users/macos/Desktop/OldFace/study/api-auto-test/target/classes/com/ai/api/support/database/JDBCOperatorImpl.class]: Unsatisfied dependency expressed through constructor parameter 0; nested exception is org.springframework.beans.factory.BeanCreationException: Error creating bean with name 'dataSource' defined in class path resource [com/alibaba/druid/spring/boot/autoconfigure/DruidDataSourceAutoConfigure.class]: Invocation of init method failed; nested exception is org.springframework.boot.autoconfigure.jdbc.DataSourceProperties$DataSourceBeanCreationException: Failed to determine a suitable driver class
	at org.springframework.beans.factory.support.ConstructorResolver.createArgumentArray(ConstructorResolver.java:733)
	at org.springframework.beans.factory.support.ConstructorResolver.autowireConstructor(ConstructorResolver.java:198)
	at org.springframework.beans.factory.support.AbstractAutowireCapableBeanFactory.autowireConstructor(AbstractAutowireCapableBeanFactory.java:1266)
	at org.springframework.beans.factory.support.AbstractAutowireCapableBeanFactory.createBeanInstance(AbstractAutowireCapableBeanFactory.java:1123)
	at org.springframework.beans.factory.support.AbstractAutowireCapableBeanFactory.doCreateBean(AbstractAutowireCapableBeanFactory.java:535)
	at org.springframework.beans.factory.support.AbstractAutowireCapableBeanFactory.createBean(AbstractAutowireCapableBeanFactory.java:495)
	at org.springframework.beans.factory.support.AbstractBeanFactory.lambda$doGetBean$0(AbstractBeanFactory.java:317)
	at org.springframework.beans.factory.support.DefaultSingletonBeanRegistry.getSingleton(DefaultSingletonBeanRegistry.java:222)
	at org.springframework.beans.factory.support.AbstractBeanFactory.doGetBean(AbstractBeanFactory.java:315)
	at org.springframework.beans.factory.support.AbstractBeanFactory.getBean(AbstractBeanFactory.java:199)
	at org.springframework.beans.factory.support.DefaultListableBeanFactory.preInstantiateSingletons(DefaultListableBeanFactory.java:759)
	at org.springframework.context.support.AbstractApplicationContext.finishBeanFactoryInitialization(AbstractApplicationContext.java:867)
	at org.springframework.context.support.AbstractApplicationContext.refresh(AbstractApplicationContext.java:548)
	at org.springframework.boot.SpringApplication.refresh(SpringApplication.java:754)
	at org.springframework.boot.SpringApplication.refreshContext(SpringApplication.java:386)
	at org.springframework.boot.SpringApplication.run(SpringApplication.java:307)
	at org.springframework.boot.test.context.SpringBootContextLoader.loadContext(SpringBootContextLoader.java:127)
	at org.springframework.test.context.cache.DefaultCacheAwareContextLoaderDelegate.loadContextInternal(DefaultCacheAwareContextLoaderDelegate.java:99)
	at org.springframework.test.context.cache.DefaultCacheAwareContextLoaderDelegate.loadContext(DefaultCacheAwareContextLoaderDelegate.java:117)
	... 29 common frames omitted
Caused by: org.springframework.beans.factory.BeanCreationException: Error creating bean with name 'dataSource' defined in class path resource [com/alibaba/druid/spring/boot/autoconfigure/DruidDataSourceAutoConfigure.class]: Invocation of init method failed; nested exception is org.springframework.boot.autoconfigure.jdbc.DataSourceProperties$DataSourceBeanCreationException: Failed to determine a suitable driver class
	at org.springframework.beans.factory.support.AbstractAutowireCapableBeanFactory.initializeBean(AbstractAutowireCapableBeanFactory.java:1694)
	at org.springframework.beans.factory.support.AbstractAutowireCapableBeanFactory.doCreateBean(AbstractAutowireCapableBeanFactory.java:573)
	at org.springframework.beans.factory.support.AbstractAutowireCapableBeanFactory.createBean(AbstractAutowireCapableBeanFactory.java:495)
	at org.springframework.beans.factory.support.AbstractBeanFactory.lambda$doGetBean$0(AbstractBeanFactory.java:317)
	at org.springframework.beans.factory.support.DefaultSingletonBeanRegistry.getSingleton(DefaultSingletonBeanRegistry.java:222)
	at org.springframework.beans.factory.support.AbstractBeanFactory.doGetBean(AbstractBeanFactory.java:315)
	at org.springframework.beans.factory.support.AbstractBeanFactory.getBean(AbstractBeanFactory.java:199)
	at org.springframework.beans.factory.config.DependencyDescriptor.resolveCandidate(DependencyDescriptor.java:251)
	at org.springframework.beans.factory.support.DefaultListableBeanFactory.doResolveDependency(DefaultListableBeanFactory.java:1135)
	at org.springframework.beans.factory.support.DefaultListableBeanFactory.resolveDependency(DefaultListableBeanFactory.java:1062)
	at org.springframework.beans.factory.support.ConstructorResolver.resolveAutowiredArgument(ConstructorResolver.java:819)
	at org.springframework.beans.factory.support.ConstructorResolver.createArgumentArray(ConstructorResolver.java:725)
	... 47 common frames omitted
Caused by: org.springframework.boot.autoconfigure.jdbc.DataSourceProperties$DataSourceBeanCreationException: Failed to determine a suitable driver class
	at org.springframework.boot.autoconfigure.jdbc.DataSourceProperties.determineDriverClassName(DataSourceProperties.java:236)
	at org.springframework.boot.autoconfigure.jdbc.DataSourceProperties.determineUsername(DataSourceProperties.java:333)
	at com.alibaba.druid.spring.boot.autoconfigure.DruidDataSourceWrapper.afterPropertiesSet(DruidDataSourceWrapper.java:40)
	at org.springframework.beans.factory.support.AbstractAutowireCapableBeanFactory.invokeInitMethods(AbstractAutowireCapableBeanFactory.java:1753)
	at org.springframework.beans.factory.support.AbstractAutowireCapableBeanFactory.initializeBean(AbstractAutowireCapableBeanFactory.java:1690)
	... 58 common frames omitted
2020-04-16 10:37:27.249 |-INFO  [main] com.ai.api.testsuite.TestSuite [50] -| Starting TestSuite on localhost with PID 33975 (/Users/macos/Desktop/OldFace/study/api-auto-test/target/classes started by macos in /Users/macos/Desktop/OldFace/study/api-auto-test)
2020-04-16 10:37:27.252 |-INFO  [main] com.ai.api.testsuite.TestSuite [654] -| No active profile set, falling back to default profiles: default
2020-04-16 10:37:27.280 |-INFO  [main] org.springframework.context.annotation.AnnotationConfigApplicationContext [588] -| Refreshing org.springframework.context.annotation.AnnotationConfigApplicationContext@6c2c1385: startup date [Thu Apr 16 10:37:27 CST 2020]; root of context hierarchy
2020-04-16 10:37:28.764 |-INFO  [main] org.springframework.data.repository.config.RepositoryConfigurationDelegate [172] -| Multiple Spring Data modules found, entering strict repository configuration mode!
2020-04-16 10:37:29.315 |-INFO  [main] org.springframework.beans.factory.annotation.AutowiredAnnotationBeanPostProcessor [153] -| JSR-330 'javax.inject.Inject' annotation found and supported for autowiring
2020-04-16 10:37:29.619 |-INFO  [main] com.alibaba.druid.spring.boot.autoconfigure.DruidDataSourceAutoConfigure [56] -| Init DruidDataSource
2020-04-16 10:37:29.748 |-WARN  [main] org.springframework.context.annotation.AnnotationConfigApplicationContext [556] -| Exception encountered during context initialization - cancelling refresh attempt: org.springframework.beans.factory.UnsatisfiedDependencyException: Error creating bean with name 'jdbcConfig': Unsatisfied dependency expressed through field 'dataSource'; nested exception is org.springframework.beans.factory.BeanCreationException: Error creating bean with name 'dataSource' defined in class path resource [com/alibaba/druid/spring/boot/autoconfigure/DruidDataSourceAutoConfigure.class]: Invocation of init method failed; nested exception is org.springframework.boot.autoconfigure.jdbc.DataSourceProperties$DataSourceBeanCreationException: Failed to determine a suitable driver class
2020-04-16 10:37:29.764 |-INFO  [main] org.springframework.boot.autoconfigure.logging.ConditionEvaluationReportLoggingListener [142] -| 

Error starting ApplicationContext. To display the conditions report re-run your application with 'debug' enabled.
2020-04-16 10:37:29.772 |-ERROR [main] org.springframework.boot.diagnostics.LoggingFailureAnalysisReporter [42] -| 

***************************
APPLICATION FAILED TO START
***************************

Description:

Failed to configure a DataSource: 'url' attribute is not specified and no embedded datasource could be configured.

Reason: Failed to determine a suitable driver class


Action:

Consider the following:
	If you want an embedded database (H2, HSQL or Derby), please put it on the classpath.
	If you have database settings to be loaded from a particular profile you may need to activate it (no profiles are currently active).

2020-04-16 10:37:29.780 |-ERROR [main] org.springframework.test.context.TestContextManager [250] -| Caught exception while allowing TestExecutionListener [org.springframework.test.context.support.DependencyInjectionTestExecutionListener@55b0dcab] to prepare test instance [com.ai.api.testsuite.TestSuite@33c911a1]
java.lang.IllegalStateException: Failed to load ApplicationContext
	at org.springframework.test.context.cache.DefaultCacheAwareContextLoaderDelegate.loadContext(DefaultCacheAwareContextLoaderDelegate.java:125)
	at org.springframework.test.context.support.DefaultTestContext.getApplicationContext(DefaultTestContext.java:108)
	at org.springframework.test.context.support.DependencyInjectionTestExecutionListener.injectDependencies(DependencyInjectionTestExecutionListener.java:117)
	at org.springframework.test.context.support.DependencyInjectionTestExecutionListener.prepareTestInstance(DependencyInjectionTestExecutionListener.java:83)
	at org.springframework.test.context.TestContextManager.prepareTestInstance(TestContextManager.java:246)
	at org.springframework.test.context.testng.AbstractTestNGSpringContextTests.springTestContextPrepareTestInstance(AbstractTestNGSpringContextTests.java:145)
	at sun.reflect.NativeMethodAccessorImpl.invoke0(Native Method)
	at sun.reflect.NativeMethodAccessorImpl.invoke(NativeMethodAccessorImpl.java:62)
	at sun.reflect.DelegatingMethodAccessorImpl.invoke(DelegatingMethodAccessorImpl.java:43)
	at java.lang.reflect.Method.invoke(Method.java:498)
	at org.testng.internal.MethodInvocationHelper.invokeMethod(MethodInvocationHelper.java:108)
	at org.testng.internal.Invoker.invokeConfigurationMethod(Invoker.java:523)
	at org.testng.internal.Invoker.invokeConfigurations(Invoker.java:224)
	at org.testng.internal.Invoker.invokeConfigurations(Invoker.java:146)
	at org.testng.internal.TestMethodWorker.invokeBeforeClassMethods(TestMethodWorker.java:166)
	at org.testng.internal.TestMethodWorker.run(TestMethodWorker.java:105)
	at org.testng.TestRunner.privateRun(TestRunner.java:744)
	at org.testng.TestRunner.run(TestRunner.java:602)
	at org.testng.SuiteRunner.runTest(SuiteRunner.java:380)
	at org.testng.SuiteRunner.runSequentially(SuiteRunner.java:375)
	at org.testng.SuiteRunner.privateRun(SuiteRunner.java:340)
	at org.testng.SuiteRunner.run(SuiteRunner.java:289)
	at org.testng.SuiteRunnerWorker.runSuite(SuiteRunnerWorker.java:52)
	at org.testng.SuiteRunnerWorker.run(SuiteRunnerWorker.java:86)
	at org.testng.TestNG.runSuitesSequentially(TestNG.java:1301)
	at org.testng.TestNG.runSuitesLocally(TestNG.java:1226)
	at org.testng.TestNG.runSuites(TestNG.java:1144)
	at org.testng.TestNG.run(TestNG.java:1115)
	at org.testng.IDEARemoteTestNG.run(IDEARemoteTestNG.java:73)
	at org.testng.RemoteTestNGStarter.main(RemoteTestNGStarter.java:123)
Caused by: org.springframework.beans.factory.UnsatisfiedDependencyException: Error creating bean with name 'jdbcConfig': Unsatisfied dependency expressed through field 'dataSource'; nested exception is org.springframework.beans.factory.BeanCreationException: Error creating bean with name 'dataSource' defined in class path resource [com/alibaba/druid/spring/boot/autoconfigure/DruidDataSourceAutoConfigure.class]: Invocation of init method failed; nested exception is org.springframework.boot.autoconfigure.jdbc.DataSourceProperties$DataSourceBeanCreationException: Failed to determine a suitable driver class
	at org.springframework.beans.factory.annotation.AutowiredAnnotationBeanPostProcessor$AutowiredFieldElement.inject(AutowiredAnnotationBeanPostProcessor.java:584)
	at org.springframework.beans.factory.annotation.InjectionMetadata.inject(InjectionMetadata.java:90)
	at org.springframework.beans.factory.annotation.AutowiredAnnotationBeanPostProcessor.postProcessPropertyValues(AutowiredAnnotationBeanPostProcessor.java:370)
	at org.springframework.beans.factory.support.AbstractAutowireCapableBeanFactory.populateBean(AbstractAutowireCapableBeanFactory.java:1336)
	at org.springframework.beans.factory.support.AbstractAutowireCapableBeanFactory.doCreateBean(AbstractAutowireCapableBeanFactory.java:572)
	at org.springframework.beans.factory.support.AbstractAutowireCapableBeanFactory.createBean(AbstractAutowireCapableBeanFactory.java:495)
	at org.springframework.beans.factory.support.AbstractBeanFactory.lambda$doGetBean$0(AbstractBeanFactory.java:317)
	at org.springframework.beans.factory.support.DefaultSingletonBeanRegistry.getSingleton(DefaultSingletonBeanRegistry.java:222)
	at org.springframework.beans.factory.support.AbstractBeanFactory.doGetBean(AbstractBeanFactory.java:315)
	at org.springframework.beans.factory.support.AbstractBeanFactory.getBean(AbstractBeanFactory.java:199)
	at org.springframework.beans.factory.support.DefaultListableBeanFactory.preInstantiateSingletons(DefaultListableBeanFactory.java:759)
	at org.springframework.context.support.AbstractApplicationContext.finishBeanFactoryInitialization(AbstractApplicationContext.java:867)
	at org.springframework.context.support.AbstractApplicationContext.refresh(AbstractApplicationContext.java:548)
	at org.springframework.boot.SpringApplication.refresh(SpringApplication.java:754)
	at org.springframework.boot.SpringApplication.refreshContext(SpringApplication.java:386)
	at org.springframework.boot.SpringApplication.run(SpringApplication.java:307)
	at org.springframework.boot.test.context.SpringBootContextLoader.loadContext(SpringBootContextLoader.java:127)
	at org.springframework.test.context.cache.DefaultCacheAwareContextLoaderDelegate.loadContextInternal(DefaultCacheAwareContextLoaderDelegate.java:99)
	at org.springframework.test.context.cache.DefaultCacheAwareContextLoaderDelegate.loadContext(DefaultCacheAwareContextLoaderDelegate.java:117)
	... 29 common frames omitted
Caused by: org.springframework.beans.factory.BeanCreationException: Error creating bean with name 'dataSource' defined in class path resource [com/alibaba/druid/spring/boot/autoconfigure/DruidDataSourceAutoConfigure.class]: Invocation of init method failed; nested exception is org.springframework.boot.autoconfigure.jdbc.DataSourceProperties$DataSourceBeanCreationException: Failed to determine a suitable driver class
	at org.springframework.beans.factory.support.AbstractAutowireCapableBeanFactory.initializeBean(AbstractAutowireCapableBeanFactory.java:1694)
	at org.springframework.beans.factory.support.AbstractAutowireCapableBeanFactory.doCreateBean(AbstractAutowireCapableBeanFactory.java:573)
	at org.springframework.beans.factory.support.AbstractAutowireCapableBeanFactory.createBean(AbstractAutowireCapableBeanFactory.java:495)
	at org.springframework.beans.factory.support.AbstractBeanFactory.lambda$doGetBean$0(AbstractBeanFactory.java:317)
	at org.springframework.beans.factory.support.DefaultSingletonBeanRegistry.getSingleton(DefaultSingletonBeanRegistry.java:222)
	at org.springframework.beans.factory.support.AbstractBeanFactory.doGetBean(AbstractBeanFactory.java:315)
	at org.springframework.beans.factory.support.AbstractBeanFactory.getBean(AbstractBeanFactory.java:199)
	at org.springframework.beans.factory.config.DependencyDescriptor.resolveCandidate(DependencyDescriptor.java:251)
	at org.springframework.beans.factory.support.DefaultListableBeanFactory.doResolveDependency(DefaultListableBeanFactory.java:1135)
	at org.springframework.beans.factory.support.DefaultListableBeanFactory.resolveDependency(DefaultListableBeanFactory.java:1062)
	at org.springframework.beans.factory.annotation.AutowiredAnnotationBeanPostProcessor$AutowiredFieldElement.inject(AutowiredAnnotationBeanPostProcessor.java:581)
	... 47 common frames omitted
Caused by: org.springframework.boot.autoconfigure.jdbc.DataSourceProperties$DataSourceBeanCreationException: Failed to determine a suitable driver class
	at org.springframework.boot.autoconfigure.jdbc.DataSourceProperties.determineDriverClassName(DataSourceProperties.java:236)
	at org.springframework.boot.autoconfigure.jdbc.DataSourceProperties.determineUsername(DataSourceProperties.java:333)
	at com.alibaba.druid.spring.boot.autoconfigure.DruidDataSourceWrapper.afterPropertiesSet(DruidDataSourceWrapper.java:40)
	at org.springframework.beans.factory.support.AbstractAutowireCapableBeanFactory.invokeInitMethods(AbstractAutowireCapableBeanFactory.java:1753)
	at org.springframework.beans.factory.support.AbstractAutowireCapableBeanFactory.initializeBean(AbstractAutowireCapableBeanFactory.java:1690)
	... 57 common frames omitted
2020-04-16 10:44:35.966 |-INFO  [main] com.ai.api.testsuite.TestSuite [50] -| Starting TestSuite on localhost with PID 34006 (/Users/macos/Desktop/OldFace/study/api-auto-test/target/classes started by macos in /Users/macos/Desktop/OldFace/study/api-auto-test)
2020-04-16 10:44:35.970 |-INFO  [main] com.ai.api.testsuite.TestSuite [654] -| No active profile set, falling back to default profiles: default
2020-04-16 10:44:36.005 |-INFO  [main] org.springframework.context.annotation.AnnotationConfigApplicationContext [588] -| Refreshing org.springframework.context.annotation.AnnotationConfigApplicationContext@1fc32e4f: startup date [Thu Apr 16 10:44:36 CST 2020]; root of context hierarchy
2020-04-16 10:44:36.988 |-INFO  [main] org.springframework.data.repository.config.RepositoryConfigurationDelegate [172] -| Multiple Spring Data modules found, entering strict repository configuration mode!
2020-04-16 10:44:37.466 |-INFO  [main] org.springframework.beans.factory.annotation.AutowiredAnnotationBeanPostProcessor [153] -| JSR-330 'javax.inject.Inject' annotation found and supported for autowiring
2020-04-16 10:44:37.791 |-INFO  [main] com.alibaba.druid.spring.boot.autoconfigure.DruidDataSourceAutoConfigure [56] -| Init DruidDataSource
2020-04-16 10:44:37.899 |-WARN  [main] org.springframework.context.annotation.AnnotationConfigApplicationContext [556] -| Exception encountered during context initialization - cancelling refresh attempt: org.springframework.beans.factory.UnsatisfiedDependencyException: Error creating bean with name 'jdbcConfig': Unsatisfied dependency expressed through field 'dataSource'; nested exception is org.springframework.beans.factory.BeanCreationException: Error creating bean with name 'dataSource' defined in class path resource [com/alibaba/druid/spring/boot/autoconfigure/DruidDataSourceAutoConfigure.class]: Invocation of init method failed; nested exception is org.springframework.boot.autoconfigure.jdbc.DataSourceProperties$DataSourceBeanCreationException: Failed to determine a suitable driver class
2020-04-16 10:44:37.910 |-INFO  [main] org.springframework.boot.autoconfigure.logging.ConditionEvaluationReportLoggingListener [142] -| 

Error starting ApplicationContext. To display the conditions report re-run your application with 'debug' enabled.
2020-04-16 10:44:37.913 |-ERROR [main] org.springframework.boot.diagnostics.LoggingFailureAnalysisReporter [42] -| 

***************************
APPLICATION FAILED TO START
***************************

Description:

Failed to configure a DataSource: 'url' attribute is not specified and no embedded datasource could be configured.

Reason: Failed to determine a suitable driver class


Action:

Consider the following:
	If you want an embedded database (H2, HSQL or Derby), please put it on the classpath.
	If you have database settings to be loaded from a particular profile you may need to activate it (no profiles are currently active).

2020-04-16 10:44:37.917 |-ERROR [main] org.springframework.test.context.TestContextManager [250] -| Caught exception while allowing TestExecutionListener [org.springframework.test.context.support.DependencyInjectionTestExecutionListener@23348b5d] to prepare test instance [com.ai.api.testsuite.TestSuite@1190200a]
java.lang.IllegalStateException: Failed to load ApplicationContext
	at org.springframework.test.context.cache.DefaultCacheAwareContextLoaderDelegate.loadContext(DefaultCacheAwareContextLoaderDelegate.java:125)
	at org.springframework.test.context.support.DefaultTestContext.getApplicationContext(DefaultTestContext.java:108)
	at org.springframework.test.context.support.DependencyInjectionTestExecutionListener.injectDependencies(DependencyInjectionTestExecutionListener.java:117)
	at org.springframework.test.context.support.DependencyInjectionTestExecutionListener.prepareTestInstance(DependencyInjectionTestExecutionListener.java:83)
	at org.springframework.test.context.TestContextManager.prepareTestInstance(TestContextManager.java:246)
	at org.springframework.test.context.testng.AbstractTestNGSpringContextTests.springTestContextPrepareTestInstance(AbstractTestNGSpringContextTests.java:145)
	at sun.reflect.NativeMethodAccessorImpl.invoke0(Native Method)
	at sun.reflect.NativeMethodAccessorImpl.invoke(NativeMethodAccessorImpl.java:62)
	at sun.reflect.DelegatingMethodAccessorImpl.invoke(DelegatingMethodAccessorImpl.java:43)
	at java.lang.reflect.Method.invoke(Method.java:498)
	at org.testng.internal.MethodInvocationHelper.invokeMethod(MethodInvocationHelper.java:108)
	at org.testng.internal.Invoker.invokeConfigurationMethod(Invoker.java:523)
	at org.testng.internal.Invoker.invokeConfigurations(Invoker.java:224)
	at org.testng.internal.Invoker.invokeConfigurations(Invoker.java:146)
	at org.testng.internal.TestMethodWorker.invokeBeforeClassMethods(TestMethodWorker.java:166)
	at org.testng.internal.TestMethodWorker.run(TestMethodWorker.java:105)
	at org.testng.TestRunner.privateRun(TestRunner.java:744)
	at org.testng.TestRunner.run(TestRunner.java:602)
	at org.testng.SuiteRunner.runTest(SuiteRunner.java:380)
	at org.testng.SuiteRunner.runSequentially(SuiteRunner.java:375)
	at org.testng.SuiteRunner.privateRun(SuiteRunner.java:340)
	at org.testng.SuiteRunner.run(SuiteRunner.java:289)
	at org.testng.SuiteRunnerWorker.runSuite(SuiteRunnerWorker.java:52)
	at org.testng.SuiteRunnerWorker.run(SuiteRunnerWorker.java:86)
	at org.testng.TestNG.runSuitesSequentially(TestNG.java:1301)
	at org.testng.TestNG.runSuitesLocally(TestNG.java:1226)
	at org.testng.TestNG.runSuites(TestNG.java:1144)
	at org.testng.TestNG.run(TestNG.java:1115)
	at org.testng.IDEARemoteTestNG.run(IDEARemoteTestNG.java:73)
	at org.testng.RemoteTestNGStarter.main(RemoteTestNGStarter.java:123)
Caused by: org.springframework.beans.factory.UnsatisfiedDependencyException: Error creating bean with name 'jdbcConfig': Unsatisfied dependency expressed through field 'dataSource'; nested exception is org.springframework.beans.factory.BeanCreationException: Error creating bean with name 'dataSource' defined in class path resource [com/alibaba/druid/spring/boot/autoconfigure/DruidDataSourceAutoConfigure.class]: Invocation of init method failed; nested exception is org.springframework.boot.autoconfigure.jdbc.DataSourceProperties$DataSourceBeanCreationException: Failed to determine a suitable driver class
	at org.springframework.beans.factory.annotation.AutowiredAnnotationBeanPostProcessor$AutowiredFieldElement.inject(AutowiredAnnotationBeanPostProcessor.java:584)
	at org.springframework.beans.factory.annotation.InjectionMetadata.inject(InjectionMetadata.java:90)
	at org.springframework.beans.factory.annotation.AutowiredAnnotationBeanPostProcessor.postProcessPropertyValues(AutowiredAnnotationBeanPostProcessor.java:370)
	at org.springframework.beans.factory.support.AbstractAutowireCapableBeanFactory.populateBean(AbstractAutowireCapableBeanFactory.java:1336)
	at org.springframework.beans.factory.support.AbstractAutowireCapableBeanFactory.doCreateBean(AbstractAutowireCapableBeanFactory.java:572)
	at org.springframework.beans.factory.support.AbstractAutowireCapableBeanFactory.createBean(AbstractAutowireCapableBeanFactory.java:495)
	at org.springframework.beans.factory.support.AbstractBeanFactory.lambda$doGetBean$0(AbstractBeanFactory.java:317)
	at org.springframework.beans.factory.support.DefaultSingletonBeanRegistry.getSingleton(DefaultSingletonBeanRegistry.java:222)
	at org.springframework.beans.factory.support.AbstractBeanFactory.doGetBean(AbstractBeanFactory.java:315)
	at org.springframework.beans.factory.support.AbstractBeanFactory.getBean(AbstractBeanFactory.java:199)
	at org.springframework.beans.factory.support.DefaultListableBeanFactory.preInstantiateSingletons(DefaultListableBeanFactory.java:759)
	at org.springframework.context.support.AbstractApplicationContext.finishBeanFactoryInitialization(AbstractApplicationContext.java:867)
	at org.springframework.context.support.AbstractApplicationContext.refresh(AbstractApplicationContext.java:548)
	at org.springframework.boot.SpringApplication.refresh(SpringApplication.java:754)
	at org.springframework.boot.SpringApplication.refreshContext(SpringApplication.java:386)
	at org.springframework.boot.SpringApplication.run(SpringApplication.java:307)
	at org.springframework.boot.test.context.SpringBootContextLoader.loadContext(SpringBootContextLoader.java:127)
	at org.springframework.test.context.cache.DefaultCacheAwareContextLoaderDelegate.loadContextInternal(DefaultCacheAwareContextLoaderDelegate.java:99)
	at org.springframework.test.context.cache.DefaultCacheAwareContextLoaderDelegate.loadContext(DefaultCacheAwareContextLoaderDelegate.java:117)
	... 29 common frames omitted
Caused by: org.springframework.beans.factory.BeanCreationException: Error creating bean with name 'dataSource' defined in class path resource [com/alibaba/druid/spring/boot/autoconfigure/DruidDataSourceAutoConfigure.class]: Invocation of init method failed; nested exception is org.springframework.boot.autoconfigure.jdbc.DataSourceProperties$DataSourceBeanCreationException: Failed to determine a suitable driver class
	at org.springframework.beans.factory.support.AbstractAutowireCapableBeanFactory.initializeBean(AbstractAutowireCapableBeanFactory.java:1694)
	at org.springframework.beans.factory.support.AbstractAutowireCapableBeanFactory.doCreateBean(AbstractAutowireCapableBeanFactory.java:573)
	at org.springframework.beans.factory.support.AbstractAutowireCapableBeanFactory.createBean(AbstractAutowireCapableBeanFactory.java:495)
	at org.springframework.beans.factory.support.AbstractBeanFactory.lambda$doGetBean$0(AbstractBeanFactory.java:317)
	at org.springframework.beans.factory.support.DefaultSingletonBeanRegistry.getSingleton(DefaultSingletonBeanRegistry.java:222)
	at org.springframework.beans.factory.support.AbstractBeanFactory.doGetBean(AbstractBeanFactory.java:315)
	at org.springframework.beans.factory.support.AbstractBeanFactory.getBean(AbstractBeanFactory.java:199)
	at org.springframework.beans.factory.config.DependencyDescriptor.resolveCandidate(DependencyDescriptor.java:251)
	at org.springframework.beans.factory.support.DefaultListableBeanFactory.doResolveDependency(DefaultListableBeanFactory.java:1135)
	at org.springframework.beans.factory.support.DefaultListableBeanFactory.resolveDependency(DefaultListableBeanFactory.java:1062)
	at org.springframework.beans.factory.annotation.AutowiredAnnotationBeanPostProcessor$AutowiredFieldElement.inject(AutowiredAnnotationBeanPostProcessor.java:581)
	... 47 common frames omitted
Caused by: org.springframework.boot.autoconfigure.jdbc.DataSourceProperties$DataSourceBeanCreationException: Failed to determine a suitable driver class
	at org.springframework.boot.autoconfigure.jdbc.DataSourceProperties.determineDriverClassName(DataSourceProperties.java:236)
	at org.springframework.boot.autoconfigure.jdbc.DataSourceProperties.determineUsername(DataSourceProperties.java:333)
	at com.alibaba.druid.spring.boot.autoconfigure.DruidDataSourceWrapper.afterPropertiesSet(DruidDataSourceWrapper.java:40)
	at org.springframework.beans.factory.support.AbstractAutowireCapableBeanFactory.invokeInitMethods(AbstractAutowireCapableBeanFactory.java:1753)
	at org.springframework.beans.factory.support.AbstractAutowireCapableBeanFactory.initializeBean(AbstractAutowireCapableBeanFactory.java:1690)
	... 57 common frames omitted
2020-04-16 10:49:56.253 |-INFO  [main] com.ai.api.testsuite.TestSuite [50] -| Starting TestSuite on localhost with PID 34024 (/Users/macos/Desktop/OldFace/study/api-auto-test/target/classes started by macos in /Users/macos/Desktop/OldFace/study/api-auto-test)
2020-04-16 10:49:56.256 |-INFO  [main] com.ai.api.testsuite.TestSuite [654] -| No active profile set, falling back to default profiles: default
2020-04-16 10:49:56.288 |-INFO  [main] org.springframework.context.annotation.AnnotationConfigApplicationContext [588] -| Refreshing org.springframework.context.annotation.AnnotationConfigApplicationContext@5f354bcf: startup date [Thu Apr 16 10:49:56 CST 2020]; root of context hierarchy
2020-04-16 10:49:57.273 |-INFO  [main] org.springframework.data.repository.config.RepositoryConfigurationDelegate [172] -| Multiple Spring Data modules found, entering strict repository configuration mode!
2020-04-16 10:49:57.757 |-INFO  [main] org.springframework.beans.factory.annotation.AutowiredAnnotationBeanPostProcessor [153] -| JSR-330 'javax.inject.Inject' annotation found and supported for autowiring
2020-04-16 10:49:58.060 |-INFO  [main] com.alibaba.druid.spring.boot.autoconfigure.DruidDataSourceAutoConfigure [56] -| Init DruidDataSource
2020-04-16 10:49:58.504 |-INFO  [main] com.alibaba.druid.pool.DruidDataSource [1003] -| {dataSource-1} inited
2020-04-16 10:49:58.564 |-INFO  [main] org.springframework.boot.test.context.SpringBootTestContextBootstrapper [308] -| Neither @ContextConfiguration nor @ContextHierarchy found for test class [com.ai.api.testsuite.TestSuite], using SpringBootContextLoader
2020-04-16 10:49:58.566 |-INFO  [main] org.springframework.test.context.support.AbstractContextLoader [264] -| Could not detect default resource locations for test class [com.ai.api.testsuite.TestSuite]: no resource found for suffixes {-context.xml, Context.groovy}.
2020-04-16 10:49:58.575 |-INFO  [main] org.springframework.boot.test.context.SpringBootTestContextBootstrapper [177] -| Using TestExecutionListeners: [org.springframework.test.context.support.DirtiesContextBeforeModesTestExecutionListener@30404dba, org.springframework.test.context.support.DependencyInjectionTestExecutionListener@6050462a, org.springframework.test.context.support.DirtiesContextTestExecutionListener@4c0884e8]
2020-04-16 10:49:59.903 |-INFO  [main] org.springframework.ui.freemarker.SpringTemplateLoader [62] -| SpringTemplateLoader for FreeMarker: using resource loader [org.springframework.context.annotation.AnnotationConfigApplicationContext@5f354bcf: startup date [Thu Apr 16 10:49:56 CST 2020]; root of context hierarchy] and template loader path [classpath:/templates/]
2020-04-16 10:49:59.912 |-WARN  [main] org.springframework.boot.autoconfigure.freemarker.FreeMarkerAutoConfiguration [70] -| Cannot find template location(s): [classpath:/templates/] (please add some templates, check your FreeMarker configuration, or set spring.freemarker.checkTemplateLocation=false)
2020-04-16 10:50:00.427 |-INFO  [main] org.mongodb.driver.cluster [71] -| Cluster created with settings {hosts=[localhost:27017], mode=SINGLE, requiredClusterType=UNKNOWN, serverSelectionTimeout='30000 ms', maxWaitQueueSize=500}
2020-04-16 10:50:00.485 |-INFO  [cluster-ClusterId{value='5e97c7d8e02f5984e89cb940', description='null'}-localhost:27017] org.mongodb.driver.cluster [76] -| Exception in monitor thread while connecting to server localhost:27017
com.mongodb.MongoSocketOpenException: Exception opening socket
	at com.mongodb.connection.SocketStream.open(SocketStream.java:62)
	at com.mongodb.connection.InternalStreamConnection.open(InternalStreamConnection.java:126)
	at com.mongodb.connection.DefaultServerMonitor$ServerMonitorRunnable.run(DefaultServerMonitor.java:114)
	at java.lang.Thread.run(Thread.java:745)
Caused by: java.net.ConnectException: Connection refused (Connection refused)
	at java.net.PlainSocketImpl.socketConnect(Native Method)
	at java.net.AbstractPlainSocketImpl.doConnect(AbstractPlainSocketImpl.java:350)
	at java.net.AbstractPlainSocketImpl.connectToAddress(AbstractPlainSocketImpl.java:206)
	at java.net.AbstractPlainSocketImpl.connect(AbstractPlainSocketImpl.java:188)
	at java.net.SocksSocketImpl.connect(SocksSocketImpl.java:392)
	at java.net.Socket.connect(Socket.java:589)
	at com.mongodb.connection.SocketStreamHelper.initialize(SocketStreamHelper.java:59)
	at com.mongodb.connection.SocketStream.open(SocketStream.java:57)
	... 3 common frames omitted
2020-04-16 10:50:00.695 |-INFO  [main] com.ai.api.testsuite.TestSuite [59] -| Started TestSuite in 5.682 seconds (JVM running for 7.925)
2020-04-16 10:50:00.793 |-INFO  [Thread-2] org.springframework.context.annotation.AnnotationConfigApplicationContext [991] -| Closing org.springframework.context.annotation.AnnotationConfigApplicationContext@5f354bcf: startup date [Thu Apr 16 10:49:56 CST 2020]; root of context hierarchy
2020-04-16 10:50:00.836 |-INFO  [Thread-2] com.alibaba.druid.pool.DruidDataSource [1948] -| {dataSource-1} closing ...
2020-04-16 10:50:00.840 |-INFO  [Thread-2] com.alibaba.druid.pool.DruidDataSource [2020] -| {dataSource-1} closed
2020-04-16 10:51:37.934 |-INFO  [main] com.ai.api.testsuite.TestSuite [50] -| Starting TestSuite on localhost with PID 34035 (/Users/macos/Desktop/OldFace/study/api-auto-test/target/classes started by macos in /Users/macos/Desktop/OldFace/study/api-auto-test)
2020-04-16 10:51:37.942 |-INFO  [main] com.ai.api.testsuite.TestSuite [654] -| No active profile set, falling back to default profiles: default
2020-04-16 10:51:38.004 |-INFO  [main] org.springframework.context.annotation.AnnotationConfigApplicationContext [588] -| Refreshing org.springframework.context.annotation.AnnotationConfigApplicationContext@558bdf1f: startup date [Thu Apr 16 10:51:38 CST 2020]; root of context hierarchy
2020-04-16 10:51:39.420 |-INFO  [main] org.springframework.data.repository.config.RepositoryConfigurationDelegate [172] -| Multiple Spring Data modules found, entering strict repository configuration mode!
2020-04-16 10:51:40.159 |-INFO  [main] org.springframework.beans.factory.annotation.AutowiredAnnotationBeanPostProcessor [153] -| JSR-330 'javax.inject.Inject' annotation found and supported for autowiring
2020-04-16 10:51:40.734 |-INFO  [main] com.alibaba.druid.spring.boot.autoconfigure.DruidDataSourceAutoConfigure [56] -| Init DruidDataSource
2020-04-16 10:51:41.246 |-INFO  [main] com.alibaba.druid.pool.DruidDataSource [1003] -| {dataSource-1} inited
2020-04-16 10:51:41.337 |-INFO  [main] org.springframework.boot.test.context.SpringBootTestContextBootstrapper [308] -| Neither @ContextConfiguration nor @ContextHierarchy found for test class [com.ai.api.testsuite.TestSuite], using SpringBootContextLoader
2020-04-16 10:51:41.339 |-INFO  [main] org.springframework.test.context.support.AbstractContextLoader [264] -| Could not detect default resource locations for test class [com.ai.api.testsuite.TestSuite]: no resource found for suffixes {-context.xml, Context.groovy}.
2020-04-16 10:51:41.359 |-INFO  [main] org.springframework.boot.test.context.SpringBootTestContextBootstrapper [177] -| Using TestExecutionListeners: [org.springframework.test.context.support.DirtiesContextBeforeModesTestExecutionListener@2ca6546f, org.springframework.test.context.support.DependencyInjectionTestExecutionListener@43826ec, org.springframework.test.context.support.DirtiesContextTestExecutionListener@7923f5b3]
2020-04-16 10:51:42.918 |-INFO  [main] org.springframework.ui.freemarker.SpringTemplateLoader [62] -| SpringTemplateLoader for FreeMarker: using resource loader [org.springframework.context.annotation.AnnotationConfigApplicationContext@558bdf1f: startup date [Thu Apr 16 10:51:38 CST 2020]; root of context hierarchy] and template loader path [classpath:/templates/]
2020-04-16 10:51:42.930 |-WARN  [main] org.springframework.boot.autoconfigure.freemarker.FreeMarkerAutoConfiguration [70] -| Cannot find template location(s): [classpath:/templates/] (please add some templates, check your FreeMarker configuration, or set spring.freemarker.checkTemplateLocation=false)
2020-04-16 10:51:43.312 |-INFO  [main] com.ai.api.testsuite.TestSuite [59] -| Started TestSuite in 7.096 seconds (JVM running for 10.34)
2020-04-16 10:51:43.362 |-INFO  [Thread-2] org.springframework.context.annotation.AnnotationConfigApplicationContext [991] -| Closing org.springframework.context.annotation.AnnotationConfigApplicationContext@558bdf1f: startup date [Thu Apr 16 10:51:38 CST 2020]; root of context hierarchy
2020-04-16 10:51:43.393 |-INFO  [Thread-2] com.alibaba.druid.pool.DruidDataSource [1948] -| {dataSource-1} closing ...
2020-04-16 10:51:43.398 |-INFO  [Thread-2] com.alibaba.druid.pool.DruidDataSource [2020] -| {dataSource-1} closed
2020-04-16 10:52:15.228 |-INFO  [main] com.ai.api.testsuite.TestSuite [50] -| Starting TestSuite on localhost with PID 34042 (/Users/macos/Desktop/OldFace/study/api-auto-test/target/classes started by macos in /Users/macos/Desktop/OldFace/study/api-auto-test)
2020-04-16 10:52:15.231 |-INFO  [main] com.ai.api.testsuite.TestSuite [654] -| No active profile set, falling back to default profiles: default
2020-04-16 10:52:15.257 |-INFO  [main] org.springframework.context.annotation.AnnotationConfigApplicationContext [588] -| Refreshing org.springframework.context.annotation.AnnotationConfigApplicationContext@67545b57: startup date [Thu Apr 16 10:52:15 CST 2020]; root of context hierarchy
2020-04-16 10:52:16.143 |-INFO  [main] org.springframework.data.repository.config.RepositoryConfigurationDelegate [172] -| Multiple Spring Data modules found, entering strict repository configuration mode!
2020-04-16 10:52:16.635 |-INFO  [main] org.springframework.beans.factory.annotation.AutowiredAnnotationBeanPostProcessor [153] -| JSR-330 'javax.inject.Inject' annotation found and supported for autowiring
2020-04-16 10:52:16.980 |-INFO  [main] com.alibaba.druid.spring.boot.autoconfigure.DruidDataSourceAutoConfigure [56] -| Init DruidDataSource
2020-04-16 10:52:17.362 |-INFO  [main] com.alibaba.druid.pool.DruidDataSource [1003] -| {dataSource-1} inited
2020-04-16 10:52:17.415 |-INFO  [main] org.springframework.boot.test.context.SpringBootTestContextBootstrapper [308] -| Neither @ContextConfiguration nor @ContextHierarchy found for test class [com.ai.api.testsuite.TestSuite], using SpringBootContextLoader
2020-04-16 10:52:17.417 |-INFO  [main] org.springframework.test.context.support.AbstractContextLoader [264] -| Could not detect default resource locations for test class [com.ai.api.testsuite.TestSuite]: no resource found for suffixes {-context.xml, Context.groovy}.
2020-04-16 10:52:17.424 |-INFO  [main] org.springframework.boot.test.context.SpringBootTestContextBootstrapper [177] -| Using TestExecutionListeners: [org.springframework.test.context.support.DirtiesContextBeforeModesTestExecutionListener@21719a0, org.springframework.test.context.support.DependencyInjectionTestExecutionListener@76b224cd, org.springframework.test.context.support.DirtiesContextTestExecutionListener@77ee25f1]
2020-04-16 10:52:18.657 |-INFO  [main] org.springframework.ui.freemarker.SpringTemplateLoader [62] -| SpringTemplateLoader for FreeMarker: using resource loader [org.springframework.context.annotation.AnnotationConfigApplicationContext@67545b57: startup date [Thu Apr 16 10:52:15 CST 2020]; root of context hierarchy] and template loader path [classpath:/templates/]
2020-04-16 10:52:18.679 |-WARN  [main] org.springframework.boot.autoconfigure.freemarker.FreeMarkerAutoConfiguration [70] -| Cannot find template location(s): [classpath:/templates/] (please add some templates, check your FreeMarker configuration, or set spring.freemarker.checkTemplateLocation=false)
2020-04-16 10:52:19.068 |-INFO  [main] com.ai.api.testsuite.TestSuite [59] -| Started TestSuite in 5.104 seconds (JVM running for 7.439)
2020-04-16 10:52:19.495 |-INFO  [main] com.ai.api.support.database.JDBCOperatorImpl [127] -| 创建数据库statement连接
2020-04-16 10:52:19.535 |-INFO  [main] com.ai.api.support.database.JDBCOperatorImpl [130] -| 执行sql查询语句【SELECT * from tp_testcase where request_type = 'get'】
2020-04-16 10:52:19.541 |-INFO  [main] com.ai.api.support.database.JDBCOperatorImpl [145] -| SQL语句【SELECT * from tp_testcase where request_type = 'get'】返回的数据：[{request_type=get, case_groups=, case_name=tc01_testAddCase, uri=/testcase/add, update_date=2020-03-27 10:52:26.0, create_owner=李学军, param=null, is_valid=1, case_id=tc01, case_desc=验证测试用例添加, header=null, id=1, create_date=null}]
2020-04-16 10:52:19.545 |-INFO  [main] com.ai.api.support.database.JDBCOperatorImpl [151] -| 关闭JDBC的rs
2020-04-16 10:52:19.545 |-INFO  [main] com.ai.api.support.database.JDBCOperatorImpl [155] -| 关闭JDBCd stmt
2020-04-16 10:52:19.589 |-INFO  [main] com.ai.api.support.database.JDBCOperatorImpl [159] -| 释放dataSource
2020-04-16 10:52:19.589 |-INFO  [main] com.ai.api.support.database.JDBCOperatorImpl [52] -| 数据库表中字段【case_id】对应column值为：[tc01]
2020-04-16 10:52:19.593 |-INFO  [Thread-2] org.springframework.context.annotation.AnnotationConfigApplicationContext [991] -| Closing org.springframework.context.annotation.AnnotationConfigApplicationContext@67545b57: startup date [Thu Apr 16 10:52:15 CST 2020]; root of context hierarchy
2020-04-16 10:52:19.635 |-INFO  [Thread-2] com.alibaba.druid.pool.DruidDataSource [1948] -| {dataSource-1} closing ...
2020-04-16 10:52:19.643 |-INFO  [Thread-2] com.alibaba.druid.pool.DruidDataSource [2020] -| {dataSource-1} closed
2020-04-16 10:56:01.510 |-INFO  [main] com.ai.api.testsuite.TestSuite [50] -| Starting TestSuite on localhost with PID 34049 (/Users/macos/Desktop/OldFace/study/api-auto-test/target/classes started by macos in /Users/macos/Desktop/OldFace/study/api-auto-test)
2020-04-16 10:56:01.519 |-INFO  [main] com.ai.api.testsuite.TestSuite [654] -| No active profile set, falling back to default profiles: default
2020-04-16 10:56:01.557 |-INFO  [main] org.springframework.context.annotation.AnnotationConfigApplicationContext [588] -| Refreshing org.springframework.context.annotation.AnnotationConfigApplicationContext@74589991: startup date [Thu Apr 16 10:56:01 CST 2020]; root of context hierarchy
2020-04-16 10:56:02.527 |-INFO  [main] org.springframework.data.repository.config.RepositoryConfigurationDelegate [172] -| Multiple Spring Data modules found, entering strict repository configuration mode!
2020-04-16 10:56:03.044 |-INFO  [main] org.springframework.beans.factory.annotation.AutowiredAnnotationBeanPostProcessor [153] -| JSR-330 'javax.inject.Inject' annotation found and supported for autowiring
2020-04-16 10:56:03.335 |-INFO  [main] com.alibaba.druid.spring.boot.autoconfigure.DruidDataSourceAutoConfigure [56] -| Init DruidDataSource
2020-04-16 10:56:03.683 |-INFO  [main] com.alibaba.druid.pool.DruidDataSource [1003] -| {dataSource-1} inited
2020-04-16 10:56:03.752 |-INFO  [main] org.springframework.boot.test.context.SpringBootTestContextBootstrapper [308] -| Neither @ContextConfiguration nor @ContextHierarchy found for test class [com.ai.api.testsuite.TestSuite], using SpringBootContextLoader
2020-04-16 10:56:03.753 |-INFO  [main] org.springframework.test.context.support.AbstractContextLoader [264] -| Could not detect default resource locations for test class [com.ai.api.testsuite.TestSuite]: no resource found for suffixes {-context.xml, Context.groovy}.
2020-04-16 10:56:03.762 |-INFO  [main] org.springframework.boot.test.context.SpringBootTestContextBootstrapper [177] -| Using TestExecutionListeners: [org.springframework.test.context.support.DirtiesContextBeforeModesTestExecutionListener@2ca6546f, org.springframework.test.context.support.DependencyInjectionTestExecutionListener@43826ec, org.springframework.test.context.support.DirtiesContextTestExecutionListener@7923f5b3]
2020-04-16 10:56:05.143 |-INFO  [main] org.springframework.ui.freemarker.SpringTemplateLoader [62] -| SpringTemplateLoader for FreeMarker: using resource loader [org.springframework.context.annotation.AnnotationConfigApplicationContext@74589991: startup date [Thu Apr 16 10:56:01 CST 2020]; root of context hierarchy] and template loader path [classpath:/templates/]
2020-04-16 10:56:05.151 |-WARN  [main] org.springframework.boot.autoconfigure.freemarker.FreeMarkerAutoConfiguration [70] -| Cannot find template location(s): [classpath:/templates/] (please add some templates, check your FreeMarker configuration, or set spring.freemarker.checkTemplateLocation=false)
2020-04-16 10:56:05.437 |-INFO  [main] com.ai.api.testsuite.TestSuite [59] -| Started TestSuite in 5.046 seconds (JVM running for 7.374)
2020-04-16 10:56:05.749 |-INFO  [main] com.ai.api.support.database.JDBCOperatorImpl [61] -| 创建数据库statement连接
2020-04-16 10:56:05.793 |-INFO  [main] com.ai.api.support.database.JDBCOperatorImpl [74] -| 关闭JDBCd stmt
2020-04-16 10:56:05.816 |-INFO  [main] com.ai.api.support.database.JDBCOperatorImpl [78] -| 释放dataSource
2020-04-16 10:56:05.817 |-INFO  [main] com.ai.api.support.database.JDBCOperatorImpl [127] -| 创建数据库statement连接
2020-04-16 10:56:05.840 |-INFO  [main] com.ai.api.support.database.JDBCOperatorImpl [130] -| 执行sql查询语句【SELECT * from tp_testcase where request_type = 'get'】
2020-04-16 10:56:05.843 |-INFO  [main] com.ai.api.support.database.JDBCOperatorImpl [145] -| SQL语句【SELECT * from tp_testcase where request_type = 'get'】返回的数据：[{request_type=get, case_groups=, case_name=tc01_testAddCase, uri=/testcase/add, update_date=2020-03-27 10:52:26.0, create_owner=李学军, param=null, is_valid=1, case_id=tc01, case_desc=验证测试用例添加, header=null, id=1, create_date=null}]
2020-04-16 10:56:05.843 |-INFO  [main] com.ai.api.support.database.JDBCOperatorImpl [151] -| 关闭JDBC的rs
2020-04-16 10:56:05.844 |-INFO  [main] com.ai.api.support.database.JDBCOperatorImpl [155] -| 关闭JDBCd stmt
2020-04-16 10:56:05.873 |-INFO  [main] com.ai.api.support.database.JDBCOperatorImpl [159] -| 释放dataSource
2020-04-16 10:56:05.873 |-INFO  [main] com.ai.api.support.database.JDBCOperatorImpl [52] -| 数据库表中字段【case_id】对应column值为：[tc01]
2020-04-16 10:56:05.877 |-INFO  [Thread-2] org.springframework.context.annotation.AnnotationConfigApplicationContext [991] -| Closing org.springframework.context.annotation.AnnotationConfigApplicationContext@74589991: startup date [Thu Apr 16 10:56:01 CST 2020]; root of context hierarchy
2020-04-16 10:56:05.907 |-INFO  [Thread-2] com.alibaba.druid.pool.DruidDataSource [1948] -| {dataSource-1} closing ...
2020-04-16 10:56:05.911 |-INFO  [Thread-2] com.alibaba.druid.pool.DruidDataSource [2020] -| {dataSource-1} closed
2020-04-16 10:57:06.574 |-INFO  [main] com.ai.api.testsuite.TestSuite [50] -| Starting TestSuite on localhost with PID 34059 (/Users/macos/Desktop/OldFace/study/api-auto-test/target/classes started by macos in /Users/macos/Desktop/OldFace/study/api-auto-test)
2020-04-16 10:57:06.578 |-INFO  [main] com.ai.api.testsuite.TestSuite [654] -| No active profile set, falling back to default profiles: default
2020-04-16 10:57:06.618 |-INFO  [main] org.springframework.context.annotation.AnnotationConfigApplicationContext [588] -| Refreshing org.springframework.context.annotation.AnnotationConfigApplicationContext@6c2c1385: startup date [Thu Apr 16 10:57:06 CST 2020]; root of context hierarchy
2020-04-16 10:57:07.848 |-INFO  [main] org.springframework.data.repository.config.RepositoryConfigurationDelegate [172] -| Multiple Spring Data modules found, entering strict repository configuration mode!
2020-04-16 10:57:08.644 |-INFO  [main] org.springframework.beans.factory.annotation.AutowiredAnnotationBeanPostProcessor [153] -| JSR-330 'javax.inject.Inject' annotation found and supported for autowiring
2020-04-16 10:57:09.034 |-INFO  [main] com.alibaba.druid.spring.boot.autoconfigure.DruidDataSourceAutoConfigure [56] -| Init DruidDataSource
2020-04-16 10:57:09.489 |-INFO  [main] com.alibaba.druid.pool.DruidDataSource [1003] -| {dataSource-1} inited
2020-04-16 10:57:09.647 |-INFO  [main] org.springframework.boot.test.context.SpringBootTestContextBootstrapper [308] -| Neither @ContextConfiguration nor @ContextHierarchy found for test class [com.ai.api.testsuite.TestSuite], using SpringBootContextLoader
2020-04-16 10:57:09.649 |-INFO  [main] org.springframework.test.context.support.AbstractContextLoader [264] -| Could not detect default resource locations for test class [com.ai.api.testsuite.TestSuite]: no resource found for suffixes {-context.xml, Context.groovy}.
2020-04-16 10:57:09.677 |-INFO  [main] org.springframework.boot.test.context.SpringBootTestContextBootstrapper [177] -| Using TestExecutionListeners: [org.springframework.test.context.support.DirtiesContextBeforeModesTestExecutionListener@56da52a7, org.springframework.test.context.support.DependencyInjectionTestExecutionListener@23ee75c5, org.springframework.test.context.support.DirtiesContextTestExecutionListener@11a7ba62]
2020-04-16 10:57:11.520 |-INFO  [main] org.springframework.ui.freemarker.SpringTemplateLoader [62] -| SpringTemplateLoader for FreeMarker: using resource loader [org.springframework.context.annotation.AnnotationConfigApplicationContext@6c2c1385: startup date [Thu Apr 16 10:57:06 CST 2020]; root of context hierarchy] and template loader path [classpath:/templates/]
2020-04-16 10:57:11.531 |-WARN  [main] org.springframework.boot.autoconfigure.freemarker.FreeMarkerAutoConfiguration [70] -| Cannot find template location(s): [classpath:/templates/] (please add some templates, check your FreeMarker configuration, or set spring.freemarker.checkTemplateLocation=false)
2020-04-16 10:57:12.005 |-INFO  [main] com.ai.api.testsuite.TestSuite [59] -| Started TestSuite in 6.649 seconds (JVM running for 9.172)
2020-04-16 10:57:12.380 |-INFO  [main] com.ai.api.support.database.JDBCOperatorImpl [61] -| 创建数据库statement连接
2020-04-16 10:57:12.472 |-INFO  [main] com.ai.api.support.database.JDBCOperatorImpl [64] -| 执行sql语句[update tp_testcase set case_id = 'new' where request_type = 'get'],且该语句返回结果数为[1]
2020-04-16 10:57:12.474 |-INFO  [main] com.ai.api.support.database.JDBCOperatorImpl [66] -| 由于语句[update tp_testcase set case_id = 'new' where request_type = 'get']执行为结果为[1]
2020-04-16 10:57:12.478 |-INFO  [main] com.ai.api.support.database.JDBCOperatorImpl [74] -| 关闭JDBCd stmt
2020-04-16 10:57:12.495 |-INFO  [main] com.ai.api.support.database.JDBCOperatorImpl [78] -| 释放dataSource
2020-04-16 10:57:12.497 |-INFO  [main] com.ai.api.support.database.JDBCOperatorImpl [127] -| 创建数据库statement连接
2020-04-16 10:57:12.525 |-INFO  [main] com.ai.api.support.database.JDBCOperatorImpl [130] -| 执行sql查询语句【SELECT * from tp_testcase where request_type = 'get'】
2020-04-16 10:57:12.530 |-INFO  [main] com.ai.api.support.database.JDBCOperatorImpl [145] -| SQL语句【SELECT * from tp_testcase where request_type = 'get'】返回的数据：[{request_type=get, case_groups=, case_name=tc01_testAddCase, uri=/testcase/add, update_date=2020-03-27 10:52:26.0, create_owner=李学军, param=null, is_valid=1, case_id=new, case_desc=验证测试用例添加, header=null, id=1, create_date=null}]
2020-04-16 10:57:12.531 |-INFO  [main] com.ai.api.support.database.JDBCOperatorImpl [151] -| 关闭JDBC的rs
2020-04-16 10:57:12.531 |-INFO  [main] com.ai.api.support.database.JDBCOperatorImpl [155] -| 关闭JDBCd stmt
2020-04-16 10:57:12.553 |-INFO  [main] com.ai.api.support.database.JDBCOperatorImpl [159] -| 释放dataSource
2020-04-16 10:57:12.554 |-INFO  [main] com.ai.api.support.database.JDBCOperatorImpl [52] -| 数据库表中字段【case_id】对应column值为：[new]
2020-04-16 10:57:12.579 |-INFO  [Thread-2] org.springframework.context.annotation.AnnotationConfigApplicationContext [991] -| Closing org.springframework.context.annotation.AnnotationConfigApplicationContext@6c2c1385: startup date [Thu Apr 16 10:57:06 CST 2020]; root of context hierarchy
2020-04-16 10:57:12.639 |-INFO  [Thread-2] com.alibaba.druid.pool.DruidDataSource [1948] -| {dataSource-1} closing ...
2020-04-16 10:57:12.645 |-INFO  [Thread-2] com.alibaba.druid.pool.DruidDataSource [2020] -| {dataSource-1} closed
2020-04-16 10:58:37.954 |-INFO  [main] com.ai.api.testsuite.TestSuite [50] -| Starting TestSuite on localhost with PID 34066 (/Users/macos/Desktop/OldFace/study/api-auto-test/target/classes started by macos in /Users/macos/Desktop/OldFace/study/api-auto-test)
2020-04-16 10:58:37.957 |-INFO  [main] com.ai.api.testsuite.TestSuite [654] -| No active profile set, falling back to default profiles: default
2020-04-16 10:58:37.999 |-INFO  [main] org.springframework.context.annotation.AnnotationConfigApplicationContext [588] -| Refreshing org.springframework.context.annotation.AnnotationConfigApplicationContext@78641d23: startup date [Thu Apr 16 10:58:37 CST 2020]; root of context hierarchy
2020-04-16 10:58:38.869 |-INFO  [main] org.springframework.data.repository.config.RepositoryConfigurationDelegate [172] -| Multiple Spring Data modules found, entering strict repository configuration mode!
2020-04-16 10:58:39.385 |-INFO  [main] org.springframework.beans.factory.annotation.AutowiredAnnotationBeanPostProcessor [153] -| JSR-330 'javax.inject.Inject' annotation found and supported for autowiring
2020-04-16 10:58:39.727 |-INFO  [main] com.alibaba.druid.spring.boot.autoconfigure.DruidDataSourceAutoConfigure [56] -| Init DruidDataSource
2020-04-16 10:58:40.070 |-INFO  [main] com.alibaba.druid.pool.DruidDataSource [1003] -| {dataSource-1} inited
2020-04-16 10:58:40.154 |-INFO  [main] org.springframework.boot.test.context.SpringBootTestContextBootstrapper [308] -| Neither @ContextConfiguration nor @ContextHierarchy found for test class [com.ai.api.testsuite.TestSuite], using SpringBootContextLoader
2020-04-16 10:58:40.155 |-INFO  [main] org.springframework.test.context.support.AbstractContextLoader [264] -| Could not detect default resource locations for test class [com.ai.api.testsuite.TestSuite]: no resource found for suffixes {-context.xml, Context.groovy}.
2020-04-16 10:58:40.164 |-INFO  [main] org.springframework.boot.test.context.SpringBootTestContextBootstrapper [177] -| Using TestExecutionListeners: [org.springframework.test.context.support.DirtiesContextBeforeModesTestExecutionListener@2eb79cbe, org.springframework.test.context.support.DependencyInjectionTestExecutionListener@2ca6546f, org.springframework.test.context.support.DirtiesContextTestExecutionListener@43826ec]
2020-04-16 10:58:41.343 |-INFO  [main] org.springframework.ui.freemarker.SpringTemplateLoader [62] -| SpringTemplateLoader for FreeMarker: using resource loader [org.springframework.context.annotation.AnnotationConfigApplicationContext@78641d23: startup date [Thu Apr 16 10:58:37 CST 2020]; root of context hierarchy] and template loader path [classpath:/templates/]
2020-04-16 10:58:41.364 |-WARN  [main] org.springframework.boot.autoconfigure.freemarker.FreeMarkerAutoConfiguration [70] -| Cannot find template location(s): [classpath:/templates/] (please add some templates, check your FreeMarker configuration, or set spring.freemarker.checkTemplateLocation=false)
2020-04-16 10:58:41.711 |-INFO  [main] com.ai.api.testsuite.TestSuite [59] -| Started TestSuite in 4.828 seconds (JVM running for 6.887)
2020-04-16 10:58:42.025 |-INFO  [main] com.ai.api.support.database.JDBCOperatorImpl [61] -| 创建数据库statement连接
2020-04-16 10:58:42.048 |-INFO  [main] com.ai.api.support.database.JDBCOperatorImpl [64] -| 执行sql语句[update tp_testcase set case_id = 'neww' where request_type = 'get'],且该语句返回结果数为[1]
2020-04-16 10:58:42.048 |-INFO  [main] com.ai.api.support.database.JDBCOperatorImpl [66] -| 由于语句[update tp_testcase set case_id = 'neww' where request_type = 'get']执行为结果为[1]
2020-04-16 10:58:42.051 |-INFO  [main] com.ai.api.support.database.JDBCOperatorImpl [74] -| 关闭JDBCd stmt
2020-04-16 10:58:42.070 |-INFO  [main] com.ai.api.support.database.JDBCOperatorImpl [78] -| 释放dataSource
2020-04-16 10:58:42.071 |-INFO  [main] com.ai.api.support.database.JDBCOperatorImpl [127] -| 创建数据库statement连接
2020-04-16 10:58:42.099 |-INFO  [main] com.ai.api.support.database.JDBCOperatorImpl [130] -| 执行sql查询语句【SELECT * from tp_testcase where request_type = 'get'】
2020-04-16 10:58:42.104 |-INFO  [main] com.ai.api.support.database.JDBCOperatorImpl [145] -| SQL语句【SELECT * from tp_testcase where request_type = 'get'】返回的数据：[{request_type=get, case_groups=, case_name=tc01_testAddCase, uri=/testcase/add, update_date=2020-03-27 10:52:26.0, create_owner=李学军, param=null, is_valid=1, case_id=neww, case_desc=验证测试用例添加, header=null, id=1, create_date=null}]
2020-04-16 10:58:42.105 |-INFO  [main] com.ai.api.support.database.JDBCOperatorImpl [151] -| 关闭JDBC的rs
2020-04-16 10:58:42.105 |-INFO  [main] com.ai.api.support.database.JDBCOperatorImpl [155] -| 关闭JDBCd stmt
2020-04-16 10:58:42.121 |-INFO  [main] com.ai.api.support.database.JDBCOperatorImpl [159] -| 释放dataSource
2020-04-16 10:58:42.121 |-INFO  [main] com.ai.api.support.database.JDBCOperatorImpl [52] -| 数据库表中字段【case_id】对应column值为：[neww]
2020-04-16 10:58:42.122 |-INFO  [main] com.ai.api.support.database.JDBCOperatorImpl [89] -| 创建数据库statement连接
2020-04-16 10:58:42.140 |-INFO  [main] com.ai.api.support.database.JDBCOperatorImpl [92] -| 执行sql语句[delete from tp_testcase where case_id = 'neww' and request_type = 'get'],且该语句返回结果为[false]
2020-04-16 10:58:42.140 |-INFO  [main] com.ai.api.support.database.JDBCOperatorImpl [94] -| 由于语句[delete from tp_testcase where case_id = 'neww' and request_type = 'get']执行为结果为[false],所以返回false代表更新数
2020-04-16 10:58:42.141 |-INFO  [main] com.ai.api.support.database.JDBCOperatorImpl [102] -| 关闭JDBCd stmt
2020-04-16 10:58:42.155 |-INFO  [main] com.ai.api.support.database.JDBCOperatorImpl [106] -| 释放dataSource
2020-04-16 10:58:42.165 |-INFO  [Thread-2] org.springframework.context.annotation.AnnotationConfigApplicationContext [991] -| Closing org.springframework.context.annotation.AnnotationConfigApplicationContext@78641d23: startup date [Thu Apr 16 10:58:37 CST 2020]; root of context hierarchy
2020-04-16 10:58:42.199 |-INFO  [Thread-2] com.alibaba.druid.pool.DruidDataSource [1948] -| {dataSource-1} closing ...
2020-04-16 10:58:42.205 |-INFO  [Thread-2] com.alibaba.druid.pool.DruidDataSource [2020] -| {dataSource-1} closed
2020-04-16 11:02:10.782 |-INFO  [main] com.ai.api.testsuite.TestSuite [50] -| Starting TestSuite on localhost with PID 34081 (/Users/macos/Desktop/OldFace/study/api-auto-test/target/classes started by macos in /Users/macos/Desktop/OldFace/study/api-auto-test)
2020-04-16 11:02:10.822 |-INFO  [main] com.ai.api.testsuite.TestSuite [654] -| No active profile set, falling back to default profiles: default
2020-04-16 11:02:10.962 |-INFO  [main] org.springframework.context.annotation.AnnotationConfigApplicationContext [588] -| Refreshing org.springframework.context.annotation.AnnotationConfigApplicationContext@67545b57: startup date [Thu Apr 16 11:02:10 CST 2020]; root of context hierarchy
2020-04-16 11:02:12.214 |-INFO  [main] org.springframework.data.repository.config.RepositoryConfigurationDelegate [172] -| Multiple Spring Data modules found, entering strict repository configuration mode!
2020-04-16 11:02:12.860 |-INFO  [main] org.springframework.beans.factory.annotation.AutowiredAnnotationBeanPostProcessor [153] -| JSR-330 'javax.inject.Inject' annotation found and supported for autowiring
2020-04-16 11:02:13.169 |-INFO  [main] com.alibaba.druid.spring.boot.autoconfigure.DruidDataSourceAutoConfigure [56] -| Init DruidDataSource
2020-04-16 11:02:13.553 |-INFO  [main] com.alibaba.druid.pool.DruidDataSource [1003] -| {dataSource-1} inited
2020-04-16 11:02:13.613 |-INFO  [main] org.springframework.boot.test.context.SpringBootTestContextBootstrapper [308] -| Neither @ContextConfiguration nor @ContextHierarchy found for test class [com.ai.api.testsuite.TestSuite], using SpringBootContextLoader
2020-04-16 11:02:13.614 |-INFO  [main] org.springframework.test.context.support.AbstractContextLoader [264] -| Could not detect default resource locations for test class [com.ai.api.testsuite.TestSuite]: no resource found for suffixes {-context.xml, Context.groovy}.
2020-04-16 11:02:13.628 |-INFO  [main] org.springframework.boot.test.context.SpringBootTestContextBootstrapper [177] -| Using TestExecutionListeners: [org.springframework.test.context.support.DirtiesContextBeforeModesTestExecutionListener@65cc8228, org.springframework.test.context.support.DependencyInjectionTestExecutionListener@53093491, org.springframework.test.context.support.DirtiesContextTestExecutionListener@21719a0]
2020-04-16 11:02:15.191 |-INFO  [main] org.springframework.ui.freemarker.SpringTemplateLoader [62] -| SpringTemplateLoader for FreeMarker: using resource loader [org.springframework.context.annotation.AnnotationConfigApplicationContext@67545b57: startup date [Thu Apr 16 11:02:10 CST 2020]; root of context hierarchy] and template loader path [classpath:/templates/]
2020-04-16 11:02:15.199 |-WARN  [main] org.springframework.boot.autoconfigure.freemarker.FreeMarkerAutoConfiguration [70] -| Cannot find template location(s): [classpath:/templates/] (please add some templates, check your FreeMarker configuration, or set spring.freemarker.checkTemplateLocation=false)
2020-04-16 11:02:15.550 |-INFO  [main] com.ai.api.testsuite.TestSuite [59] -| Started TestSuite in 5.965 seconds (JVM running for 8.733)
2020-04-16 11:02:15.844 |-INFO  [main] com.ai.api.support.database.JDBCOperatorImpl [89] -| 创建数据库statement连接
2020-04-16 11:02:15.860 |-INFO  [main] com.ai.api.support.database.JDBCOperatorImpl [92] -| 执行sql语句[delete from tp_testcase where case_id = 'tc_002222'],且该语句返回结果为[false]
2020-04-16 11:02:15.863 |-INFO  [main] com.ai.api.support.database.JDBCOperatorImpl [102] -| 关闭JDBCd stmt
2020-04-16 11:02:15.879 |-INFO  [main] com.ai.api.support.database.JDBCOperatorImpl [106] -| 释放dataSource
2020-04-16 11:02:15.913 |-INFO  [Thread-2] org.springframework.context.annotation.AnnotationConfigApplicationContext [991] -| Closing org.springframework.context.annotation.AnnotationConfigApplicationContext@67545b57: startup date [Thu Apr 16 11:02:10 CST 2020]; root of context hierarchy
2020-04-16 11:02:15.952 |-INFO  [Thread-2] com.alibaba.druid.pool.DruidDataSource [1948] -| {dataSource-1} closing ...
2020-04-16 11:02:15.973 |-INFO  [Thread-2] com.alibaba.druid.pool.DruidDataSource [2020] -| {dataSource-1} closed
2020-04-16 11:05:25.383 |-INFO  [main] com.ai.api.testsuite.TestSuite [50] -| Starting TestSuite on localhost with PID 34092 (/Users/macos/Desktop/OldFace/study/api-auto-test/target/classes started by macos in /Users/macos/Desktop/OldFace/study/api-auto-test)
2020-04-16 11:05:25.388 |-INFO  [main] com.ai.api.testsuite.TestSuite [654] -| No active profile set, falling back to default profiles: default
2020-04-16 11:05:25.441 |-INFO  [main] org.springframework.context.annotation.AnnotationConfigApplicationContext [588] -| Refreshing org.springframework.context.annotation.AnnotationConfigApplicationContext@6c2c1385: startup date [Thu Apr 16 11:05:25 CST 2020]; root of context hierarchy
2020-04-16 11:05:26.336 |-INFO  [main] org.springframework.data.repository.config.RepositoryConfigurationDelegate [172] -| Multiple Spring Data modules found, entering strict repository configuration mode!
2020-04-16 11:05:26.790 |-INFO  [main] org.springframework.beans.factory.annotation.AutowiredAnnotationBeanPostProcessor [153] -| JSR-330 'javax.inject.Inject' annotation found and supported for autowiring
2020-04-16 11:05:27.102 |-INFO  [main] com.alibaba.druid.spring.boot.autoconfigure.DruidDataSourceAutoConfigure [56] -| Init DruidDataSource
2020-04-16 11:05:27.414 |-INFO  [main] com.alibaba.druid.pool.DruidDataSource [1003] -| {dataSource-1} inited
2020-04-16 11:05:27.496 |-INFO  [main] org.springframework.boot.test.context.SpringBootTestContextBootstrapper [308] -| Neither @ContextConfiguration nor @ContextHierarchy found for test class [com.ai.api.testsuite.TestSuite], using SpringBootContextLoader
2020-04-16 11:05:27.498 |-INFO  [main] org.springframework.test.context.support.AbstractContextLoader [264] -| Could not detect default resource locations for test class [com.ai.api.testsuite.TestSuite]: no resource found for suffixes {-context.xml, Context.groovy}.
2020-04-16 11:05:27.511 |-INFO  [main] org.springframework.boot.test.context.SpringBootTestContextBootstrapper [177] -| Using TestExecutionListeners: [org.springframework.test.context.support.DirtiesContextBeforeModesTestExecutionListener@aa10649, org.springframework.test.context.support.DependencyInjectionTestExecutionListener@6b3871d6, org.springframework.test.context.support.DirtiesContextTestExecutionListener@37095ded]
2020-04-16 11:05:29.125 |-INFO  [main] org.springframework.ui.freemarker.SpringTemplateLoader [62] -| SpringTemplateLoader for FreeMarker: using resource loader [org.springframework.context.annotation.AnnotationConfigApplicationContext@6c2c1385: startup date [Thu Apr 16 11:05:25 CST 2020]; root of context hierarchy] and template loader path [classpath:/templates/]
2020-04-16 11:05:29.135 |-WARN  [main] org.springframework.boot.autoconfigure.freemarker.FreeMarkerAutoConfiguration [70] -| Cannot find template location(s): [classpath:/templates/] (please add some templates, check your FreeMarker configuration, or set spring.freemarker.checkTemplateLocation=false)
2020-04-16 11:05:29.432 |-INFO  [main] com.ai.api.testsuite.TestSuite [59] -| Started TestSuite in 5.238 seconds (JVM running for 8.039)
2020-04-16 11:05:29.693 |-INFO  [main] com.ai.api.support.database.JDBCOperatorImpl [89] -| 创建数据库statement连接
2020-04-16 11:05:29.709 |-INFO  [main] com.ai.api.support.database.JDBCOperatorImpl [92] -| 执行sql语句[delete from tp_testcase where case_id = 'tc55555'],且该语句返回结果为[false]
2020-04-16 11:05:29.709 |-INFO  [main] com.ai.api.support.database.JDBCOperatorImpl [94] -| 由于语句[delete from tp_testcase where case_id = 'tc55555']执行为结果为[false],返回结果为false就是删除成功
2020-04-16 11:05:29.712 |-INFO  [main] com.ai.api.support.database.JDBCOperatorImpl [102] -| 关闭JDBCd stmt
2020-04-16 11:05:29.729 |-INFO  [main] com.ai.api.support.database.JDBCOperatorImpl [106] -| 释放dataSource
2020-04-16 11:05:29.753 |-INFO  [Thread-2] org.springframework.context.annotation.AnnotationConfigApplicationContext [991] -| Closing org.springframework.context.annotation.AnnotationConfigApplicationContext@6c2c1385: startup date [Thu Apr 16 11:05:25 CST 2020]; root of context hierarchy
2020-04-16 11:05:29.786 |-INFO  [Thread-2] com.alibaba.druid.pool.DruidDataSource [1948] -| {dataSource-1} closing ...
2020-04-16 11:05:29.796 |-INFO  [Thread-2] com.alibaba.druid.pool.DruidDataSource [2020] -| {dataSource-1} closed
